#
# There is insufficient memory for the Java Runtime Environment to continue.
# Native memory allocation (malloc) failed to allocate 396016 bytes. Error detail: Chunk::new
# Possible reasons:
#   The system is out of physical RAM or swap space
#   This process is running with CompressedOops enabled, and the Java Heap may be blocking the growth of the native heap
# Possible solutions:
#   Reduce memory load on the system
#   Increase physical memory or swap space
#   Check if swap backing store is full
#   Decrease Java heap size (-Xmx/-Xms)
#   Decrease number of Java threads
#   Decrease Java thread stack sizes (-Xss)
#   Set larger code cache with -XX:ReservedCodeCacheSize=
#   JVM is running with Unscaled Compressed Oops mode in which the Java heap is
#     placed in the first 4GB address space. The Java Heap base address is the
#     maximum limit for the native heap growth. Please use -XX:HeapBaseMinAddress
#     to set the Java Heap base and to place the Java Heap above 4GB virtual address.
# This output file may be truncated or incomplete.
#
#  Out of Memory Error (arena.cpp:168), pid=14340, tid=9860
#
# JRE version: OpenJDK Runtime Environment Temurin-21.0.10+7 (21.0.10+7) (build 21.0.10+7-LTS)
# Java VM: OpenJDK 64-Bit Server VM Temurin-21.0.10+7 (21.0.10+7-LTS, mixed mode, sharing, tiered, compressed oops, compressed class ptrs, parallel gc, windows-amd64)
# No core dump will be written. Minidumps are not enabled by default on client versions of Windows
#

---------------  S U M M A R Y ------------

Command Line: --add-modules=ALL-SYSTEM --add-opens=java.base/java.util=ALL-UNNAMED --add-opens=java.base/java.lang=ALL-UNNAMED --add-opens=java.base/sun.nio.fs=ALL-UNNAMED -Declipse.application=org.eclipse.jdt.ls.core.id1 -Dosgi.bundles.defaultStartLevel=4 -Declipse.product=org.eclipse.jdt.ls.core.product -Djava.import.generatesMetadataFilesAtProjectRoot=false -DDetectVMInstallationsJob.disabled=true -Dfile.encoding=utf8 -XX:+UseParallelGC -XX:GCTimeRatio=4 -XX:AdaptiveSizePolicyWeight=90 -Dsun.zip.disableMemoryMapping=true -Xmx2G -Xms100m -Xlog:disable -javaagent:c:\Users\MSII\.vscode\extensions\redhat.java-1.54.0-win32-x64\lombok\lombok-1.18.39-4050.jar -XX:+HeapDumpOnOutOfMemoryError -XX:HeapDumpPath=c:\Users\MSII\AppData\Roaming\Code\User\workspaceStorage\41f71686529a171f14a72201e03ca8f4\redhat.java -Daether.dependencyCollector.impl=bf c:\Users\MSII\.vscode\extensions\redhat.java-1.54.0-win32-x64\server\plugins\org.eclipse.equinox.launcher_1.7.100.v20251111-0406.jar -configuration c:\Users\MSII\AppData\Roaming\Code\User\globalStorage\redhat.java\1.54.0\config_win -data c:\Users\MSII\AppData\Roaming\Code\User\workspaceStorage\41f71686529a171f14a72201e03ca8f4\redhat.java\jdt_ws --pipe=\\.\pipe\lsp-7f178bdbb6fc46b055963a0b88cbb652-sock

Host: 12th Gen Intel(R) Core(TM) i5-12450H, 12 cores, 15G,  Windows 11 , 64 bit Build 26100 (10.0.26100.8328)
Time: Sun May 17 21:13:35 2026 SE Asia Standard Time elapsed time: 57.471961 seconds (0d 0h 0m 57s)

---------------  T H R E A D  ---------------

Current thread (0x000001daec06e050):  JavaThread "C2 CompilerThread0" daemon [_thread_in_native, id=9860, stack(0x000000c2b5c00000,0x000000c2b5d00000) (1024K)]


Current CompileTask:
C2:57472 8070   !   4       java.io.ObjectStreamClass::readNonProxy (395 bytes)

Stack: [0x000000c2b5c00000,0x000000c2b5d00000]
Native frames: (J=compiled Java code, j=interpreted, Vv=VM code, C=native code)
V  [jvm.dll+0x6d7a39]
V  [jvm.dll+0x8b4b26]
V  [jvm.dll+0x8b70de]
V  [jvm.dll+0x8b77c3]
V  [jvm.dll+0x284346]
V  [jvm.dll+0xc66ed]
V  [jvm.dll+0xc6c31]
V  [jvm.dll+0x3bec3b]
V  [jvm.dll+0x1e3f69]
V  [jvm.dll+0x24c6b3]
V  [jvm.dll+0x24bb40]
V  [jvm.dll+0x1cb34e]
V  [jvm.dll+0x25b85d]
V  [jvm.dll+0x259dea]
V  [jvm.dll+0x3f857e]
V  [jvm.dll+0x85f59d]
V  [jvm.dll+0x6d626d]
C  [ucrtbase.dll+0x37b0]
C  [KERNEL32.DLL+0x2e957]
C  [ntdll.dll+0x427c]


---------------  P R O C E S S  ---------------

Threads class SMR info:
_java_thread_list=0x000001dacf4a0780, length=73, elements={
0x000001dae9c0ac80, 0x000001daec063400, 0x000001daec063f60, 0x000001daec066a20,
0x000001daec069d40, 0x000001daec06c7b0, 0x000001daec06d210, 0x000001daec06e050,
0x000001dac5087180, 0x000001dac52284a0, 0x000001dac533d990, 0x000001daca407010,
0x000001daca124cc0, 0x000001daca3c6c30, 0x000001daca35c8b0, 0x000001daca832720,
0x000001dacaef4060, 0x000001dacaab0250, 0x000001daca4f1b50, 0x000001daca4f0110,
0x000001daca4efa80, 0x000001daca4ee6d0, 0x000001daca4f07a0, 0x000001daca4f14c0,
0x000001daca4eed60, 0x000001daca4ef3f0, 0x000001dacce23e50, 0x000001dacce237c0,
0x000001dacce244e0, 0x000001dacce21060, 0x000001dacce216f0, 0x000001dacce21d80,
0x000001dacce22410, 0x000001dacce22aa0, 0x000001dacce23130, 0x000001daccda7f60,
0x000001daccda8c80, 0x000001daccda9310, 0x000001daccda85f0, 0x000001daccdaa030,
0x000001daccdaad50, 0x000001daccdaa6c0, 0x000001daccdab3e0, 0x000001daccdf05f0,
0x000001daccdf19a0, 0x000001daccdeff60, 0x000001daccdf2030, 0x000001daccdf2d50,
0x000001daccdf0c80, 0x000001daccdf6ef0, 0x000001daccdf4e20, 0x000001daccdf26c0,
0x000001daccdf54b0, 0x000001daccdf33e0, 0x000001daccdf4100, 0x000001daccdf6860,
0x000001dacbc23750, 0x000001dacbc21d10, 0x000001dacbc24b00, 0x000001dacbc223a0,
0x000001dacbc23de0, 0x000001dacbc25eb0, 0x000001dacbc24470, 0x000001dacbc25820,
0x000001dacbc22a30, 0x000001dacbc26540, 0x000001dacbc230c0, 0x000001dacbc29330,
0x000001dacbc26bd0, 0x000001dacbc28610, 0x000001dacbc28ca0, 0x000001dacbc27260,
0x000001dacbc278f0
}

Java Threads: ( => current thread )
  0x000001dae9c0ac80 JavaThread "main"                              [_thread_blocked, id=25552, stack(0x000000c2b5200000,0x000000c2b5300000) (1024K)]
  0x000001daec063400 JavaThread "Reference Handler"          daemon [_thread_blocked, id=31720, stack(0x000000c2b5600000,0x000000c2b5700000) (1024K)]
  0x000001daec063f60 JavaThread "Finalizer"                  daemon [_thread_blocked, id=5080, stack(0x000000c2b5700000,0x000000c2b5800000) (1024K)]
  0x000001daec066a20 JavaThread "Signal Dispatcher"          daemon [_thread_blocked, id=34660, stack(0x000000c2b5800000,0x000000c2b5900000) (1024K)]
  0x000001daec069d40 JavaThread "Attach Listener"            daemon [_thread_blocked, id=11688, stack(0x000000c2b5900000,0x000000c2b5a00000) (1024K)]
  0x000001daec06c7b0 JavaThread "Service Thread"             daemon [_thread_blocked, id=16340, stack(0x000000c2b5a00000,0x000000c2b5b00000) (1024K)]
  0x000001daec06d210 JavaThread "Monitor Deflation Thread"   daemon [_thread_blocked, id=29936, stack(0x000000c2b5b00000,0x000000c2b5c00000) (1024K)]
=>0x000001daec06e050 JavaThread "C2 CompilerThread0"         daemon [_thread_in_native, id=9860, stack(0x000000c2b5c00000,0x000000c2b5d00000) (1024K)]
  0x000001dac5087180 JavaThread "C1 CompilerThread0"         daemon [_thread_blocked, id=22568, stack(0x000000c2b5d00000,0x000000c2b5e00000) (1024K)]
  0x000001dac52284a0 JavaThread "Common-Cleaner"             daemon [_thread_blocked, id=3436, stack(0x000000c2b5f00000,0x000000c2b6000000) (1024K)]
  0x000001dac533d990 JavaThread "Notification Thread"        daemon [_thread_blocked, id=28400, stack(0x000000c2b5e00000,0x000000c2b5f00000) (1024K)]
  0x000001daca407010 JavaThread "Active Thread: Equinox Container: fcf0f420-cefd-4100-b26b-041ce0b1de3e"        [_thread_blocked, id=17864, stack(0x000000c2b6600000,0x000000c2b6700000) (1024K)]
  0x000001daca124cc0 JavaThread "Refresh Thread: Equinox Container: fcf0f420-cefd-4100-b26b-041ce0b1de3e" daemon [_thread_blocked, id=32672, stack(0x000000c2b6800000,0x000000c2b6900000) (1024K)]
  0x000001daca3c6c30 JavaThread "Framework Event Dispatcher: Equinox Container: fcf0f420-cefd-4100-b26b-041ce0b1de3e" daemon [_thread_blocked, id=1252, stack(0x000000c2b6900000,0x000000c2b6a00000) (1024K)]
  0x000001daca35c8b0 JavaThread "Start Level: Equinox Container: fcf0f420-cefd-4100-b26b-041ce0b1de3e" daemon [_thread_blocked, id=13464, stack(0x000000c2b6a00000,0x000000c2b6b00000) (1024K)]
  0x000001daca832720 JavaThread "Bundle File Closer"         daemon [_thread_blocked, id=19588, stack(0x000000c2b6f00000,0x000000c2b7000000) (1024K)]
  0x000001dacaef4060 JavaThread "SCR Component Actor"        daemon [_thread_blocked, id=22592, stack(0x000000c2b6b00000,0x000000c2b6c00000) (1024K)]
  0x000001dacaab0250 JavaThread "Worker-JM"                         [_thread_blocked, id=6776, stack(0x000000c2b7000000,0x000000c2b7100000) (1024K)]
  0x000001daca4f1b50 JavaThread "JNA Cleaner"                daemon [_thread_blocked, id=14276, stack(0x000000c2b6c00000,0x000000c2b6d00000) (1024K)]
  0x000001daca4f0110 JavaThread "Worker-0: Initialize Workspace"        [_thread_blocked, id=23072, stack(0x000000c2b7100000,0x000000c2b7200000) (1024K)]
  0x000001daca4efa80 JavaThread "Worker-1"                          [_thread_blocked, id=29048, stack(0x000000c2b7300000,0x000000c2b7400000) (1024K)]
  0x000001daca4ee6d0 JavaThread "Java indexing"              daemon [_thread_blocked, id=16204, stack(0x000000c2b7500000,0x000000c2b7600000) (1024K)]
  0x000001daca4f07a0 JavaThread "Worker-2: Synchronize Gradle projects with workspace"        [_thread_blocked, id=33536, stack(0x000000c2b7600000,0x000000c2b7700000) (1024K)]
  0x000001daca4f14c0 JavaThread "Worker-3"                          [_thread_blocked, id=22480, stack(0x000000c2b7700000,0x000000c2b7800000) (1024K)]
  0x000001daca4eed60 JavaThread "Worker-4: Synchronize Gradle projects with workspace"        [_thread_blocked, id=33620, stack(0x000000c2b7a00000,0x000000c2b7b00000) (1024K)]
  0x000001daca4ef3f0 JavaThread "Worker-5: Synchronize Gradle projects with workspace"        [_thread_blocked, id=13516, stack(0x000000c2b7b00000,0x000000c2b7c00000) (1024K)]
  0x000001dacce23e50 JavaThread "Thread-1"                   daemon [_thread_in_native, id=27408, stack(0x000000c2b7c00000,0x000000c2b7d00000) (1024K)]
  0x000001dacce237c0 JavaThread "Thread-2"                   daemon [_thread_in_native, id=24684, stack(0x000000c2b7d00000,0x000000c2b7e00000) (1024K)]
  0x000001dacce244e0 JavaThread "Thread-3"                   daemon [_thread_in_native, id=26472, stack(0x000000c2b7e00000,0x000000c2b7f00000) (1024K)]
  0x000001dacce21060 JavaThread "Thread-4"                   daemon [_thread_in_native, id=34040, stack(0x000000c2b7f00000,0x000000c2b8000000) (1024K)]
  0x000001dacce216f0 JavaThread "Thread-5"                   daemon [_thread_in_native, id=16436, stack(0x000000c2b8000000,0x000000c2b8100000) (1024K)]
  0x000001dacce21d80 JavaThread "Thread-6"                   daemon [_thread_in_native, id=9908, stack(0x000000c2b8100000,0x000000c2b8200000) (1024K)]
  0x000001dacce22410 JavaThread "Thread-7"                   daemon [_thread_in_native, id=32712, stack(0x000000c2b8200000,0x000000c2b8300000) (1024K)]
  0x000001dacce22aa0 JavaThread "Thread-8"                   daemon [_thread_in_native, id=12604, stack(0x000000c2b8300000,0x000000c2b8400000) (1024K)]
  0x000001dacce23130 JavaThread "Thread-9"                   daemon [_thread_in_native, id=4376, stack(0x000000c2b8400000,0x000000c2b8500000) (1024K)]
  0x000001daccda7f60 JavaThread "Thread-10"                  daemon [_thread_in_native, id=14772, stack(0x000000c2b8500000,0x000000c2b8600000) (1024K)]
  0x000001daccda8c80 JavaThread "Thread-11"                  daemon [_thread_in_native, id=33488, stack(0x000000c2b8600000,0x000000c2b8700000) (1024K)]
  0x000001daccda9310 JavaThread "Thread-12"                  daemon [_thread_in_native, id=34788, stack(0x000000c2b8700000,0x000000c2b8800000) (1024K)]
  0x000001daccda85f0 JavaThread "Thread-13"                  daemon [_thread_in_native, id=30788, stack(0x000000c2b8800000,0x000000c2b8900000) (1024K)]
  0x000001daccdaa030 JavaThread "pool-2-thread-1"                   [_thread_blocked, id=23364, stack(0x000000c2b8900000,0x000000c2b8a00000) (1024K)]
  0x000001daccdaad50 JavaThread "Worker-6"                          [_thread_blocked, id=23696, stack(0x000000c2b8a00000,0x000000c2b8b00000) (1024K)]
  0x000001daccdaa6c0 JavaThread "Timer-1"                           [_thread_blocked, id=7632, stack(0x000000c2b8b00000,0x000000c2b8c00000) (1024K)]
  0x000001daccdab3e0 JavaThread "Timer-2"                           [_thread_blocked, id=22248, stack(0x000000c2b8c00000,0x000000c2b8d00000) (1024K)]
  0x000001daccdf05f0 JavaThread "Timer-0"                           [_thread_blocked, id=17440, stack(0x000000c2b8d00000,0x000000c2b8e00000) (1024K)]
  0x000001daccdf19a0 JavaThread "Timer-3"                           [_thread_blocked, id=6472, stack(0x000000c2b8e00000,0x000000c2b8f00000) (1024K)]
  0x000001daccdeff60 JavaThread "Timer-4"                           [_thread_blocked, id=34292, stack(0x000000c2b8f00000,0x000000c2b9000000) (1024K)]
  0x000001daccdf2030 JavaThread "Timer-5"                           [_thread_blocked, id=23668, stack(0x000000c2b9000000,0x000000c2b9100000) (1024K)]
  0x000001daccdf2d50 JavaThread "WorkspaceEventsHandler"            [_thread_blocked, id=33724, stack(0x000000c2b9400000,0x000000c2b9500000) (1024K)]
  0x000001daccdf0c80 JavaThread "pool-1-thread-1"                   [_thread_blocked, id=31332, stack(0x000000c2b9500000,0x000000c2b9600000) (1024K)]
  0x000001daccdf6ef0 JavaThread "ProjectImportProgressReporter" daemon [_thread_blocked, id=16516, stack(0x000000c2b7400000,0x000000c2b7500000) (1024K)]
  0x000001daccdf4e20 JavaThread "Timer-6"                           [_thread_blocked, id=30584, stack(0x000000c2b9600000,0x000000c2b9700000) (1024K)]
  0x000001daccdf26c0 JavaThread "Timer-7"                           [_thread_blocked, id=5224, stack(0x000000c2b9100000,0x000000c2b9200000) (1024K)]
  0x000001daccdf54b0 JavaThread "Timer-8"                           [_thread_blocked, id=29640, stack(0x000000c2b9200000,0x000000c2b9300000) (1024K)]
  0x000001daccdf33e0 JavaThread "Timer-9"                           [_thread_blocked, id=15476, stack(0x000000c2b9300000,0x000000c2b9400000) (1024K)]
  0x000001daccdf4100 JavaThread "Timer-10"                          [_thread_blocked, id=27852, stack(0x000000c2b7200000,0x000000c2b7300000) (1024K)]
  0x000001daccdf6860 JavaThread "Timer-11"                          [_thread_blocked, id=19116, stack(0x000000c2b9700000,0x000000c2b9800000) (1024K)]
  0x000001dacbc23750 JavaThread "Timer-12"                          [_thread_blocked, id=30372, stack(0x000000c2b9800000,0x000000c2b9900000) (1024K)]
  0x000001dacbc21d10 JavaThread "Timer-13"                          [_thread_blocked, id=34664, stack(0x000000c2b9900000,0x000000c2b9a00000) (1024K)]
  0x000001dacbc24b00 JavaThread "Exec process"                      [_thread_blocked, id=28016, stack(0x000000c2b9d00000,0x000000c2b9e00000) (1024K)]
  0x000001dacbc223a0 JavaThread "Exec process Thread 2"             [_thread_blocked, id=13332, stack(0x000000c2b9e00000,0x000000c2b9f00000) (1024K)]
  0x000001dacbc23de0 JavaThread "Exec process Thread 3"             [_thread_blocked, id=29068, stack(0x000000c2b9f00000,0x000000c2ba000000) (1024K)]
  0x000001dacbc25eb0 JavaThread "Timer-14"                          [_thread_blocked, id=5408, stack(0x000000c2b9a00000,0x000000c2b9b00000) (1024K)]
  0x000001dacbc24470 JavaThread "Timer-15"                          [_thread_blocked, id=30188, stack(0x000000c2b9c00000,0x000000c2b9d00000) (1024K)]
  0x000001dacbc25820 JavaThread "Timer-16"                          [_thread_blocked, id=29552, stack(0x000000c2ba000000,0x000000c2ba100000) (1024K)]
  0x000001dacbc22a30 JavaThread "Timer-17"                          [_thread_blocked, id=27412, stack(0x000000c2ba100000,0x000000c2ba200000) (1024K)]
  0x000001dacbc26540 JavaThread "Timer-18"                          [_thread_blocked, id=3476, stack(0x000000c2ba200000,0x000000c2ba300000) (1024K)]
  0x000001dacbc230c0 JavaThread "Timer-19"                          [_thread_blocked, id=34508, stack(0x000000c2ba300000,0x000000c2ba400000) (1024K)]
  0x000001dacbc29330 JavaThread "Timer-20"                          [_thread_blocked, id=27900, stack(0x000000c2ba400000,0x000000c2ba500000) (1024K)]
  0x000001dacbc26bd0 JavaThread "Timer-21"                          [_thread_blocked, id=23168, stack(0x000000c2ba500000,0x000000c2ba600000) (1024K)]
  0x000001dacbc28610 JavaThread "Timer-22"                          [_thread_blocked, id=24496, stack(0x000000c2ba600000,0x000000c2ba700000) (1024K)]
  0x000001dacbc28ca0 JavaThread "Timer-23"                          [_thread_blocked, id=33808, stack(0x000000c2ba700000,0x000000c2ba800000) (1024K)]
  0x000001dacbc27260 JavaThread "Connection worker"                 [_thread_in_native, id=21720, stack(0x000000c2ba800000,0x000000c2ba900000) (1024K)]
  0x000001dacbc278f0 JavaThread "pool-5-thread-1"                   [_thread_blocked, id=2844, stack(0x000000c2ba900000,0x000000c2baa00000) (1024K)]
Total: 73

Other Threads:
  0x000001daec05e910 VMThread "VM Thread"                           [id=24248, stack(0x000000c2b5500000,0x000000c2b5600000) (1024K)]
  0x000001dafe94ca10 WatcherThread "VM Periodic Task Thread"        [id=13784, stack(0x000000c2b5400000,0x000000c2b5500000) (1024K)]
  0x000001daebfdb8c0 WorkerThread "GC Thread#0"                     [id=15448, stack(0x000000c2b5300000,0x000000c2b5400000) (1024K)]
  0x000001daca766bb0 WorkerThread "GC Thread#1"                     [id=12024, stack(0x000000c2b6000000,0x000000c2b6100000) (1024K)]
  0x000001daca766f60 WorkerThread "GC Thread#2"                     [id=12208, stack(0x000000c2b6100000,0x000000c2b6200000) (1024K)]
  0x000001daca767310 WorkerThread "GC Thread#3"                     [id=30760, stack(0x000000c2b6200000,0x000000c2b6300000) (1024K)]
  0x000001daca723c50 WorkerThread "GC Thread#4"                     [id=20828, stack(0x000000c2b6300000,0x000000c2b6400000) (1024K)]
  0x000001daca724000 WorkerThread "GC Thread#5"                     [id=16164, stack(0x000000c2b6400000,0x000000c2b6500000) (1024K)]
  0x000001daca7243b0 WorkerThread "GC Thread#6"                     [id=27640, stack(0x000000c2b6500000,0x000000c2b6600000) (1024K)]
  0x000001daca56e750 WorkerThread "GC Thread#7"                     [id=32924, stack(0x000000c2b6700000,0x000000c2b6800000) (1024K)]
  0x000001dacaaacac0 WorkerThread "GC Thread#8"                     [id=30452, stack(0x000000c2b6d00000,0x000000c2b6e00000) (1024K)]
  0x000001dacaaace70 WorkerThread "GC Thread#9"                     [id=4524, stack(0x000000c2b6e00000,0x000000c2b6f00000) (1024K)]
Total: 12

Threads with active compile tasks:
C2 CompilerThread0  57508 8070   !   4       java.io.ObjectStreamClass::readNonProxy (395 bytes)
Total: 1

VM state: not at safepoint (normal execution)

VM Mutex/Monitor currently owned by a thread: None

Heap address: 0x0000000080000000, size: 2048 MB, Compressed Oops mode: 32-bit

CDS archive(s) mapped at: [0x000001da84000000-0x000001da84ba0000-0x000001da84ba0000), size 12189696, SharedBaseAddress: 0x000001da84000000, ArchiveRelocationMode: 1.
Compressed class space mapped at: 0x000001da85000000-0x000001dac5000000, reserved size: 1073741824
Narrow klass base: 0x000001da84000000, Narrow klass shift: 0, Narrow klass range: 0x100000000

GC Precious Log:
 CardTable entry size: 512
 CPUs: 12 total, 12 available
 Memory: 16087M
 Large Page Support: Disabled
 NUMA Support: Disabled
 Compressed Oops: Enabled (32-bit)
 Alignments: Space 512K, Generation 512K, Heap 2M
 Heap Min Capacity: 100M
 Heap Initial Capacity: 100M
 Heap Max Capacity: 2G
 Pre-touch: Disabled
 Parallel Workers: 10

Heap:
 PSYoungGen      total 21504K, used 16028K [0x00000000d5580000, 0x00000000d6c00000, 0x0000000100000000)
  eden space 20992K, 74% used [0x00000000d5580000,0x00000000d64c7180,0x00000000d6a00000)
  from space 512K, 75% used [0x00000000d6b80000,0x00000000d6be0000,0x00000000d6c00000)
  to   space 1024K, 0% used [0x00000000d6a00000,0x00000000d6a00000,0x00000000d6b00000)
 ParOldGen       total 68608K, used 43385K [0x0000000080000000, 0x0000000084300000, 0x00000000d5580000)
  object space 68608K, 63% used [0x0000000080000000,0x0000000082a5e7c0,0x0000000084300000)
 Metaspace       used 65204K, committed 66752K, reserved 1114112K
  class space    used 8274K, committed 8960K, reserved 1048576K

Card table byte_map: [0x000001daeb960000,0x000001daebd70000] _byte_map_base: 0x000001daeb560000

Marking Bits: (ParMarkBitMap*) 0x00007ffaa83a3450
 Begin Bits: [0x000001da80000000, 0x000001da82000000)
 End Bits:   [0x000001da82000000, 0x000001da84000000)

Polling page: 0x000001dae9e60000

Metaspace:

Usage:
  Non-class:     55.60 MB used.
      Class:      8.08 MB used.
       Both:     63.68 MB used.

Virtual space:
  Non-class space:       64.00 MB reserved,      56.44 MB ( 88%) committed,  1 nodes.
      Class space:        1.00 GB reserved,       8.75 MB ( <1%) committed,  1 nodes.
             Both:        1.06 GB reserved,      65.19 MB (  6%) committed. 

Chunk freelists:
   Non-Class:  7.38 MB
       Class:  7.22 MB
        Both:  14.60 MB

MaxMetaspaceSize: unlimited
CompressedClassSpaceSize: 1.00 GB
Initial GC threshold: 21.00 MB
Current GC threshold: 97.31 MB
CDS: on
 - commit_granule_bytes: 65536.
 - commit_granule_words: 8192.
 - virtual_space_node_default_size: 8388608.
 - enlarge_chunks_in_place: 1.
 - use_allocation_guard: 0.


Internal statistics:

num_allocs_failed_limit: 11.
num_arena_births: 1352.
num_arena_deaths: 28.
num_vsnodes_births: 2.
num_vsnodes_deaths: 0.
num_space_committed: 1043.
num_space_uncommitted: 0.
num_chunks_returned_to_freelist: 41.
num_chunks_taken_from_freelist: 4401.
num_chunk_merges: 18.
num_chunk_splits: 2708.
num_chunks_enlarged: 1519.
num_inconsistent_stats: 0.

CodeHeap 'non-profiled nmethods': size=120000Kb used=4947Kb max_used=4947Kb free=115052Kb
 bounds [0x000001daf6c90000, 0x000001daf7170000, 0x000001dafe1c0000]
CodeHeap 'profiled nmethods': size=120000Kb used=14763Kb max_used=14763Kb free=105236Kb
 bounds [0x000001daef1c0000, 0x000001daf0030000, 0x000001daf66f0000]
CodeHeap 'non-nmethods': size=5760Kb used=1395Kb max_used=1441Kb free=4364Kb
 bounds [0x000001daf66f0000, 0x000001daf6960000, 0x000001daf6c90000]
CodeCache: size=245760Kb, used=21105Kb, max_used=21151Kb, free=224652Kb
 total_blobs=7999, nmethods=7301, adapters=604, full_count=0
Compilation: enabled, stopped_count=0, restarted_count=0

Compilation events (20 events):
Event: 56.804 Thread 0x000001dac5087180 nmethod 8060 0x000001daf7161690 code [0x000001daf7161820, 0x000001daf71618e8]
Event: 56.805 Thread 0x000001dac5087180 8061       3       org.gradle.internal.logging.text.AbstractStyledTextOutput::style (20 bytes)
Event: 56.805 Thread 0x000001dac5087180 nmethod 8061 0x000001daf0029b10 code [0x000001daf0029cc0, 0x000001daf0029ef0]
Event: 56.809 Thread 0x000001daec06e050 8062       4       java.io.ObjectInputStream$BlockDataInputStream::readInt (73 bytes)
Event: 56.819 Thread 0x000001daec06e050 nmethod 8062 0x000001daf7161990 code [0x000001daf7161ba0, 0x000001daf71621f0]
Event: 56.819 Thread 0x000001daec06e050 8063   !   4       jdk.internal.reflect.GeneratedSerializationConstructorAccessor37::newInstance (49 bytes)
Event: 56.821 Thread 0x000001daec06e050 nmethod 8063 0x000001daf7162890 code [0x000001daf7162a40, 0x000001daf7162be0]
Event: 56.903 Thread 0x000001daec06e050 8064       4       java.nio.ByteBuffer::array (35 bytes)
Event: 56.903 Thread 0x000001daec06e050 nmethod 8064 0x000001daf7162d90 code [0x000001daf7162f20, 0x000001daf7162fe8]
Event: 57.266 Thread 0x000001daec06e050 8065       4       java.lang.reflect.AccessibleObject::checkCanSetAccessible (195 bytes)
Event: 57.269 Thread 0x000001daec06e050 nmethod 8065 0x000001daf7163090 code [0x000001daf71632a0, 0x000001daf71636a8]
Event: 57.293 Thread 0x000001dac5087180 8066       3       java.lang.AbstractStringBuilder::append (70 bytes)
Event: 57.293 Thread 0x000001dac5087180 nmethod 8066 0x000001daf0029f90 code [0x000001daf002a1a0, 0x000001daf002a6d0]
Event: 57.293 Thread 0x000001dac5087180 8067       3       java.lang.AbstractStringBuilder::getBytes (44 bytes)
Event: 57.293 Thread 0x000001dac5087180 nmethod 8067 0x000001daf002a890 code [0x000001daf002aa60, 0x000001daf002ad00]
Event: 57.304 Thread 0x000001daec06e050 8068       4       java.io.ObjectStreamField::<init> (231 bytes)
Event: 57.307 Thread 0x000001daec06e050 nmethod 8068 0x000001daf7163a90 code [0x000001daf7163c60, 0x000001daf7163f20]
Event: 57.402 Thread 0x000001daec06e050 8069       4       java.io.ObjectInputStream$BlockDataInputStream::readLong (76 bytes)
Event: 57.408 Thread 0x000001daec06e050 nmethod 8069 0x000001daf7164190 code [0x000001daf7164380, 0x000001daf7164808]
Event: 57.408 Thread 0x000001daec06e050 8070   !   4       java.io.ObjectStreamClass::readNonProxy (395 bytes)

GC Heap History (20 events):
Event: 24.664 GC heap before
{Heap before GC invocations=36 (full 3):
 PSYoungGen      total 21504K, used 21484K [0x00000000d5580000, 0x00000000d6e80000, 0x0000000100000000)
  eden space 20992K, 100% used [0x00000000d5580000,0x00000000d6a00000,0x00000000d6a00000)
  from space 512K, 96% used [0x00000000d6e00000,0x00000000d6e7b010,0x00000000d6e80000)
  to   space 1536K, 0% used [0x00000000d6b80000,0x00000000d6b80000,0x00000000d6d00000)
 ParOldGen       total 68608K, used 40522K [0x0000000080000000, 0x0000000084300000, 0x00000000d5580000)
  object space 68608K, 59% used [0x0000000080000000,0x00000000827929a0,0x0000000084300000)
 Metaspace       used 59965K, committed 61312K, reserved 1114112K
  class space    used 7615K, committed 8192K, reserved 1048576K
}
Event: 24.665 GC heap after
{Heap after GC invocations=36 (full 3):
 PSYoungGen      total 22528K, used 979K [0x00000000d5580000, 0x00000000d6e80000, 0x0000000100000000)
  eden space 20992K, 0% used [0x00000000d5580000,0x00000000d5580000,0x00000000d6a00000)
  from space 1536K, 63% used [0x00000000d6b80000,0x00000000d6c74ea8,0x00000000d6d00000)
  to   space 1536K, 0% used [0x00000000d6d00000,0x00000000d6d00000,0x00000000d6e80000)
 ParOldGen       total 68608K, used 40586K [0x0000000080000000, 0x0000000084300000, 0x00000000d5580000)
  object space 68608K, 59% used [0x0000000080000000,0x00000000827a29a0,0x0000000084300000)
 Metaspace       used 59965K, committed 61312K, reserved 1114112K
  class space    used 7615K, committed 8192K, reserved 1048576K
}
Event: 24.888 GC heap before
{Heap before GC invocations=37 (full 3):
 PSYoungGen      total 22528K, used 21971K [0x00000000d5580000, 0x00000000d6e80000, 0x0000000100000000)
  eden space 20992K, 100% used [0x00000000d5580000,0x00000000d6a00000,0x00000000d6a00000)
  from space 1536K, 63% used [0x00000000d6b80000,0x00000000d6c74ea8,0x00000000d6d00000)
  to   space 1536K, 0% used [0x00000000d6d00000,0x00000000d6d00000,0x00000000d6e80000)
 ParOldGen       total 68608K, used 40586K [0x0000000080000000, 0x0000000084300000, 0x00000000d5580000)
  object space 68608K, 59% used [0x0000000080000000,0x00000000827a29a0,0x0000000084300000)
 Metaspace       used 59966K, committed 61312K, reserved 1114112K
  class space    used 7615K, committed 8192K, reserved 1048576K
}
Event: 24.889 GC heap after
{Heap after GC invocations=37 (full 3):
 PSYoungGen      total 22016K, used 759K [0x00000000d5580000, 0x00000000d6e00000, 0x0000000100000000)
  eden space 20992K, 0% used [0x00000000d5580000,0x00000000d5580000,0x00000000d6a00000)
  from space 1024K, 74% used [0x00000000d6d00000,0x00000000d6dbdfb8,0x00000000d6e00000)
  to   space 1024K, 0% used [0x00000000d6c00000,0x00000000d6c00000,0x00000000d6d00000)
 ParOldGen       total 68608K, used 40650K [0x0000000080000000, 0x0000000084300000, 0x00000000d5580000)
  object space 68608K, 59% used [0x0000000080000000,0x00000000827b29a0,0x0000000084300000)
 Metaspace       used 59966K, committed 61312K, reserved 1114112K
  class space    used 7615K, committed 8192K, reserved 1048576K
}
Event: 25.209 GC heap before
{Heap before GC invocations=38 (full 3):
 PSYoungGen      total 22016K, used 21751K [0x00000000d5580000, 0x00000000d6e00000, 0x0000000100000000)
  eden space 20992K, 100% used [0x00000000d5580000,0x00000000d6a00000,0x00000000d6a00000)
  from space 1024K, 74% used [0x00000000d6d00000,0x00000000d6dbdfb8,0x00000000d6e00000)
  to   space 1024K, 0% used [0x00000000d6c00000,0x00000000d6c00000,0x00000000d6d00000)
 ParOldGen       total 68608K, used 40650K [0x0000000080000000, 0x0000000084300000, 0x00000000d5580000)
  object space 68608K, 59% used [0x0000000080000000,0x00000000827b29a0,0x0000000084300000)
 Metaspace       used 59966K, committed 61312K, reserved 1114112K
  class space    used 7615K, committed 8192K, reserved 1048576K
}
Event: 25.210 GC heap after
{Heap after GC invocations=38 (full 3):
 PSYoungGen      total 21504K, used 399K [0x00000000d5580000, 0x00000000d6d80000, 0x0000000100000000)
  eden space 20992K, 0% used [0x00000000d5580000,0x00000000d5580000,0x00000000d6a00000)
  from space 512K, 77% used [0x00000000d6c00000,0x00000000d6c63cd8,0x00000000d6c80000)
  to   space 1024K, 0% used [0x00000000d6c80000,0x00000000d6c80000,0x00000000d6d80000)
 ParOldGen       total 68608K, used 40690K [0x0000000080000000, 0x0000000084300000, 0x00000000d5580000)
  object space 68608K, 59% used [0x0000000080000000,0x00000000827bc9a0,0x0000000084300000)
 Metaspace       used 59966K, committed 61312K, reserved 1114112K
  class space    used 7615K, committed 8192K, reserved 1048576K
}
Event: 25.459 GC heap before
{Heap before GC invocations=39 (full 3):
 PSYoungGen      total 21504K, used 21379K [0x00000000d5580000, 0x00000000d6d80000, 0x0000000100000000)
  eden space 20992K, 99% used [0x00000000d5580000,0x00000000d69fd1a0,0x00000000d6a00000)
  from space 512K, 77% used [0x00000000d6c00000,0x00000000d6c63cd8,0x00000000d6c80000)
  to   space 1024K, 0% used [0x00000000d6c80000,0x00000000d6c80000,0x00000000d6d80000)
 ParOldGen       total 68608K, used 40690K [0x0000000080000000, 0x0000000084300000, 0x00000000d5580000)
  object space 68608K, 59% used [0x0000000080000000,0x00000000827bc9a0,0x0000000084300000)
 Metaspace       used 59966K, committed 61312K, reserved 1114112K
  class space    used 7615K, committed 8192K, reserved 1048576K
}
Event: 25.460 GC heap after
{Heap after GC invocations=39 (full 3):
 PSYoungGen      total 21504K, used 330K [0x00000000d5580000, 0x00000000d6d00000, 0x0000000100000000)
  eden space 20992K, 0% used [0x00000000d5580000,0x00000000d5580000,0x00000000d6a00000)
  from space 512K, 64% used [0x00000000d6c80000,0x00000000d6cd29a0,0x00000000d6d00000)
  to   space 512K, 0% used [0x00000000d6c00000,0x00000000d6c00000,0x00000000d6c80000)
 ParOldGen       total 68608K, used 40722K [0x0000000080000000, 0x0000000084300000, 0x00000000d5580000)
  object space 68608K, 59% used [0x0000000080000000,0x00000000827c49a0,0x0000000084300000)
 Metaspace       used 59966K, committed 61312K, reserved 1114112K
  class space    used 7615K, committed 8192K, reserved 1048576K
}
Event: 25.681 GC heap before
{Heap before GC invocations=40 (full 3):
 PSYoungGen      total 21504K, used 21322K [0x00000000d5580000, 0x00000000d6d00000, 0x0000000100000000)
  eden space 20992K, 100% used [0x00000000d5580000,0x00000000d6a00000,0x00000000d6a00000)
  from space 512K, 64% used [0x00000000d6c80000,0x00000000d6cd29a0,0x00000000d6d00000)
  to   space 512K, 0% used [0x00000000d6c00000,0x00000000d6c00000,0x00000000d6c80000)
 ParOldGen       total 68608K, used 40722K [0x0000000080000000, 0x0000000084300000, 0x00000000d5580000)
  object space 68608K, 59% used [0x0000000080000000,0x00000000827c49a0,0x0000000084300000)
 Metaspace       used 59966K, committed 61312K, reserved 1114112K
  class space    used 7615K, committed 8192K, reserved 1048576K
}
Event: 25.681 GC heap after
{Heap after GC invocations=40 (full 3):
 PSYoungGen      total 21504K, used 245K [0x00000000d5580000, 0x00000000d6d00000, 0x0000000100000000)
  eden space 20992K, 0% used [0x00000000d5580000,0x00000000d5580000,0x00000000d6a00000)
  from space 512K, 47% used [0x00000000d6c00000,0x00000000d6c3d4b8,0x00000000d6c80000)
  to   space 512K, 0% used [0x00000000d6c80000,0x00000000d6c80000,0x00000000d6d00000)
 ParOldGen       total 68608K, used 40746K [0x0000000080000000, 0x0000000084300000, 0x00000000d5580000)
  object space 68608K, 59% used [0x0000000080000000,0x00000000827ca9a0,0x0000000084300000)
 Metaspace       used 59966K, committed 61312K, reserved 1114112K
  class space    used 7615K, committed 8192K, reserved 1048576K
}
Event: 25.872 GC heap before
{Heap before GC invocations=41 (full 3):
 PSYoungGen      total 21504K, used 21237K [0x00000000d5580000, 0x00000000d6d00000, 0x0000000100000000)
  eden space 20992K, 100% used [0x00000000d5580000,0x00000000d6a00000,0x00000000d6a00000)
  from space 512K, 47% used [0x00000000d6c00000,0x00000000d6c3d4b8,0x00000000d6c80000)
  to   space 512K, 0% used [0x00000000d6c80000,0x00000000d6c80000,0x00000000d6d00000)
 ParOldGen       total 68608K, used 40746K [0x0000000080000000, 0x0000000084300000, 0x00000000d5580000)
  object space 68608K, 59% used [0x0000000080000000,0x00000000827ca9a0,0x0000000084300000)
 Metaspace       used 59966K, committed 61312K, reserved 1114112K
  class space    used 7615K, committed 8192K, reserved 1048576K
}
Event: 25.873 GC heap after
{Heap after GC invocations=41 (full 3):
 PSYoungGen      total 21504K, used 224K [0x00000000d5580000, 0x00000000d6d00000, 0x0000000100000000)
  eden space 20992K, 0% used [0x00000000d5580000,0x00000000d5580000,0x00000000d6a00000)
  from space 512K, 43% used [0x00000000d6c80000,0x00000000d6cb8000,0x00000000d6d00000)
  to   space 512K, 0% used [0x00000000d6c00000,0x00000000d6c00000,0x00000000d6c80000)
 ParOldGen       total 68608K, used 40822K [0x0000000080000000, 0x0000000084300000, 0x00000000d5580000)
  object space 68608K, 59% used [0x0000000080000000,0x00000000827dda70,0x0000000084300000)
 Metaspace       used 59966K, committed 61312K, reserved 1114112K
  class space    used 7615K, committed 8192K, reserved 1048576K
}
Event: 26.973 GC heap before
{Heap before GC invocations=42 (full 3):
 PSYoungGen      total 21504K, used 21216K [0x00000000d5580000, 0x00000000d6d00000, 0x0000000100000000)
  eden space 20992K, 100% used [0x00000000d5580000,0x00000000d6a00000,0x00000000d6a00000)
  from space 512K, 43% used [0x00000000d6c80000,0x00000000d6cb8000,0x00000000d6d00000)
  to   space 512K, 0% used [0x00000000d6c00000,0x00000000d6c00000,0x00000000d6c80000)
 ParOldGen       total 68608K, used 40822K [0x0000000080000000, 0x0000000084300000, 0x00000000d5580000)
  object space 68608K, 59% used [0x0000000080000000,0x00000000827dda70,0x0000000084300000)
 Metaspace       used 62215K, committed 63680K, reserved 1114112K
  class space    used 7968K, committed 8640K, reserved 1048576K
}
Event: 26.974 GC heap after
{Heap after GC invocations=42 (full 3):
 PSYoungGen      total 21504K, used 500K [0x00000000d5580000, 0x00000000d6d00000, 0x0000000100000000)
  eden space 20992K, 0% used [0x00000000d5580000,0x00000000d5580000,0x00000000d6a00000)
  from space 512K, 97% used [0x00000000d6c00000,0x00000000d6c7d230,0x00000000d6c80000)
  to   space 512K, 0% used [0x00000000d6c80000,0x00000000d6c80000,0x00000000d6d00000)
 ParOldGen       total 68608K, used 41109K [0x0000000080000000, 0x0000000084300000, 0x00000000d5580000)
  object space 68608K, 59% used [0x0000000080000000,0x00000000828256b0,0x0000000084300000)
 Metaspace       used 62215K, committed 63680K, reserved 1114112K
  class space    used 7968K, committed 8640K, reserved 1048576K
}
Event: 46.297 GC heap before
{Heap before GC invocations=43 (full 3):
 PSYoungGen      total 21504K, used 21492K [0x00000000d5580000, 0x00000000d6d00000, 0x0000000100000000)
  eden space 20992K, 100% used [0x00000000d5580000,0x00000000d6a00000,0x00000000d6a00000)
  from space 512K, 97% used [0x00000000d6c00000,0x00000000d6c7d230,0x00000000d6c80000)
  to   space 512K, 0% used [0x00000000d6c80000,0x00000000d6c80000,0x00000000d6d00000)
 ParOldGen       total 68608K, used 41109K [0x0000000080000000, 0x0000000084300000, 0x00000000d5580000)
  object space 68608K, 59% used [0x0000000080000000,0x00000000828256b0,0x0000000084300000)
 Metaspace       used 64174K, committed 65664K, reserved 1114112K
  class space    used 8187K, committed 8832K, reserved 1048576K
}
Event: 46.300 GC heap after
{Heap after GC invocations=43 (full 3):
 PSYoungGen      total 21504K, used 512K [0x00000000d5580000, 0x00000000d6e00000, 0x0000000100000000)
  eden space 20992K, 0% used [0x00000000d5580000,0x00000000d5580000,0x00000000d6a00000)
  from space 512K, 100% used [0x00000000d6c80000,0x00000000d6d00000,0x00000000d6d00000)
  to   space 2048K, 0% used [0x00000000d6a00000,0x00000000d6a00000,0x00000000d6c00000)
 ParOldGen       total 68608K, used 42286K [0x0000000080000000, 0x0000000084300000, 0x00000000d5580000)
  object space 68608K, 61% used [0x0000000080000000,0x000000008294b850,0x0000000084300000)
 Metaspace       used 64174K, committed 65664K, reserved 1114112K
  class space    used 8187K, committed 8832K, reserved 1048576K
}
Event: 47.369 GC heap before
{Heap before GC invocations=44 (full 3):
 PSYoungGen      total 21504K, used 21504K [0x00000000d5580000, 0x00000000d6e00000, 0x0000000100000000)
  eden space 20992K, 100% used [0x00000000d5580000,0x00000000d6a00000,0x00000000d6a00000)
  from space 512K, 100% used [0x00000000d6c80000,0x00000000d6d00000,0x00000000d6d00000)
  to   space 2048K, 0% used [0x00000000d6a00000,0x00000000d6a00000,0x00000000d6c00000)
 ParOldGen       total 68608K, used 42286K [0x0000000080000000, 0x0000000084300000, 0x00000000d5580000)
  object space 68608K, 61% used [0x0000000080000000,0x000000008294b850,0x0000000084300000)
 Metaspace       used 64874K, committed 66368K, reserved 1114112K
  class space    used 8248K, committed 8896K, reserved 1048576K
}
Event: 47.372 GC heap after
{Heap after GC invocations=44 (full 3):
 PSYoungGen      total 22016K, used 727K [0x00000000d5580000, 0x00000000d6d00000, 0x0000000100000000)
  eden space 20992K, 0% used [0x00000000d5580000,0x00000000d5580000,0x00000000d6a00000)
  from space 1024K, 71% used [0x00000000d6a00000,0x00000000d6ab5e18,0x00000000d6b00000)
  to   space 1536K, 0% used [0x00000000d6b80000,0x00000000d6b80000,0x00000000d6d00000)
 ParOldGen       total 68608K, used 42802K [0x0000000080000000, 0x0000000084300000, 0x00000000d5580000)
  object space 68608K, 62% used [0x0000000080000000,0x00000000829cc9a8,0x0000000084300000)
 Metaspace       used 64874K, committed 66368K, reserved 1114112K
  class space    used 8248K, committed 8896K, reserved 1048576K
}
Event: 54.751 GC heap before
{Heap before GC invocations=45 (full 3):
 PSYoungGen      total 22016K, used 21719K [0x00000000d5580000, 0x00000000d6d00000, 0x0000000100000000)
  eden space 20992K, 100% used [0x00000000d5580000,0x00000000d6a00000,0x00000000d6a00000)
  from space 1024K, 71% used [0x00000000d6a00000,0x00000000d6ab5e18,0x00000000d6b00000)
  to   space 1536K, 0% used [0x00000000d6b80000,0x00000000d6b80000,0x00000000d6d00000)
 ParOldGen       total 68608K, used 42802K [0x0000000080000000, 0x0000000084300000, 0x00000000d5580000)
  object space 68608K, 62% used [0x0000000080000000,0x00000000829cc9a8,0x0000000084300000)
 Metaspace       used 65089K, committed 66688K, reserved 1114112K
  class space    used 8258K, committed 8960K, reserved 1048576K
}
Event: 54.752 GC heap after
{Heap after GC invocations=45 (full 3):
 PSYoungGen      total 21504K, used 384K [0x00000000d5580000, 0x00000000d6c00000, 0x0000000100000000)
  eden space 20992K, 0% used [0x00000000d5580000,0x00000000d5580000,0x00000000d6a00000)
  from space 512K, 75% used [0x00000000d6b80000,0x00000000d6be0000,0x00000000d6c00000)
  to   space 1024K, 0% used [0x00000000d6a00000,0x00000000d6a00000,0x00000000d6b00000)
 ParOldGen       total 68608K, used 43385K [0x0000000080000000, 0x0000000084300000, 0x00000000d5580000)
  object space 68608K, 63% used [0x0000000080000000,0x0000000082a5e7c0,0x0000000084300000)
 Metaspace       used 65089K, committed 66688K, reserved 1114112K
  class space    used 8258K, committed 8960K, reserved 1048576K
}

Dll operation events (15 events):
Event: 0.030 Loaded shared library c:\Users\MSII\.vscode\extensions\redhat.java-1.54.0-win32-x64\jre\21.0.10-win32-x86_64\bin\java.dll
Event: 0.195 Loaded shared library c:\Users\MSII\.vscode\extensions\redhat.java-1.54.0-win32-x64\jre\21.0.10-win32-x86_64\bin\zip.dll
Event: 0.238 Loaded shared library C:\Users\MSII\.vscode\extensions\redhat.java-1.54.0-win32-x64\jre\21.0.10-win32-x86_64\bin\instrument.dll
Event: 0.250 Loaded shared library C:\Users\MSII\.vscode\extensions\redhat.java-1.54.0-win32-x64\jre\21.0.10-win32-x86_64\bin\net.dll
Event: 0.253 Loaded shared library C:\Users\MSII\.vscode\extensions\redhat.java-1.54.0-win32-x64\jre\21.0.10-win32-x86_64\bin\nio.dll
Event: 0.257 Loaded shared library C:\Users\MSII\.vscode\extensions\redhat.java-1.54.0-win32-x64\jre\21.0.10-win32-x86_64\bin\zip.dll
Event: 0.468 Loaded shared library C:\Users\MSII\.vscode\extensions\redhat.java-1.54.0-win32-x64\jre\21.0.10-win32-x86_64\bin\jimage.dll
Event: 0.789 Loaded shared library c:\Users\MSII\.vscode\extensions\redhat.java-1.54.0-win32-x64\jre\21.0.10-win32-x86_64\bin\verify.dll
Event: 7.062 Loaded shared library C:\Users\MSII\AppData\Roaming\Code\User\globalStorage\redhat.java\1.54.0\config_win\org.eclipse.equinox.launcher\org.eclipse.equinox.launcher.win32.win32.x86_64_1.3.0.v20260203-2149\eclipse_11919.dll
Event: 11.764 Loaded shared library C:\Users\MSII\AppData\Local\Temp\jna-2376006\jna1417373638392871161.dll
Event: 16.349 Loaded shared library C:\Users\MSII\.gradle\native\1def1411415f61bf3af743bc5b6707747c0891f09f0c88961ee8f79bc544acac\windows-amd64\native-platform.dll
Event: 18.681 Loaded shared library C:\Users\MSII\.vscode\extensions\redhat.java-1.54.0-win32-x64\jre\21.0.10-win32-x86_64\bin\management.dll
Event: 18.688 Loaded shared library C:\Users\MSII\.vscode\extensions\redhat.java-1.54.0-win32-x64\jre\21.0.10-win32-x86_64\bin\management_ext.dll
Event: 26.700 Loaded shared library C:\Users\MSII\.vscode\extensions\redhat.java-1.54.0-win32-x64\jre\21.0.10-win32-x86_64\bin\extnet.dll
Event: 35.691 Loaded shared library C:\Users\MSII\.vscode\extensions\redhat.java-1.54.0-win32-x64\jre\21.0.10-win32-x86_64\bin\sunmscapi.dll

Deoptimization events (20 events):
Event: 55.174 Thread 0x000001dacbc27260 Uncommon trap: trap_request=0xffffff45 fr.pc=0x000001daf7151680 relative=0x0000000000000320
Event: 55.174 Thread 0x000001dacbc27260 Uncommon trap: reason=unstable_if action=reinterpret pc=0x000001daf7151680 method=java.io.ObjectInputStream$BlockDataInputStream.readLong()J @ 4 c2
Event: 55.174 Thread 0x000001dacbc27260 DEOPT PACKING pc=0x000001daf7151680 sp=0x000000c2ba8fceb0
Event: 55.174 Thread 0x000001dacbc27260 DEOPT UNPACKING pc=0x000001daf6743aa2 sp=0x000000c2ba8fce60 mode 2
Event: 55.456 Thread 0x000001dacbc27260 Uncommon trap: trap_request=0xffffffbe fr.pc=0x000001daf714bb14 relative=0x0000000000000334
Event: 55.456 Thread 0x000001dacbc27260 Uncommon trap: reason=profile_predicate action=maybe_recompile pc=0x000001daf714bb14 method=java.io.ObjectStreamClass$FieldReflector.setPrimFieldValues(Ljava/lang/Object;[B)V @ 19 c2
Event: 55.456 Thread 0x000001dacbc27260 DEOPT PACKING pc=0x000001daf714bb14 sp=0x000000c2ba8fda20
Event: 55.456 Thread 0x000001dacbc27260 DEOPT UNPACKING pc=0x000001daf6743aa2 sp=0x000000c2ba8fd9b0 mode 2
Event: 55.910 Thread 0x000001dacbc27260 Uncommon trap: trap_request=0xffffffbe fr.pc=0x000001daf714bb14 relative=0x0000000000000334
Event: 55.910 Thread 0x000001dacbc27260 Uncommon trap: reason=profile_predicate action=maybe_recompile pc=0x000001daf714bb14 method=java.io.ObjectStreamClass$FieldReflector.setPrimFieldValues(Ljava/lang/Object;[B)V @ 19 c2
Event: 55.910 Thread 0x000001dacbc27260 DEOPT PACKING pc=0x000001daf714bb14 sp=0x000000c2ba8fda20
Event: 55.910 Thread 0x000001dacbc27260 DEOPT UNPACKING pc=0x000001daf6743aa2 sp=0x000000c2ba8fd9b0 mode 2
Event: 56.011 Thread 0x000001dacbc27260 Uncommon trap: trap_request=0xffffff45 fr.pc=0x000001daf713b598 relative=0x00000000000001b8
Event: 56.011 Thread 0x000001dacbc27260 Uncommon trap: reason=unstable_if action=reinterpret pc=0x000001daf713b598 method=java.io.ObjectStreamField.<init>(Ljava/lang/String;Ljava/lang/String;Z)V @ 45 c2
Event: 56.011 Thread 0x000001dacbc27260 DEOPT PACKING pc=0x000001daf713b598 sp=0x000000c2ba8fd8a0
Event: 56.011 Thread 0x000001dacbc27260 DEOPT UNPACKING pc=0x000001daf6743aa2 sp=0x000000c2ba8fd828 mode 2
Event: 56.013 Thread 0x000001dacbc27260 Uncommon trap: trap_request=0xffffffbe fr.pc=0x000001daf714bb14 relative=0x0000000000000334
Event: 56.013 Thread 0x000001dacbc27260 Uncommon trap: reason=profile_predicate action=maybe_recompile pc=0x000001daf714bb14 method=java.io.ObjectStreamClass$FieldReflector.setPrimFieldValues(Ljava/lang/Object;[B)V @ 19 c2
Event: 56.013 Thread 0x000001dacbc27260 DEOPT PACKING pc=0x000001daf714bb14 sp=0x000000c2ba8fda20
Event: 56.013 Thread 0x000001dacbc27260 DEOPT UNPACKING pc=0x000001daf6743aa2 sp=0x000000c2ba8fd9b0 mode 2

Classes loaded (20 events):
Event: 38.215 Loading class sun/util/resources/TimeZoneNames
Event: 38.217 Loading class sun/util/resources/TimeZoneNames done
Event: 38.217 Loading class sun/util/resources/TimeZoneNames_en
Event: 38.217 Loading class sun/util/resources/TimeZoneNames_en done
Event: 40.119 Loading class java/lang/UnsupportedClassVersionError
Event: 40.119 Loading class java/lang/UnsupportedClassVersionError done
Event: 46.484 Loading class java/net/Proxy
Event: 46.485 Loading class java/net/Proxy done
Event: 46.493 Loading class java/util/concurrent/ConcurrentLinkedQueue$Itr
Event: 46.494 Loading class java/util/concurrent/ConcurrentLinkedQueue$Itr done
Event: 46.510 Loading class java/lang/Throwable$PrintStreamOrWriter
Event: 46.510 Loading class java/lang/Throwable$PrintStreamOrWriter done
Event: 46.661 Loading class sun/misc/SharedSecrets
Event: 46.661 Loading class sun/misc/SharedSecrets done
Event: 46.661 Loading class java/lang/Throwable$WrappedPrintWriter
Event: 46.661 Loading class java/lang/Throwable$WrappedPrintWriter done
Event: 48.224 Loading class java/util/WeakHashMap$KeyIterator
Event: 48.225 Loading class java/util/WeakHashMap$KeyIterator done
Event: 55.173 Loading class java/time/Ser
Event: 55.173 Loading class java/time/Ser done

Classes unloaded (14 events):
Event: 12.452 Thread 0x000001daec05e910 Unloading class 0x000001da851ad400 'java/lang/invoke/LambdaForm$MH+0x000001da851ad400'
Event: 12.452 Thread 0x000001daec05e910 Unloading class 0x000001da851ad000 'java/lang/invoke/LambdaForm$MH+0x000001da851ad000'
Event: 12.452 Thread 0x000001daec05e910 Unloading class 0x000001da851acc00 'java/lang/invoke/LambdaForm$MH+0x000001da851acc00'
Event: 12.452 Thread 0x000001daec05e910 Unloading class 0x000001da851ac800 'java/lang/invoke/LambdaForm$MH+0x000001da851ac800'
Event: 12.452 Thread 0x000001daec05e910 Unloading class 0x000001da851ac400 'java/lang/invoke/LambdaForm$BMH+0x000001da851ac400'
Event: 12.452 Thread 0x000001daec05e910 Unloading class 0x000001da851ac000 'java/lang/invoke/LambdaForm$DMH+0x000001da851ac000'
Event: 12.452 Thread 0x000001daec05e910 Unloading class 0x000001da851aac00 'java/lang/invoke/LambdaForm$DMH+0x000001da851aac00'
Event: 14.626 Thread 0x000001daec05e910 Unloading class 0x000001da852f5400 'java/lang/invoke/LambdaForm$MH+0x000001da852f5400'
Event: 14.626 Thread 0x000001daec05e910 Unloading class 0x000001da852f4800 'java/lang/invoke/LambdaForm$MH+0x000001da852f4800'
Event: 14.626 Thread 0x000001daec05e910 Unloading class 0x000001da852f4000 'java/lang/invoke/LambdaForm$MH+0x000001da852f4000'
Event: 14.626 Thread 0x000001daec05e910 Unloading class 0x000001da852f3800 'java/lang/invoke/LambdaForm$MH+0x000001da852f3800'
Event: 14.626 Thread 0x000001daec05e910 Unloading class 0x000001da852f3400 'java/lang/invoke/LambdaForm$DMH+0x000001da852f3400'
Event: 14.626 Thread 0x000001daec05e910 Unloading class 0x000001da852f2c00 'java/lang/invoke/LambdaForm$MH+0x000001da852f2c00'
Event: 21.379 Thread 0x000001daec05e910 Unloading class 0x000001da8570c400 'java/lang/invoke/LambdaForm$DMH+0x000001da8570c400'

Classes redefined (0 events):
No events

Internal exceptions (20 events):
Event: 46.613 Thread 0x000001dacbc25820 Exception <a 'java/lang/NoSuchMethodError'{0x00000000d5ad8740}: static Lorg/gradle/tooling/internal/protocol/InternalBuildActionFailureException;.<clinit>()V> (0x00000000d5ad8740) 
thrown [s\src\hotspot\share\prims\jni.cpp, line 1111]
Event: 46.661 Thread 0x000001daca4f0110 Exception <a 'java/lang/ClassNotFoundException'{0x00000000d5bfba30}: sun/misc/SharedSecrets> (0x00000000d5bfba30) 
thrown [s\src\hotspot\share\classfile\systemDictionary.cpp, line 312]
Event: 46.664 Thread 0x000001daca4f0110 Exception <a 'java/lang/NoSuchMethodError'{0x00000000d5c35d10}: 'void java.lang.invoke.DirectMethodHandle$Holder.invokeStatic(java.lang.Object, int, java.lang.Object)'> (0x00000000d5c35d10) 
thrown [s\src\hotspot\share\interpreter\linkResolver.cpp, line 773]
Event: 46.665 Thread 0x000001daca4f0110 Exception <a 'java/lang/NoSuchMethodError'{0x00000000d5c5e5e8}: 'void java.lang.invoke.DirectMethodHandle$Holder.invokeSpecialIFC(java.lang.Object, java.lang.Object, java.lang.Object, java.lang.Object)'> (0x00000000d5c5e5e8) 
thrown [s\src\hotspot\share\interpreter\linkResolver.cpp, line 773]
Event: 46.799 Thread 0x000001daca4f0110 Exception <a 'sun/nio/fs/WindowsException'{0x00000000d5e957e0}> (0x00000000d5e957e0) 
thrown [s\src\hotspot\share\prims\jni.cpp, line 520]
Event: 46.918 Thread 0x000001dacbc230c0 Implicit null exception at 0x000001daf70e4ba1 to 0x000001daf70e4cf0
Event: 47.237 Thread 0x000001daca4f0110 Exception <a 'sun/nio/fs/WindowsException'{0x00000000d65fe698}> (0x00000000d65fe698) 
thrown [s\src\hotspot\share\prims\jni.cpp, line 520]
Event: 47.801 Thread 0x000001dacbc27260 Exception <a 'java/lang/NoSuchMethodError'{0x00000000d5782a50}: static Lorg/gradle/internal/build/event/types/DefaultBuildPhaseDescriptor;.<clinit>()V> (0x00000000d5782a50) 
thrown [s\src\hotspot\share\prims\jni.cpp, line 1111]
Event: 48.512 Thread 0x000001dacbc27260 Exception <a 'java/lang/NoSuchMethodError'{0x00000000d58708e8}: static Lorg/gradle/internal/build/event/types/DefaultProjectConfigurationDescriptor;.<clinit>()V> (0x00000000d58708e8) 
thrown [s\src\hotspot\share\prims\jni.cpp, line 1111]
Event: 55.169 Thread 0x000001dacbc27260 Exception <a 'java/lang/NoSuchMethodError'{0x00000000d5692860}: static Lorg/gradle/internal/build/event/types/AbstractProjectConfigurationResult;.<clinit>()V> (0x00000000d5692860) 
thrown [s\src\hotspot\share\prims\jni.cpp, line 1111]
Event: 55.169 Thread 0x000001dacbc27260 Exception <a 'java/lang/NoSuchMethodError'{0x00000000d56a2260}: static Lorg/gradle/internal/build/event/types/DefaultProjectConfigurationSuccessResult;.<clinit>()V> (0x00000000d56a2260) 
thrown [s\src\hotspot\share\prims\jni.cpp, line 1111]
Event: 55.171 Thread 0x000001dacbc27260 Exception <a 'java/lang/NoSuchMethodError'{0x00000000d56bab48}: static Lorg/gradle/internal/build/event/types/DefaultPluginApplicationResult;.<clinit>()V> (0x00000000d56bab48) 
thrown [s\src\hotspot\share\prims\jni.cpp, line 1111]
Event: 55.173 Thread 0x000001dacbc27260 Exception <a 'java/lang/NoSuchMethodError'{0x00000000d56d3b28}: static Lorg/gradle/internal/build/event/types/DefaultBinaryPluginIdentifier;.<clinit>()V> (0x00000000d56d3b28) 
thrown [s\src\hotspot\share\prims\jni.cpp, line 1111]
Event: 55.175 Thread 0x000001dacbc27260 Exception <a 'java/lang/NoSuchMethodError'{0x00000000d56f34c0}: static Lorg/gradle/internal/build/event/types/DefaultScriptPluginIdentifier;.<clinit>()V> (0x00000000d56f34c0) 
thrown [s\src\hotspot\share\prims\jni.cpp, line 1111]
Event: 56.000 Thread 0x000001dacbc27260 Exception <a 'java/lang/NoSuchMethodError'{0x00000000d595acb8}: static Lorg/gradle/internal/build/event/types/DefaultTaskStartedProgressEvent;.<clinit>()V> (0x00000000d595acb8) 
thrown [s\src\hotspot\share\prims\jni.cpp, line 1111]
Event: 56.003 Thread 0x000001dacbc27260 Exception <a 'java/lang/NoSuchMethodError'{0x00000000d5975d70}: static Lorg/gradle/internal/build/event/types/DefaultTaskDescriptor;.<clinit>()V> (0x00000000d5975d70) 
thrown [s\src\hotspot\share\prims\jni.cpp, line 1111]
Event: 56.010 Thread 0x000001dacbc27260 Exception <a 'java/lang/NoSuchMethodError'{0x00000000d59b3928}: static Lorg/gradle/internal/build/event/types/DefaultTaskFinishedProgressEvent;.<clinit>()V> (0x00000000d59b3928) 
thrown [s\src\hotspot\share\prims\jni.cpp, line 1111]
Event: 56.012 Thread 0x000001dacbc27260 Exception <a 'java/lang/NoSuchMethodError'{0x00000000d59cc7b0}: static Lorg/gradle/internal/build/event/types/AbstractTaskResult;.<clinit>()V> (0x00000000d59cc7b0) 
thrown [s\src\hotspot\share\prims\jni.cpp, line 1111]
Event: 56.013 Thread 0x000001dacbc27260 Exception <a 'java/lang/NoSuchMethodError'{0x00000000d59db790}: static Lorg/gradle/internal/build/event/types/DefaultTaskSkippedResult;.<clinit>()V> (0x00000000d59db790) 
thrown [s\src\hotspot\share\prims\jni.cpp, line 1111]
Event: 56.754 Thread 0x000001dacbc27260 Exception <a 'java/lang/NoSuchMethodError'{0x00000000d5e243c8}: static Lorg/gradle/internal/build/event/types/DefaultTaskSuccessResult;.<clinit>()V> (0x00000000d5e243c8) 
thrown [s\src\hotspot\share\prims\jni.cpp, line 1111]

ZGC Phase Switch (0 events):
No events

VM Operations (20 events):
Event: 51.217 Executing safepoint VM operation: Cleanup
Event: 51.217 Executing safepoint VM operation: Cleanup done
Event: 52.217 Executing safepoint VM operation: Cleanup
Event: 52.217 Executing safepoint VM operation: Cleanup done
Event: 54.219 Executing safepoint VM operation: Cleanup
Event: 54.219 Executing safepoint VM operation: Cleanup done
Event: 54.751 Executing safepoint VM operation: ParallelGCFailedAllocation (Allocation Failure)
Event: 54.752 Executing safepoint VM operation: ParallelGCFailedAllocation (Allocation Failure) done
Event: 55.999 Executing non-safepoint VM operation: HandshakeAllThreads (Deoptimize)
Event: 55.999 Executing non-safepoint VM operation: HandshakeAllThreads (Deoptimize) done
Event: 55.999 Executing safepoint VM operation: Cleanup
Event: 55.999 Executing safepoint VM operation: Cleanup done
Event: 56.002 Executing non-safepoint VM operation: HandshakeAllThreads (Deoptimize)
Event: 56.002 Executing non-safepoint VM operation: HandshakeAllThreads (Deoptimize) done
Event: 56.007 Executing non-safepoint VM operation: HandshakeAllThreads (Deoptimize)
Event: 56.007 Executing non-safepoint VM operation: HandshakeAllThreads (Deoptimize) done
Event: 56.009 Executing non-safepoint VM operation: HandshakeAllThreads (Deoptimize)
Event: 56.009 Executing non-safepoint VM operation: HandshakeAllThreads (Deoptimize) done
Event: 57.010 Executing safepoint VM operation: Cleanup
Event: 57.010 Executing safepoint VM operation: Cleanup done

Memory protections (0 events):
No events

Nmethod flushes (20 events):
Event: 21.393 Thread 0x000001daec05e910 flushing osr nmethod 0x000001daefa74010
Event: 21.393 Thread 0x000001daec05e910 flushing  nmethod 0x000001daefa76490
Event: 21.393 Thread 0x000001daec05e910 flushing  nmethod 0x000001daefa77a90
Event: 21.393 Thread 0x000001daec05e910 flushing  nmethod 0x000001daefa78f10
Event: 21.393 Thread 0x000001daec05e910 flushing  nmethod 0x000001daefa79310
Event: 21.393 Thread 0x000001daec05e910 flushing  nmethod 0x000001daefa79790
Event: 21.393 Thread 0x000001daec05e910 flushing  nmethod 0x000001daefa7ac10
Event: 21.393 Thread 0x000001daec05e910 flushing  nmethod 0x000001daefa7b210
Event: 21.393 Thread 0x000001daec05e910 flushing  nmethod 0x000001daefa7b910
Event: 21.393 Thread 0x000001daec05e910 flushing  nmethod 0x000001daefa82790
Event: 21.393 Thread 0x000001daec05e910 flushing  nmethod 0x000001daefa83d10
Event: 21.393 Thread 0x000001daec05e910 flushing  nmethod 0x000001daefa8b010
Event: 21.393 Thread 0x000001daec05e910 flushing  nmethod 0x000001daefa8b410
Event: 21.393 Thread 0x000001daec05e910 flushing  nmethod 0x000001daefa8c690
Event: 21.393 Thread 0x000001daec05e910 flushing  nmethod 0x000001daefa8ca90
Event: 21.393 Thread 0x000001daec05e910 flushing  nmethod 0x000001daefa8cf10
Event: 21.393 Thread 0x000001daec05e910 flushing  nmethod 0x000001daefa8d310
Event: 21.393 Thread 0x000001daec05e910 flushing  nmethod 0x000001daefa8d910
Event: 21.393 Thread 0x000001daec05e910 flushing  nmethod 0x000001daefabfc10
Event: 21.393 Thread 0x000001daec05e910 flushing  nmethod 0x000001daefac5190

Events (20 events):
Event: 46.895 Thread 0x000001daca4f0110 Thread added: 0x000001dacbc230c0
Event: 46.931 Thread 0x000001dacbc230c0 Thread added: 0x000001dacbc29330
Event: 47.062 Thread 0x000001daca525750 Thread exited: 0x000001daca525750
Event: 47.120 Thread 0x000001dacbc29330 Thread exited: 0x000001dacbc29330
Event: 47.126 Thread 0x000001dacbc230c0 Thread exited: 0x000001dacbc230c0
Event: 47.126 Thread 0x000001dac5087180 Thread added: 0x000001daca528030
Event: 47.197 Thread 0x000001daca4f0110 Thread added: 0x000001dacbc230c0
Event: 47.199 Thread 0x000001daca4f0110 Thread added: 0x000001dacbc26bd0
Event: 47.236 Thread 0x000001dacbc26bd0 Thread exited: 0x000001dacbc26bd0
Event: 47.246 Thread 0x000001daca4f0110 Thread added: 0x000001dacbc29330
Event: 47.248 Thread 0x000001daca4f0110 Thread added: 0x000001dacbc278f0
Event: 47.292 Thread 0x000001dacbc278f0 Thread exited: 0x000001dacbc278f0
Event: 47.293 Thread 0x000001daca4f0110 Thread added: 0x000001dacbc26bd0
Event: 47.341 Thread 0x000001daca4f0110 Thread added: 0x000001dacbc28610
Event: 47.343 Thread 0x000001daca4f0110 Thread added: 0x000001dacbc27260
Event: 47.363 Thread 0x000001dacbc27260 Thread exited: 0x000001dacbc27260
Event: 47.363 Thread 0x000001daca4f0110 Thread added: 0x000001dacbc28ca0
Event: 47.365 Thread 0x000001daca4f0110 Thread added: 0x000001dacbc27260
Event: 47.402 Thread 0x000001dacbc27260 Thread added: 0x000001dacbc278f0
Event: 47.530 Thread 0x000001daca528030 Thread exited: 0x000001daca528030


Dynamic libraries:
0x00007ff60bba0000 - 0x00007ff60bbae000 	c:\Users\MSII\.vscode\extensions\redhat.java-1.54.0-win32-x64\jre\21.0.10-win32-x86_64\bin\java.exe
0x00007ffb38440000 - 0x00007ffb386a7000 	C:\WINDOWS\SYSTEM32\ntdll.dll
0x00007ffb36c50000 - 0x00007ffb36d19000 	C:\WINDOWS\System32\KERNEL32.DLL
0x00007ffb34f20000 - 0x00007ffb35317000 	C:\WINDOWS\System32\KERNELBASE.dll
0x00007ffb35d70000 - 0x00007ffb35ebb000 	C:\WINDOWS\System32\ucrtbase.dll
0x00007ffb2fdf0000 - 0x00007ffb2fe08000 	c:\Users\MSII\.vscode\extensions\redhat.java-1.54.0-win32-x64\jre\21.0.10-win32-x86_64\bin\jli.dll
0x00007ffb363c0000 - 0x00007ffb36586000 	C:\WINDOWS\System32\USER32.dll
0x00007ffb36190000 - 0x00007ffb361b7000 	C:\WINDOWS\System32\win32u.dll
0x00007ffb1f2e0000 - 0x00007ffb1f2fe000 	c:\Users\MSII\.vscode\extensions\redhat.java-1.54.0-win32-x64\jre\21.0.10-win32-x86_64\bin\VCRUNTIME140.dll
0x00007ffb36c20000 - 0x00007ffb36c4b000 	C:\WINDOWS\System32\GDI32.dll
0x00007ffb15720000 - 0x00007ffb159b2000 	C:\WINDOWS\WinSxS\amd64_microsoft.windows.common-controls_6595b64144ccf1df_6.0.26100.8457_none_3e0b2faee331e92d\COMCTL32.dll
0x00007ffb35320000 - 0x00007ffb3544c000 	C:\WINDOWS\System32\gdi32full.dll
0x00007ffb36d20000 - 0x00007ffb36dc9000 	C:\WINDOWS\System32\msvcrt.dll
0x00007ffb34e70000 - 0x00007ffb34f13000 	C:\WINDOWS\System32\msvcp_win.dll
0x00007ffb36220000 - 0x00007ffb36252000 	C:\WINDOWS\System32\IMM32.DLL
0x00007ffb2d6f0000 - 0x00007ffb2d6fc000 	c:\Users\MSII\.vscode\extensions\redhat.java-1.54.0-win32-x64\jre\21.0.10-win32-x86_64\bin\vcruntime140_1.dll
0x00007ffad6470000 - 0x00007ffad64fd000 	c:\Users\MSII\.vscode\extensions\redhat.java-1.54.0-win32-x64\jre\21.0.10-win32-x86_64\bin\msvcp140.dll
0x00007ffaa76e0000 - 0x00007ffaa8481000 	c:\Users\MSII\.vscode\extensions\redhat.java-1.54.0-win32-x64\jre\21.0.10-win32-x86_64\bin\server\jvm.dll
0x00007ffb37e20000 - 0x00007ffb37ed6000 	C:\WINDOWS\System32\ADVAPI32.dll
0x00007ffb366b0000 - 0x00007ffb36757000 	C:\WINDOWS\System32\sechost.dll
0x00007ffb36590000 - 0x00007ffb366a8000 	C:\WINDOWS\System32\RPCRT4.dll
0x00007ffb37b00000 - 0x00007ffb37b80000 	C:\WINDOWS\System32\WS2_32.dll
0x00007ffb34500000 - 0x00007ffb3455e000 	C:\WINDOWS\SYSTEM32\POWRPROF.dll
0x00007ffb2a330000 - 0x00007ffb2a366000 	C:\WINDOWS\SYSTEM32\WINMM.dll
0x00007ffb259b0000 - 0x00007ffb259bb000 	C:\WINDOWS\SYSTEM32\VERSION.dll
0x00007ffb34370000 - 0x00007ffb34384000 	C:\WINDOWS\SYSTEM32\UMPDC.dll
0x00007ffb33c00000 - 0x00007ffb33c1b000 	C:\WINDOWS\SYSTEM32\kernel.appcore.dll
0x00007ffb2d6d0000 - 0x00007ffb2d6da000 	c:\Users\MSII\.vscode\extensions\redhat.java-1.54.0-win32-x64\jre\21.0.10-win32-x86_64\bin\jimage.dll
0x00007ffb32520000 - 0x00007ffb32762000 	C:\WINDOWS\SYSTEM32\DBGHELP.DLL
0x00007ffb37770000 - 0x00007ffb37af3000 	C:\WINDOWS\System32\combase.dll
0x00007ffb37fc0000 - 0x00007ffb38099000 	C:\WINDOWS\System32\OLEAUT32.dll
0x00007ffb0cc00000 - 0x00007ffb0cc3b000 	C:\WINDOWS\SYSTEM32\dbgcore.DLL
0x00007ffb35450000 - 0x00007ffb354f8000 	C:\WINDOWS\System32\bcryptPrimitives.dll
0x00007ffb16520000 - 0x00007ffb1652f000 	c:\Users\MSII\.vscode\extensions\redhat.java-1.54.0-win32-x64\jre\21.0.10-win32-x86_64\bin\instrument.dll
0x00007ffb1f2c0000 - 0x00007ffb1f2e0000 	c:\Users\MSII\.vscode\extensions\redhat.java-1.54.0-win32-x64\jre\21.0.10-win32-x86_64\bin\java.dll
0x00007ffb36fd0000 - 0x00007ffb3773e000 	C:\WINDOWS\System32\SHELL32.dll
0x00007ffb35500000 - 0x00007ffb35d6c000 	C:\WINDOWS\System32\windows.storage.dll
0x00007ffb38120000 - 0x00007ffb38216000 	C:\WINDOWS\System32\SHCORE.dll
0x00007ffb36e60000 - 0x00007ffb36ec6000 	C:\WINDOWS\System32\shlwapi.dll
0x00007ffb34d90000 - 0x00007ffb34db9000 	C:\WINDOWS\SYSTEM32\profapi.dll
0x00007ffb1bf70000 - 0x00007ffb1bf88000 	c:\Users\MSII\.vscode\extensions\redhat.java-1.54.0-win32-x64\jre\21.0.10-win32-x86_64\bin\zip.dll
0x00007ffb2c880000 - 0x00007ffb2c890000 	C:\Users\MSII\.vscode\extensions\redhat.java-1.54.0-win32-x64\jre\21.0.10-win32-x86_64\bin\net.dll
0x00007ffb2e690000 - 0x00007ffb2e7b9000 	C:\WINDOWS\SYSTEM32\WINHTTP.dll
0x00007ffb341e0000 - 0x00007ffb3424c000 	C:\WINDOWS\system32\mswsock.dll
0x00007ffb1bf00000 - 0x00007ffb1bf16000 	C:\Users\MSII\.vscode\extensions\redhat.java-1.54.0-win32-x64\jre\21.0.10-win32-x86_64\bin\nio.dll
0x00007ffb13ea0000 - 0x00007ffb13eb0000 	c:\Users\MSII\.vscode\extensions\redhat.java-1.54.0-win32-x64\jre\21.0.10-win32-x86_64\bin\verify.dll
0x00007ffacf120000 - 0x00007ffacf165000 	C:\Users\MSII\AppData\Roaming\Code\User\globalStorage\redhat.java\1.54.0\config_win\org.eclipse.equinox.launcher\org.eclipse.equinox.launcher.win32.win32.x86_64_1.3.0.v20260203-2149\eclipse_11919.dll
0x00007ffb37ba0000 - 0x00007ffb37d37000 	C:\WINDOWS\System32\ole32.dll
0x00007ffb34570000 - 0x00007ffb3458b000 	C:\WINDOWS\SYSTEM32\CRYPTSP.dll
0x00007ffb33b60000 - 0x00007ffb33b99000 	C:\WINDOWS\system32\rsaenh.dll
0x00007ffb34290000 - 0x00007ffb342c3000 	C:\WINDOWS\SYSTEM32\USERENV.dll
0x00007ffb34d60000 - 0x00007ffb34d8a000 	C:\WINDOWS\SYSTEM32\bcrypt.dll
0x00007ffb34590000 - 0x00007ffb3459c000 	C:\WINDOWS\SYSTEM32\CRYPTBASE.dll
0x00007ffb33680000 - 0x00007ffb336b2000 	C:\WINDOWS\SYSTEM32\IPHLPAPI.DLL
0x00007ffb37ee0000 - 0x00007ffb37eea000 	C:\WINDOWS\System32\NSI.dll
0x00007fface850000 - 0x00007fface899000 	C:\Users\MSII\AppData\Local\Temp\jna-2376006\jna1417373638392871161.dll
0x00007ffb37e10000 - 0x00007ffb37e18000 	C:\WINDOWS\System32\PSAPI.DLL
0x00007ffb2e8d0000 - 0x00007ffb2e8ed000 	C:\WINDOWS\SYSTEM32\dhcpcsvc6.DLL
0x00007ffb2e8a0000 - 0x00007ffb2e8c5000 	C:\WINDOWS\SYSTEM32\dhcpcsvc.DLL
0x00007ffaf6dd0000 - 0x00007ffaf6df7000 	C:\Users\MSII\.gradle\native\1def1411415f61bf3af743bc5b6707747c0891f09f0c88961ee8f79bc544acac\windows-amd64\native-platform.dll
0x00007ffb16740000 - 0x00007ffb1674a000 	C:\Users\MSII\.vscode\extensions\redhat.java-1.54.0-win32-x64\jre\21.0.10-win32-x86_64\bin\management.dll
0x00007ffb16730000 - 0x00007ffb1673c000 	C:\Users\MSII\.vscode\extensions\redhat.java-1.54.0-win32-x64\jre\21.0.10-win32-x86_64\bin\management_ext.dll
0x00007ffb21820000 - 0x00007ffb21829000 	C:\Users\MSII\.vscode\extensions\redhat.java-1.54.0-win32-x64\jre\21.0.10-win32-x86_64\bin\extnet.dll
0x00007ffb25d80000 - 0x00007ffb25d8e000 	C:\Users\MSII\.vscode\extensions\redhat.java-1.54.0-win32-x64\jre\21.0.10-win32-x86_64\bin\sunmscapi.dll
0x00007ffb35f50000 - 0x00007ffb360c8000 	C:\WINDOWS\System32\CRYPT32.dll
0x00007ffb34790000 - 0x00007ffb347c0000 	C:\WINDOWS\SYSTEM32\ncrypt.dll
0x00007ffb34740000 - 0x00007ffb3477f000 	C:\WINDOWS\SYSTEM32\NTASN1.dll
0x00007ffb21970000 - 0x00007ffb21978000 	C:\WINDOWS\system32\wshunix.dll

JVMTI agents:
c:\Users\MSII\.vscode\extensions\redhat.java-1.54.0-win32-x64\lombok\lombok-1.18.39-4050.jar path:c:\Users\MSII\.vscode\extensions\redhat.java-1.54.0-win32-x64\jre\21.0.10-win32-x86_64\bin\instrument.dll, loaded, initialized, instrumentlib options:none

dbghelp: loaded successfully - version: 4.0.5 - missing functions: none
symbol engine: initialized successfully - sym options: 0x614 - pdb path: .;c:\Users\MSII\.vscode\extensions\redhat.java-1.54.0-win32-x64\jre\21.0.10-win32-x86_64\bin;C:\WINDOWS\SYSTEM32;C:\WINDOWS\WinSxS\amd64_microsoft.windows.common-controls_6595b64144ccf1df_6.0.26100.8457_none_3e0b2faee331e92d;c:\Users\MSII\.vscode\extensions\redhat.java-1.54.0-win32-x64\jre\21.0.10-win32-x86_64\bin\server;C:\Users\MSII\AppData\Roaming\Code\User\globalStorage\redhat.java\1.54.0\config_win\org.eclipse.equinox.launcher\org.eclipse.equinox.launcher.win32.win32.x86_64_1.3.0.v20260203-2149;C:\Users\MSII\AppData\Local\Temp\jna-2376006;C:\Users\MSII\.gradle\native\1def1411415f61bf3af743bc5b6707747c0891f09f0c88961ee8f79bc544acac\windows-amd64

VM Arguments:
jvm_args: --add-modules=ALL-SYSTEM --add-opens=java.base/java.util=ALL-UNNAMED --add-opens=java.base/java.lang=ALL-UNNAMED --add-opens=java.base/sun.nio.fs=ALL-UNNAMED -Declipse.application=org.eclipse.jdt.ls.core.id1 -Dosgi.bundles.defaultStartLevel=4 -Declipse.product=org.eclipse.jdt.ls.core.product -Djava.import.generatesMetadataFilesAtProjectRoot=false -DDetectVMInstallationsJob.disabled=true -Dfile.encoding=utf8 -XX:+UseParallelGC -XX:GCTimeRatio=4 -XX:AdaptiveSizePolicyWeight=90 -Dsun.zip.disableMemoryMapping=true -Xmx2G -Xms100m -Xlog:disable -javaagent:c:\Users\MSII\.vscode\extensions\redhat.java-1.54.0-win32-x64\lombok\lombok-1.18.39-4050.jar -XX:+HeapDumpOnOutOfMemoryError -XX:HeapDumpPath=c:\Users\MSII\AppData\Roaming\Code\User\workspaceStorage\41f71686529a171f14a72201e03ca8f4\redhat.java -Daether.dependencyCollector.impl=bf 
java_command: c:\Users\MSII\.vscode\extensions\redhat.java-1.54.0-win32-x64\server\plugins\org.eclipse.equinox.launcher_1.7.100.v20251111-0406.jar -configuration c:\Users\MSII\AppData\Roaming\Code\User\globalStorage\redhat.java\1.54.0\config_win -data c:\Users\MSII\AppData\Roaming\Code\User\workspaceStorage\41f71686529a171f14a72201e03ca8f4\redhat.java\jdt_ws --pipe=\\.\pipe\lsp-7f178bdbb6fc46b055963a0b88cbb652-sock
java_class_path (initial): c:\Users\MSII\.vscode\extensions\redhat.java-1.54.0-win32-x64\server\plugins\org.eclipse.equinox.launcher_1.7.100.v20251111-0406.jar
Launcher Type: SUN_STANDARD

[Global flags]
    uintx AdaptiveSizePolicyWeight                 = 90                                        {product} {command line}
     intx CICompilerCount                          = 4                                         {product} {ergonomic}
    uintx GCTimeRatio                              = 4                                         {product} {command line}
     bool HeapDumpOnOutOfMemoryError               = true                                   {manageable} {command line}
    ccstr HeapDumpPath                             = c:\Users\MSII\AppData\Roaming\Code\User\workspaceStorage\41f71686529a171f14a72201e03ca8f4\redhat.java         {manageable} {command line}
   size_t InitialHeapSize                          = 104857600                                 {product} {command line}
   size_t MaxHeapSize                              = 2147483648                                {product} {command line}
   size_t MaxNewSize                               = 715653120                                 {product} {ergonomic}
   size_t MinHeapDeltaBytes                        = 524288                                    {product} {ergonomic}
   size_t MinHeapSize                              = 104857600                                 {product} {command line}
   size_t NewSize                                  = 34603008                                  {product} {ergonomic}
    uintx NonNMethodCodeHeapSize                   = 5839372                                {pd product} {ergonomic}
    uintx NonProfiledCodeHeapSize                  = 122909434                              {pd product} {ergonomic}
   size_t OldSize                                  = 70254592                                  {product} {ergonomic}
    uintx ProfiledCodeHeapSize                     = 122909434                              {pd product} {ergonomic}
    uintx ReservedCodeCacheSize                    = 251658240                              {pd product} {ergonomic}
     bool SegmentedCodeCache                       = true                                      {product} {ergonomic}
   size_t SoftMaxHeapSize                          = 2147483648                             {manageable} {ergonomic}
     bool UseCompressedOops                        = true                           {product lp64_product} {ergonomic}
     bool UseLargePagesIndividualAllocation        = false                                  {pd product} {ergonomic}
     bool UseParallelGC                            = true                                      {product} {command line}

Logging:
Log output configuration:
 #0: stdout all=off uptime,level,tags foldmultilines=false
 #1: stderr all=off uptime,level,tags foldmultilines=false

Release file:
JAVA_VERSION="21.0.10" 
MODULES="java.base java.compiler java.datatransfer java.xml java.prefs java.desktop java.instrument java.logging java.management java.security.sasl java.naming java.rmi java.management.rmi java.net.http java.scripting java.security.jgss java.transaction.xa java.sql java.sql.rowset java.xml.crypto java.se java.smartcardio jdk.accessibility jdk.internal.jvmstat jdk.attach jdk.charsets jdk.internal.opt jdk.zipfs jdk.compiler jdk.crypto.ec jdk.crypto.cryptoki jdk.crypto.mscapi jdk.dynalink jdk.internal.ed jdk.editpad jdk.hotspot.agent jdk.httpserver jdk.internal.le jdk.internal.vm.ci jdk.internal.vm.compiler jdk.internal.vm.compiler.management jdk.jartool jdk.javadoc jdk.jcmd jdk.management jdk.management.agent jdk.jconsole jdk.jdeps jdk.jdwp.agent jdk.jdi jdk.jfr jdk.jshell jdk.jsobject jdk.jstatd jdk.localedata jdk.management.jfr jdk.naming.dns jdk.naming.rmi jdk.net jdk.nio.mapmode jdk.random jdk.sctp jdk.security.auth jdk.security.jgss jdk.unsupported jdk.unsupported.desktop jdk.xml.dom" 

Environment Variables:
PATH=C:\Users\MSII\AppData\Local\Programs\Microsoft VS Code;C:\Program Files\Common Files\Oracle\Java\javapath;C:\Program Files (x86)\Common Files\Oracle\Java\java8path;C:\Program Files (x86)\Common Files\Oracle\Java\javapath;C:\Windows\system32;C:\Windows;C:\Windows\System32\Wbem;C:\Windows\System32\WindowsPowerShell\v1.0\;C:\Windows\System32\OpenSSH\;C:\Program Files (x86)\NVIDIA Corporation\PhysX\Common;C:\Program Files\NVIDIA Corporation\NVIDIA NvDLISR;C:\WINDOWS\system32;C:\WINDOWS;C:\WINDOWS\System32\Wbem;C:\WINDOWS\System32\WindowsPowerShell\v1.0\;C:\WINDOWS\System32\OpenSSH\;C:\Program Files\dotnet\;C:\Program Files (x86)\Windows Kits\10\Windows Performance Toolkit\;C:\Program Files\Git\cmd;C:\Program Files\Go\bin;C:\Program Files\nodejs\;C:\Program Files\Docker\Docker\resources\bin;C:\Program Files\k6\;C:\Users\MSII\scoop\shims;C:\Users\MSII\AppData\Local\Programs\Python\Python312\Scripts\;C:\Users\MSII\AppData\Local\Programs\Python\Python312\;C:\Users\MSII\AppData\Local\Programs\Python\Launcher\;C:\Users\MSII\AppData\Local\Microsoft\WindowsApps;C:\Users\MSII\AppData\Local\Programs\Microsoft VS Code\bin;C:\dev\flutter\bin;C:\Users\MSII\go\bin;C:\Users\MSII\AppData\Roaming\npm;C:\Users\MSII\AppData\Local\Pub\Cache\bin;
USERNAME=MSII
OS=Windows_NT
PROCESSOR_IDENTIFIER=Intel64 Family 6 Model 154 Stepping 3, GenuineIntel
TMP=C:\Users\MSII\AppData\Local\Temp
TEMP=C:\Users\MSII\AppData\Local\Temp




Periodic native trim disabled

---------------  S Y S T E M  ---------------

OS:
 Windows 11 , 64 bit Build 26100 (10.0.26100.8328)
OS uptime: 0 days 15:06 hours
Hyper-V role detected

CPU: total 12 (initial active 12) (6 cores per cpu, 2 threads per core) family 6 model 154 stepping 3 microcode 0x424, cx8, cmov, fxsr, ht, mmx, 3dnowpref, sse, sse2, sse3, ssse3, sse4.1, sse4.2, popcnt, lzcnt, tsc, tscinvbit, avx, avx2, aes, erms, clmul, bmi1, bmi2, adx, sha, fma, vzeroupper, clflush, clflushopt, clwb, hv, serialize, rdtscp, rdpid, fsrm, f16c, cet_ibt, cet_ss
Processor Information for the first 12 processors :
  Max Mhz: 2000, Current Mhz: 2000, Mhz Limit: 2000

Memory: 4k page, system-wide physical 16087M (675M free)
TotalPageFile size 34933M (AvailPageFile size 0M)
current process WorkingSet (physical memory assigned to process): 251M, peak: 269M
current process commit charge ("private bytes"): 370M, peak: 385M

vm_info: OpenJDK 64-Bit Server VM (21.0.10+7-LTS) for windows-amd64 JRE (21.0.10+7-LTS), built on 2026-01-20T00:00:00Z by "admin" with MS VC++ 17.12 (VS2022)

END.
