#
# There is insufficient memory for the Java Runtime Environment to continue.
# Native memory allocation (malloc) failed to allocate 32784 bytes. Error detail: Chunk::new
# Possible reasons:
#   The system is out of physical RAM or swap space
#   This process is running with CompressedOops enabled, and the Java Heap may be blocking the growth of the native heap
# Possible solutions:
#   Reduce memory load on the system
#   Increase physical memory or swap space
#   Check if swap backing store is full
#   Decrease Java heap size (-Xmx/-Xms)
#
#  Out of Memory Error
#
# 
      4       lombok.patcher.PatchScript::classMatches (41 bytes)

Stack: [0x000000a19b800000,0x000000a19b900000]
Native frames: (J=compiled Java code, j=interpreted, Vv=VM code, C=native code)
V  [jvm.dll+0x6d7a39]
V  [jvm.dll+0x8b4b26]
V  [jvm.dll+0x8b70de]
V  [jvm.dll+0x8b77c3]
V  [jvm.dll+0x284346]
V  [jvm.dll+0xc66ed]
V  [jvm.dll+0xc6c31]
V  [jvm.dll+0xd26cd]
V  [jvm.dll+0x5fea9f]
V  [jvm.dll+0x255b17]
V  [jvm.dll+0x24e12a]
V  [jvm.dll+0x24ba42]
V  [jvm.dll+0x1cb34e]
V  [jvm.dll+0x25b85d]
V  [jvm.dll+0x259dea]
V  [jvm.dll+0x3f857e]
V  [jvm.dll+0x85f59d]
V  [jvm.dll+0x6d626d]
C  [ucrtbase.dll+0x37b0]
C  [KERNEL32.DLL+0x2e957]
C  [ntdll.dll+0x427c]


---------------  P R O C E S S  ---------------

Threads class SMR info:
_java_thread_list=0x000001f26cc77860, length=18, elements={
0x000001f24cd44e90, 0x000001f2676f4090, 0x000001f2676f70c0, 0x000001f2676fba60,
0x000001f2676fe9d0, 0x000001f2677008f0, 0x000001f267701480, 0x000001f267705810,
0x000001f267712ce0, 0x000001f2679a32d0, 0x000001f267a93e80, 0x000001f26c6d3570,
0x000001f26c7b7730, 0x000001f26c7548e0, 0x000001f26c7583a0, 0x000001f26cc09d80,
0x000001f26c8ed2b0, 0x000001f26d1506e0
}

Java Threads: ( => current thread )
  0x000001f24cd44e90 JavaThread "main"                              [_thread_blocked, id=35008, stack(0x000000a19ae00000,0x000000a19af00000) (1024K)]
  0x000001f2676f4090 JavaThread "Reference Handler"          daemon [_thread_blocked, id=35048, stack(0x000000a19b200000,0x000000a19b300000) (1024K)]
  0x000001f2676f70c0 JavaThread "Finalizer"                  daemon [_thread_blocked, id=35052, stack(0x000000a19b300000,0x000000a19b400000) (1024K)]
  0x000001f2676fba60 JavaThread "Signal Dispatcher"          daemon [_thread_blocked, id=35056, stack(0x000000a19b400000,0x000000a19b500000) (1024K)]
  0x000001f2676fe9d0 JavaThread "Attach Listener"            daemon [_thread_blocked, id=35060, stack(0x000000a19b500000,0x000000a19b600000) (1024K)]
  0x000001f2677008f0 JavaThread "Service Thread"             daemon [_thread_blocked, id=35064, stack(0x000000a19b600000,0x000000a19b700000) (1024K)]
  0x000001f267701480 JavaThread "Monitor Deflation Thread"   daemon [_thread_blocked, id=35068, stack(0x000000a19b700000,0x000000a19b800000) (1024K)]
=>0x000001f267705810 JavaThread "C2 CompilerThread0"         daemon [_thread_in_native, id=35072, stack(0x000000a19b800000,0x000000a19b900000) (1024K)]
  0x000001f267712ce0 JavaThread "C1 CompilerThread0"         daemon [_thread_blocked, id=35076, stack(0x000000a19b900000,0x000000a19ba00000) (1024K)]
  0x000001f2679a32d0 JavaThread "Common-Cleaner"             daemon [_thread_blocked, id=35140, stack(0x000000a19bb00000,0x000000a19bc00000) (1024K)]
  0x000001f267a93e80 JavaThread "Notification Thread"        daemon [_thread_blocked, id=35280, stack(0x000000a19bc00000,0x000000a19bd00000) (1024K)]
  0x000001f26c6d3570 JavaThread "Active Thread: Equinox Container: 5291bd49-ebaf-417e-ad29-3b9a6ceeffe8"        [_thread_blocked, id=35624, stack(0x000000a19c300000,0x000000a19c400000) (1024K)]
  0x000001f26c7b7730 JavaThread "Refresh Thread: Equinox Container: 5291bd49-ebaf-417e-ad29-3b9a6ceeffe8" daemon [_thread_blocked, id=18928, stack(0x000000a19c400000,0x000000a19c500000) (1024K)]
  0x000001f26c7548e0 JavaThread "Framework Event Dispatcher: Equinox Container: 5291bd49-ebaf-417e-ad29-3b9a6ceeffe8" daemon [_thread_blocked, id=34920, stack(0x000000a19c500000,0x000000a19c600000) (1024K)]
  0x000001f26c7583a0 JavaThread "Start Level: Equinox Container: 5291bd49-ebaf-417e-ad29-3b9a6ceeffe8" daemon [_thread_in_vm, id=34908, stack(0x000000a19c600000,0x000000a19c700000) (1024K)]
  0x000001f26cc09d80 JavaThread "Bundle File Closer"         daemon [_thread_blocked, id=16164, stack(0x000000a19cb00000,0x000000a19cc00000) (1024K)]
  0x000001f26c8ed2b0 JavaThread "SCR Component Actor"        daemon [_thread_blocked, id=4424, stack(0x000000a19c800000,0x000000a19c900000) (1024K)]
  0x000001f26d1506e0 JavaThread "Worker-JM"                         [_thread_blocked, id=21308, stack(0x000000a19cd00000,0x000000a19ce00000) (1024K)]
Total: 18

Other Threads:
  0x000001f24cdfe370 VMThread "VM Thread"                           [id=35044, stack(0x000000a19b100000,0x000000a19b200000) (1024K)]
  0x000001f2655abb20 WatcherThread "VM Periodic Task Thread"        [id=35020, stack(0x000000a19b000000,0x000000a19b100000) (1024K)]
  0x000001f24cd63210 WorkerThread "GC Thread#0"                     [id=35016, stack(0x000000a19af00000,0x000000a19b000000) (1024K)]
  0x000001f26c0de710 WorkerThread "GC Thread#1"                     [id=35408, stack(0x000000a19bd00000,0x000000a19be00000) (1024K)]
  0x000001f26c4e4a60 WorkerThread "GC Thread#2"                     [id=35412, stack(0x000000a19be00000,0x000000a19bf00000) (1024K)]
  0x000001f26c800080 WorkerThread "GC Thread#3"                     [id=35416, stack(0x000000a19bf00000,0x000000a19c000000) (1024K)]
  0x000001f26c800430 WorkerThread "GC Thread#4"                     [id=35420, stack(0x000000a19c000000,0x000000a19c100000) (1024K)]
  0x000001f26c800bf0 WorkerThread "GC Thread#5"                     [id=35424, stack(0x000000a19c100000,0x000000a19c200000) (1024K)]
  0x000001f26c4ec990 WorkerThread "GC Thread#6"                     [id=35428, stack(0x000000a19c200000,0x000000a19c300000) (1024K)]
  0x000001f26c7b6920 WorkerThread "GC Thread#7"                     [id=35824, stack(0x000000a19ba00000,0x000000a19bb00000) (1024K)]
  0x000001f26cbc18b0 WorkerThread "GC Thread#8"                     [id=17864, stack(0x000000a19c900000,0x000000a19ca00000) (1024K)]
  0x000001f26cab9140 WorkerThread "GC Thread#9"                     [id=32924, stack(0x000000a19ca00000,0x000000a19cb00000) (1024K)]
Total: 12

Threads with active compile tasks:
C2 CompilerThread0  6160 2984       4       lombok.patcher.PatchScript::classMatches (41 bytes)
Total: 1

VM state: not at safepoint (normal execution)

VM Mutex/Monitor currently owned by a thread:  ([mutex/lock_event])
[0x00007ffaa839c4e0] Metaspace_lock - owner thread: 0x000001f26c7583a0

Heap address: 0x0000000080000000, size: 2048 MB, Compressed Oops mode: 32-bit

CDS archive(s) mapped at: [0x000001f200000000-0x000001f200ba0000-0x000001f200ba0000), size 12189696, SharedBaseAddress: 0x000001f200000000, ArchiveRelocationMode: 1.
Compressed class space mapped at: 0x000001f201000000-0x000001f241000000, reserved size: 1073741824
Narrow klass base: 0x000001f200000000, Narrow klass shift: 0, Narrow klass range: 0x100000000

GC Precious Log:
 CardTable entry size: 512
 CPUs: 12 total, 12 available
 Memory: 16087M
 Large Page Support: Disabled
 NUMA Support: Disabled
 Compressed Oops: Enabled (32-bit)
 Alignments: Space 512K, Generation 512K, Heap 2M
 Heap Min Capacity: 100M
 Heap Initial Capacity: 100M
 Heap Max Capacity: 2G
 Pre-touch: Disabled
 Parallel Workers: 10

Heap:
 PSYoungGen      total 29696K, used 27588K [0x00000000d5580000, 0x00000000d7680000, 0x0000000100000000)
  eden space 25600K, 91% used [0x00000000d5580000,0x00000000d6c77380,0x00000000d6e80000)
  from space 4096K, 99% used [0x00000000d7280000,0x00000000d7679de0,0x00000000d7680000)
  to   space 4096K, 0% used [0x00000000d6e80000,0x00000000d6e80000,0x00000000d7280000)
 ParOldGen       total 68608K, used 6332K [0x0000000080000000, 0x0000000084300000, 0x00000000d5580000)
  object space 68608K, 9% used [0x0000000080000000,0x000000008062f238,0x0000000084300000)
 Metaspace       used 15176K, committed 15680K, reserved 1114112K
  class space    used 1574K, committed 1792K, reserved 1048576K

Card table byte_map: [0x000001f2609e0000,0x000001f260df0000] _byte_map_base: 0x000001f2605e0000

Marking Bits: (ParMarkBitMap*) 0x00007ffaa83a3450
 Begin Bits: [0x000001f2610a0000, 0x000001f2630a0000)
 End Bits:   [0x000001f2630a0000, 0x000001f2650a0000)

Polling page: 0x000001f24ccb0000

Metaspace:

Usage:
  Non-class:     13.28 MB used.
      Class:      1.54 MB used.
       Both:     14.82 MB used.

Virtual space:
  Non-class space:       64.00 MB reserved,      13.56 MB ( 21%) committed,  1 nodes.
      Class space:        1.00 GB reserved,       1.75 MB ( <1%) committed,  1 nodes.
             Both:        1.06 GB reserved,      15.31 MB (  1%) committed. 

Chunk freelists:
   Non-Class:  1.92 MB
       Class:  14.27 MB
        Both:  16.19 MB

MaxMetaspaceSize: unlimited
CompressedClassSpaceSize: 1.00 GB
Initial GC threshold: 21.00 MB
Current GC threshold: 21.00 MB
CDS: on
 - commit_granule_bytes: 65536.
 - commit_granule_words: 8192.
 - virtual_space_node_default_size: 8388608.
 - enlarge_chunks_in_place: 1.
 - use_allocation_guard: 0.


Internal statistics:

num_allocs_failed_limit: 0.
num_arena_births: 406.
num_arena_deaths: 0.
num_vsnodes_births: 2.
num_vsnodes_deaths: 0.
num_space_committed: 245.
num_space_uncommitted: 0.
num_chunks_returned_to_freelist: 0.
num_chunks_taken_from_freelist: 924.
num_chunk_merges: 0.
num_chunk_splits: 582.
num_chunks_enlarged: 379.
num_inconsistent_stats: 0.

CodeHeap 'non-profiled nmethods': size=120000Kb used=1406Kb max_used=1406Kb free=118594Kb
 bounds [0x000001f2592d0000, 0x000001f259540000, 0x000001f260800000]
CodeHeap 'profiled nmethods': size=120000Kb used=6014Kb max_used=6014Kb free=113985Kb
 bounds [0x000001f251800000, 0x000001f251de0000, 0x000001f258d30000]
CodeHeap 'non-nmethods': size=5760Kb used=1259Kb max_used=1272Kb free=4501Kb
 bounds [0x000001f258d30000, 0x000001f258fa0000, 0x000001f2592d0000]
CodeCache: size=245760Kb, used=8679Kb, max_used=8692Kb, free=237080Kb
 total_blobs=3516, nmethods=2987, adapters=435, full_count=0
Compilation: enabled, stopped_count=0, restarted_count=0

Compilation events (20 events):
Event: 6.110 Thread 0x000001f267712ce0 nmethod 2976 0x000001f251dd8f90 code [0x000001f251dd9240, 0x000001f251dda040]
Event: 6.110 Thread 0x000001f267712ce0 2977       3       java.util.Properties::loadConvert (540 bytes)
Event: 6.111 Thread 0x000001f267712ce0 nmethod 2977 0x000001f251dda510 code [0x000001f251dda800, 0x000001f251ddbaa8]
Event: 6.111 Thread 0x000001f267712ce0 2978       3       java.lang.invoke.LambdaFormEditor$TransformKey::packedBytes (37 bytes)
Event: 6.111 Thread 0x000001f267705810 2979       4       java.lang.invoke.LambdaForm::uncustomize (57 bytes)
Event: 6.111 Thread 0x000001f267712ce0 nmethod 2978 0x000001f251ddc110 code [0x000001f251ddc2a0, 0x000001f251ddc3b0]
Event: 6.111 Thread 0x000001f267712ce0 2980       3       java.util.Arrays::copyOfRange (11 bytes)
Event: 6.111 Thread 0x000001f267705810 nmethod 2979 0x000001f259426890 code [0x000001f259426a20, 0x000001f259426ad0]
Event: 6.112 Thread 0x000001f267712ce0 nmethod 2980 0x000001f251ddc410 code [0x000001f251ddc5c0, 0x000001f251ddc710]
Event: 6.117 Thread 0x000001f267712ce0 2981   !   3       org.eclipse.osgi.container.Module::start (662 bytes)
Event: 6.124 Thread 0x000001f267705810 2984       4       lombok.patcher.PatchScript::classMatches (41 bytes)
Event: 6.125 Thread 0x000001f267712ce0 nmethod 2981 0x000001f259426b90 code [0x000001f259427640, 0x000001f25942caf0]
Event: 6.125 Thread 0x000001f267712ce0 2982   !   3       org.eclipse.osgi.internal.loader.ModuleClassLoader::defineClass (67 bytes)
Event: 6.126 Thread 0x000001f267712ce0 nmethod 2982 0x000001f251ddc810 code [0x000001f251ddca20, 0x000001f251ddd090]
Event: 6.126 Thread 0x000001f267712ce0 2983       1       java.lang.invoke.MethodHandle::internalForm (5 bytes)
Event: 6.126 Thread 0x000001f267712ce0 nmethod 2983 0x000001f25942f510 code [0x000001f25942f6a0, 0x000001f25942f768]
Event: 6.131 Thread 0x000001f267712ce0 2985       3       java.util.ArrayDeque::addFirst (51 bytes)
Event: 6.132 Thread 0x000001f267712ce0 nmethod 2985 0x000001f251ddd410 code [0x000001f251ddd600, 0x000001f251ddda70]
Event: 6.132 Thread 0x000001f267712ce0 2986       3       java.util.ArrayDeque::dec (13 bytes)
Event: 6.132 Thread 0x000001f267712ce0 nmethod 2986 0x000001f251dddc10 code [0x000001f251dddda0, 0x000001f251dddec8]

GC Heap History (8 events):
Event: 1.261 GC heap before
{Heap before GC invocations=1 (full 0):
 PSYoungGen      total 29696K, used 25600K [0x00000000d5580000, 0x00000000d7680000, 0x0000000100000000)
  eden space 25600K, 100% used [0x00000000d5580000,0x00000000d6e80000,0x00000000d6e80000)
  from space 4096K, 0% used [0x00000000d7280000,0x00000000d7280000,0x00000000d7680000)
  to   space 4096K, 0% used [0x00000000d6e80000,0x00000000d6e80000,0x00000000d7280000)
 ParOldGen       total 68608K, used 0K [0x0000000080000000, 0x0000000084300000, 0x00000000d5580000)
  object space 68608K, 0% used [0x0000000080000000,0x0000000080000000,0x0000000084300000)
 Metaspace       used 4359K, committed 4608K, reserved 1114112K
  class space    used 474K, committed 576K, reserved 1048576K
}
Event: 1.268 GC heap after
{Heap after GC invocations=1 (full 0):
 PSYoungGen      total 29696K, used 3303K [0x00000000d5580000, 0x00000000d7680000, 0x0000000100000000)
  eden space 25600K, 0% used [0x00000000d5580000,0x00000000d5580000,0x00000000d6e80000)
  from space 4096K, 80% used [0x00000000d6e80000,0x00000000d71b9e98,0x00000000d7280000)
  to   space 4096K, 0% used [0x00000000d7280000,0x00000000d7280000,0x00000000d7680000)
 ParOldGen       total 68608K, used 16K [0x0000000080000000, 0x0000000084300000, 0x00000000d5580000)
  object space 68608K, 0% used [0x0000000080000000,0x0000000080004000,0x0000000084300000)
 Metaspace       used 4359K, committed 4608K, reserved 1114112K
  class space    used 474K, committed 576K, reserved 1048576K
}
Event: 2.573 GC heap before
{Heap before GC invocations=2 (full 0):
 PSYoungGen      total 29696K, used 28903K [0x00000000d5580000, 0x00000000d7680000, 0x0000000100000000)
  eden space 25600K, 100% used [0x00000000d5580000,0x00000000d6e80000,0x00000000d6e80000)
  from space 4096K, 80% used [0x00000000d6e80000,0x00000000d71b9e98,0x00000000d7280000)
  to   space 4096K, 0% used [0x00000000d7280000,0x00000000d7280000,0x00000000d7680000)
 ParOldGen       total 68608K, used 16K [0x0000000080000000, 0x0000000084300000, 0x00000000d5580000)
  object space 68608K, 0% used [0x0000000080000000,0x0000000080004000,0x0000000084300000)
 Metaspace       used 8008K, committed 8256K, reserved 1114112K
  class space    used 830K, committed 960K, reserved 1048576K
}
Event: 2.580 GC heap after
{Heap after GC invocations=2 (full 0):
 PSYoungGen      total 29696K, used 4070K [0x00000000d5580000, 0x00000000d7680000, 0x0000000100000000)
  eden space 25600K, 0% used [0x00000000d5580000,0x00000000d5580000,0x00000000d6e80000)
  from space 4096K, 99% used [0x00000000d7280000,0x00000000d7679820,0x00000000d7680000)
  to   space 4096K, 0% used [0x00000000d6e80000,0x00000000d6e80000,0x00000000d7280000)
 ParOldGen       total 68608K, used 2065K [0x0000000080000000, 0x0000000084300000, 0x00000000d5580000)
  object space 68608K, 3% used [0x0000000080000000,0x00000000802046a8,0x0000000084300000)
 Metaspace       used 8008K, committed 8256K, reserved 1114112K
  class space    used 830K, committed 960K, reserved 1048576K
}
Event: 3.085 GC heap before
{Heap before GC invocations=3 (full 0):
 PSYoungGen      total 29696K, used 29670K [0x00000000d5580000, 0x00000000d7680000, 0x0000000100000000)
  eden space 25600K, 100% used [0x00000000d5580000,0x00000000d6e80000,0x00000000d6e80000)
  from space 4096K, 99% used [0x00000000d7280000,0x00000000d7679820,0x00000000d7680000)
  to   space 4096K, 0% used [0x00000000d6e80000,0x00000000d6e80000,0x00000000d7280000)
 ParOldGen       total 68608K, used 2065K [0x0000000080000000, 0x0000000084300000, 0x00000000d5580000)
  object space 68608K, 3% used [0x0000000080000000,0x00000000802046a8,0x0000000084300000)
 Metaspace       used 9426K, committed 9728K, reserved 1114112K
  class space    used 1005K, committed 1152K, reserved 1048576K
}
Event: 3.091 GC heap after
{Heap after GC invocations=3 (full 0):
 PSYoungGen      total 29696K, used 4095K [0x00000000d5580000, 0x00000000d7680000, 0x0000000100000000)
  eden space 25600K, 0% used [0x00000000d5580000,0x00000000d5580000,0x00000000d6e80000)
  from space 4096K, 99% used [0x00000000d6e80000,0x00000000d727fcb0,0x00000000d7280000)
  to   space 4096K, 0% used [0x00000000d7280000,0x00000000d7280000,0x00000000d7680000)
 ParOldGen       total 68608K, used 5075K [0x0000000080000000, 0x0000000084300000, 0x00000000d5580000)
  object space 68608K, 7% used [0x0000000080000000,0x00000000804f4da0,0x0000000084300000)
 Metaspace       used 9426K, committed 9728K, reserved 1114112K
  class space    used 1005K, committed 1152K, reserved 1048576K
}
Event: 5.477 GC heap before
{Heap before GC invocations=4 (full 0):
 PSYoungGen      total 29696K, used 29695K [0x00000000d5580000, 0x00000000d7680000, 0x0000000100000000)
  eden space 25600K, 100% used [0x00000000d5580000,0x00000000d6e80000,0x00000000d6e80000)
  from space 4096K, 99% used [0x00000000d6e80000,0x00000000d727fcb0,0x00000000d7280000)
  to   space 4096K, 0% used [0x00000000d7280000,0x00000000d7280000,0x00000000d7680000)
 ParOldGen       total 68608K, used 5075K [0x0000000080000000, 0x0000000084300000, 0x00000000d5580000)
  object space 68608K, 7% used [0x0000000080000000,0x00000000804f4da0,0x0000000084300000)
 Metaspace       used 11637K, committed 12032K, reserved 1114112K
  class space    used 1225K, committed 1408K, reserved 1048576K
}
Event: 5.482 GC heap after
{Heap after GC invocations=4 (full 0):
 PSYoungGen      total 29696K, used 4071K [0x00000000d5580000, 0x00000000d7680000, 0x0000000100000000)
  eden space 25600K, 0% used [0x00000000d5580000,0x00000000d5580000,0x00000000d6e80000)
  from space 4096K, 99% used [0x00000000d7280000,0x00000000d7679de0,0x00000000d7680000)
  to   space 4096K, 0% used [0x00000000d6e80000,0x00000000d6e80000,0x00000000d7280000)
 ParOldGen       total 68608K, used 6332K [0x0000000080000000, 0x0000000084300000, 0x00000000d5580000)
  object space 68608K, 9% used [0x0000000080000000,0x000000008062f238,0x0000000084300000)
 Metaspace       used 11637K, committed 12032K, reserved 1114112K
  class space    used 1225K, committed 1408K, reserved 1048576K
}

Dll operation events (9 events):
Event: 0.015 Loaded shared library c:\Users\MSII\.vscode\extensions\redhat.java-1.54.0-win32-x64\jre\21.0.10-win32-x86_64\bin\java.dll
Event: 0.127 Loaded shared library c:\Users\MSII\.vscode\extensions\redhat.java-1.54.0-win32-x64\jre\21.0.10-win32-x86_64\bin\zip.dll
Event: 0.219 Loaded shared library C:\Users\MSII\.vscode\extensions\redhat.java-1.54.0-win32-x64\jre\21.0.10-win32-x86_64\bin\instrument.dll
Event: 0.227 Loaded shared library C:\Users\MSII\.vscode\extensions\redhat.java-1.54.0-win32-x64\jre\21.0.10-win32-x86_64\bin\net.dll
Event: 0.232 Loaded shared library C:\Users\MSII\.vscode\extensions\redhat.java-1.54.0-win32-x64\jre\21.0.10-win32-x86_64\bin\nio.dll
Event: 0.240 Loaded shared library C:\Users\MSII\.vscode\extensions\redhat.java-1.54.0-win32-x64\jre\21.0.10-win32-x86_64\bin\zip.dll
Event: 0.291 Loaded shared library C:\Users\MSII\.vscode\extensions\redhat.java-1.54.0-win32-x64\jre\21.0.10-win32-x86_64\bin\jimage.dll
Event: 0.424 Loaded shared library c:\Users\MSII\.vscode\extensions\redhat.java-1.54.0-win32-x64\jre\21.0.10-win32-x86_64\bin\verify.dll
Event: 2.601 Loaded shared library C:\Users\MSII\AppData\Roaming\Code\User\globalStorage\redhat.java\1.54.0\config_win\org.eclipse.equinox.launcher\org.eclipse.equinox.launcher.win32.win32.x86_64_1.3.0.v20260203-2149\eclipse_11919.dll

Deoptimization events (20 events):
Event: 5.684 Thread 0x000001f26c7583a0 Uncommon trap: trap_request=0xffffffc6 fr.pc=0x000001f25940593c relative=0x00000000000005fc
Event: 5.684 Thread 0x000001f26c7583a0 Uncommon trap: reason=bimorphic_or_optimized_type_check action=maybe_recompile pc=0x000001f25940593c method=java.io.DataInputStream.readUnsignedByte()I @ 4 c2
Event: 5.684 Thread 0x000001f26c7583a0 DEOPT PACKING pc=0x000001f25940593c sp=0x000000a19c6fb660
Event: 5.684 Thread 0x000001f26c7583a0 DEOPT UNPACKING pc=0x000001f258d83aa2 sp=0x000000a19c6fb5c8 mode 2
Event: 5.684 Thread 0x000001f26c7583a0 Uncommon trap: trap_request=0xffffffc6 fr.pc=0x000001f25940693c relative=0x00000000000005fc
Event: 5.684 Thread 0x000001f26c7583a0 Uncommon trap: reason=bimorphic_or_optimized_type_check action=maybe_recompile pc=0x000001f25940693c method=java.io.DataInputStream.readUnsignedByte()I @ 4 c2
Event: 5.684 Thread 0x000001f26c7583a0 DEOPT PACKING pc=0x000001f25940693c sp=0x000000a19c6fb600
Event: 5.684 Thread 0x000001f26c7583a0 DEOPT UNPACKING pc=0x000001f258d83aa2 sp=0x000000a19c6fb5c8 mode 2
Event: 5.739 Thread 0x000001f26c7583a0 Uncommon trap: trap_request=0xffffffcc fr.pc=0x000001f2594121c4 relative=0x0000000000000204
Event: 5.739 Thread 0x000001f26c7583a0 Uncommon trap: reason=intrinsic_or_type_checked_inlining action=make_not_entrant pc=0x000001f2594121c4 method=java.util.Arrays.copyOf([Ljava/lang/Object;ILjava/lang/Class;)[Ljava/lang/Object; @ 35 c2
Event: 5.739 Thread 0x000001f26c7583a0 DEOPT PACKING pc=0x000001f2594121c4 sp=0x000000a19c6fdb20
Event: 5.739 Thread 0x000001f26c7583a0 DEOPT UNPACKING pc=0x000001f258d83aa2 sp=0x000000a19c6fdab0 mode 2
Event: 6.014 Thread 0x000001f26c7583a0 Uncommon trap: trap_request=0xffffff45 fr.pc=0x000001f259328e04 relative=0x0000000000000f44
Event: 6.014 Thread 0x000001f26c7583a0 Uncommon trap: reason=unstable_if action=reinterpret pc=0x000001f259328e04 method=lombok.patcher.PatchScript.classMatches(Ljava/lang/String;Ljava/util/Collection;)Z @ 25 c2
Event: 6.014 Thread 0x000001f26c7583a0 DEOPT PACKING pc=0x000001f259328e04 sp=0x000000a19c6f6b00
Event: 6.014 Thread 0x000001f26c7583a0 DEOPT UNPACKING pc=0x000001f258d83aa2 sp=0x000000a19c6f6ac0 mode 2
Event: 6.109 Thread 0x000001f26c7583a0 Uncommon trap: trap_request=0xffffff45 fr.pc=0x000001f2593dc4f4 relative=0x0000000000001254
Event: 6.109 Thread 0x000001f26c7583a0 Uncommon trap: reason=unstable_if action=reinterpret pc=0x000001f2593dc4f4 method=java.util.Properties.loadConvert([CIILjava/lang/StringBuilder;)Ljava/lang/String; @ 491 c2
Event: 6.109 Thread 0x000001f26c7583a0 DEOPT PACKING pc=0x000001f2593dc4f4 sp=0x000000a19c6f78b0
Event: 6.109 Thread 0x000001f26c7583a0 DEOPT UNPACKING pc=0x000001f258d83aa2 sp=0x000000a19c6f78a0 mode 2

Classes loaded (20 events):
Event: 6.027 Loading class java/io/ObjectStreamConstants done
Event: 6.027 Loading class java/io/ObjectInputStream done
Event: 6.027 Loading class java/io/ObjectOutputStream
Event: 6.027 Loading class java/io/ObjectOutput
Event: 6.027 Loading class java/io/ObjectOutput done
Event: 6.027 Loading class java/io/ObjectOutputStream done
Event: 6.028 Loading class java/lang/constant/ClassDesc
Event: 6.028 Loading class java/lang/constant/ClassDesc done
Event: 6.028 Loading class jdk/internal/vm/annotation/ForceInline
Event: 6.029 Loading class jdk/internal/vm/annotation/ForceInline done
Event: 6.105 Loading class java/lang/IllegalCallerException
Event: 6.105 Loading class java/lang/IllegalCallerException done
Event: 6.112 Loading class java/lang/invoke/DirectMethodHandle$1
Event: 6.112 Loading class java/lang/invoke/DirectMethodHandle$1 done
Event: 6.121 Loading class java/text/MessageFormat
Event: 6.122 Loading class java/text/MessageFormat done
Event: 6.124 Loading class java/text/FieldPosition$Delegate
Event: 6.124 Loading class java/text/FieldPosition$Delegate done
Event: 6.124 Loading class java/text/MessageFormat$Field
Event: 6.124 Loading class java/text/MessageFormat$Field done

Classes unloaded (0 events):
No events

Classes redefined (0 events):
No events

Internal exceptions (20 events):
Event: 2.165 Thread 0x000001f24cd44e90 Exception <a 'java/lang/ClassNotFoundException'{0x00000000d6a36440}: sun/net/www/protocol/plurl/Handler> (0x00000000d6a36440) 
thrown [s\src\hotspot\share\classfile\systemDictionary.cpp, line 312]
Event: 2.165 Thread 0x000001f24cd44e90 Exception <a 'java/lang/ClassNotFoundException'{0x00000000d6a372c0}: sun/net/www/protocol/plurl/Handler> (0x00000000d6a372c0) 
thrown [s\src\hotspot\share\classfile\systemDictionary.cpp, line 312]
Event: 2.594 Thread 0x000001f24cd44e90 Exception <a 'java/lang/UnsatisfiedLinkError'{0x00000000d55d3a20}: 'void org.eclipse.equinox.launcher.JNIBridge._update_splash()'> (0x00000000d55d3a20) 
thrown [s\src\hotspot\share\prims\nativeLookup.cpp, line 415]
Event: 2.658 Thread 0x000001f26c7b7730 Exception <a 'java/lang/NoSuchMethodError'{0x00000000d586b2c0}: 'void java.lang.invoke.DirectMethodHandle$Holder.invokeInterface(java.lang.Object, java.lang.Object, java.lang.Object)'> (0x00000000d586b2c0) 
thrown [s\src\hotspot\share\interpreter\linkResolver.cpp, line 773]
Event: 2.761 Thread 0x000001f26c7583a0 Exception <a 'java/lang/NoSuchMethodError'{0x00000000d5cb6298}: 'java.lang.Object java.lang.invoke.DirectMethodHandle$Holder.newInvokeSpecial(java.lang.Object, java.lang.Object, int, java.lang.Object)'> (0x00000000d5cb6298) 
thrown [s\src\hotspot\share\interpreter\linkResolver.cpp, line 773]
Event: 2.762 Thread 0x000001f26c7583a0 Exception <a 'java/lang/NoSuchMethodError'{0x00000000d5cba0c8}: 'java.lang.Object java.lang.invoke.DirectMethodHandle$Holder.invokeSpecial(java.lang.Object, java.lang.Object, java.lang.Object, int, java.lang.Object)'> (0x00000000d5cba0c8) 
thrown [s\src\hotspot\share\interpreter\linkResolver.cpp, line 773]
Event: 2.783 Thread 0x000001f26c7583a0 Exception <a 'java/lang/NoClassDefFoundError'{0x00000000d5d61210}: jakarta/servlet/ServletContainerInitializer> (0x00000000d5d61210) 
thrown [s\src\hotspot\share\classfile\systemDictionary.cpp, line 301]
Event: 2.821 Thread 0x000001f26c7583a0 Exception <a 'java/lang/ClassNotFoundException'{0x00000000d5ebc138}: sun/util/logging/resources/spi/loggingProvider> (0x00000000d5ebc138) 
thrown [s\src\hotspot\share\classfile\systemDictionary.cpp, line 312]
Event: 5.323 Thread 0x000001f26c7583a0 Exception <a 'java/lang/NullPointerException'{0x00000000d675dab8}> (0x00000000d675dab8) 
thrown [s\src\hotspot\share\interpreter\linkResolver.cpp, line 1372]
Event: 5.323 Thread 0x000001f26c7583a0 Exception <a 'java/lang/NullPointerException'{0x00000000d675dd98}> (0x00000000d675dd98) 
thrown [s\src\hotspot\share\interpreter\linkResolver.cpp, line 1372]
Event: 5.589 Thread 0x000001f26c7583a0 Exception <a 'java/lang/NoSuchMethodError'{0x00000000d583b8f0}: 'long java.lang.invoke.DirectMethodHandle$Holder.invokeSpecial(java.lang.Object, java.lang.Object)'> (0x00000000d583b8f0) 
thrown [s\src\hotspot\share\interpreter\linkResolver.cpp, line 773]
Event: 5.672 Thread 0x000001f26c7583a0 Exception <a 'java/io/FileNotFoundException'{0x00000000d5a796b8}> (0x00000000d5a796b8) 
thrown [s\src\hotspot\share\prims\jni.cpp, line 520]
Event: 5.857 Thread 0x000001f26c7583a0 Exception <a 'java/lang/NoSuchMethodError'{0x00000000d5f77248}: 'java.lang.Object java.lang.invoke.Invokers$Holder.linkToTargetMethod(java.lang.Object, long, java.lang.Object)'> (0x00000000d5f77248) 
thrown [s\src\hotspot\share\interpreter\linkResolver.cpp, line 773]
Event: 5.953 Thread 0x000001f26c7583a0 Exception <a 'java/lang/NoSuchMethodError'{0x00000000d64bd098}: 'void java.lang.invoke.Invokers$Holder.invokeExact_MT(java.lang.Object, java.lang.Object, java.lang.Object)'> (0x00000000d64bd098) 
thrown [s\src\hotspot\share\interpreter\linkResolver.cpp, line 773]
Event: 6.033 Thread 0x000001f26c7583a0 Exception <a 'java/lang/NoSuchMethodError'{0x00000000d67bc720}: 'java.lang.Object java.lang.invoke.DirectMethodHandle$Holder.invokeVirtual(java.lang.Object, java.lang.Object, java.lang.Object)'> (0x00000000d67bc720) 
thrown [s\src\hotspot\share\interpreter\linkResolver.cpp, line 773]
Event: 6.037 Thread 0x000001f26c7583a0 Exception <a 'java/lang/NoSuchMethodError'{0x00000000d67d4ab8}: 'java.lang.Object java.lang.invoke.DelegatingMethodHandle$Holder.reinvoke_L(java.lang.Object, java.lang.Object, java.lang.Object, java.lang.Object, int, int)'> (0x00000000d67d4ab8) 
thrown [s\src\hotspot\share\interpreter\linkResolver.cpp, line 773]
Event: 6.041 Thread 0x000001f26c7583a0 Exception <a 'java/lang/NoSuchMethodError'{0x00000000d67f1800}: 'java.lang.Object java.lang.invoke.DirectMethodHandle$Holder.newInvokeSpecial(java.lang.Object, java.lang.Object, java.lang.Object, java.lang.Object, java.lang.Object, java.lang.Object)'> (0x00000000d67f1800) 
thrown [s\src\hotspot\share\interpreter\linkResolver.cpp, line 773]
Event: 6.046 Thread 0x000001f26c7583a0 Exception <a 'java/lang/NoSuchMethodError'{0x00000000d681dc58}: 'void java.lang.invoke.Invokers$Holder.invokeExact_MT(java.lang.Object, java.lang.Object, java.lang.Object, java.lang.Object)'> (0x00000000d681dc58) 
thrown [s\src\hotspot\share\interpreter\linkResolver.cpp, line 773]
Event: 6.129 Thread 0x000001f26c7583a0 Exception <a 'java/io/FileNotFoundException'{0x00000000d6b07f28}> (0x00000000d6b07f28) 
thrown [s\src\hotspot\share\prims\jni.cpp, line 520]
Event: 6.130 Thread 0x000001f26c7583a0 Exception <a 'java/io/FileNotFoundException'{0x00000000d6b0f9d0}> (0x00000000d6b0f9d0) 
thrown [s\src\hotspot\share\prims\jni.cpp, line 520]

ZGC Phase Switch (0 events):
No events

VM Operations (20 events):
Event: 2.809 Executing non-safepoint VM operation: HandshakeAllThreads (Deoptimize)
Event: 2.809 Executing non-safepoint VM operation: HandshakeAllThreads (Deoptimize) done
Event: 2.832 Executing non-safepoint VM operation: HandshakeAllThreads (Deoptimize)
Event: 2.832 Executing non-safepoint VM operation: HandshakeAllThreads (Deoptimize) done
Event: 2.844 Executing non-safepoint VM operation: HandshakeAllThreads (Deoptimize)
Event: 2.844 Executing non-safepoint VM operation: HandshakeAllThreads (Deoptimize) done
Event: 2.887 Executing non-safepoint VM operation: HandshakeAllThreads (Deoptimize)
Event: 2.887 Executing non-safepoint VM operation: HandshakeAllThreads (Deoptimize) done
Event: 3.085 Executing safepoint VM operation: ParallelGCFailedAllocation (Allocation Failure)
Event: 3.091 Executing safepoint VM operation: ParallelGCFailedAllocation (Allocation Failure) done
Event: 4.093 Executing safepoint VM operation: Cleanup
Event: 4.093 Executing safepoint VM operation: Cleanup done
Event: 4.159 Executing non-safepoint VM operation: HandshakeAllThreads (Deoptimize)
Event: 4.159 Executing non-safepoint VM operation: HandshakeAllThreads (Deoptimize) done
Event: 5.169 Executing safepoint VM operation: Cleanup
Event: 5.169 Executing safepoint VM operation: Cleanup done
Event: 5.454 Executing non-safepoint VM operation: HandshakeAllThreads (Deoptimize)
Event: 5.454 Executing non-safepoint VM operation: HandshakeAllThreads (Deoptimize) done
Event: 5.477 Executing safepoint VM operation: ParallelGCFailedAllocation (Allocation Failure)
Event: 5.482 Executing safepoint VM operation: ParallelGCFailedAllocation (Allocation Failure) done

Memory protections (0 events):
No events

Nmethod flushes (0 events):
No events

Events (20 events):
Event: 0.770 Thread 0x000001f267712ce0 Thread added: 0x000001f26c068dd0
Event: 1.081 Thread 0x000001f26c068dd0 Thread exited: 0x000001f26c068dd0
Event: 1.494 Thread 0x000001f267712ce0 Thread added: 0x000001f26c677a90
Event: 1.957 Thread 0x000001f26c677a90 Thread exited: 0x000001f26c677a90
Event: 2.004 Thread 0x000001f24cd44e90 Thread added: 0x000001f26c6d3570
Event: 2.166 Thread 0x000001f2679271b0 Thread exited: 0x000001f2679271b0
Event: 2.592 Thread 0x000001f24cd44e90 Thread added: 0x000001f26c7b7730
Event: 2.663 Thread 0x000001f26c7b7730 Thread added: 0x000001f26c7548e0
Event: 2.668 Thread 0x000001f24cd44e90 Thread added: 0x000001f26c7583a0
Event: 2.892 Thread 0x000001f267712ce0 Thread added: 0x000001f26c886f80
Event: 2.893 Thread 0x000001f267712ce0 Thread added: 0x000001f26c887630
Event: 3.143 Thread 0x000001f26c7583a0 Thread added: 0x000001f26cc09d80
Event: 3.456 Thread 0x000001f26c887630 Thread exited: 0x000001f26c887630
Event: 3.566 Thread 0x000001f26c886f80 Thread exited: 0x000001f26c886f80
Event: 5.258 Thread 0x000001f267712ce0 Thread added: 0x000001f26cae0760
Event: 5.424 Thread 0x000001f26c7583a0 Thread added: 0x000001f26c8ed2b0
Event: 5.605 Thread 0x000001f267705810 Thread added: 0x000001f26cc2d740
Event: 5.912 Thread 0x000001f26c7583a0 Thread added: 0x000001f26d1506e0
Event: 5.942 Thread 0x000001f26cae0760 Thread exited: 0x000001f26cae0760
Event: 5.942 Thread 0x000001f26cc2d740 Thread exited: 0x000001f26cc2d740


Dynamic libraries:
0x00007ff60bba0000 - 0x00007ff60bbae000 	c:\Users\MSII\.vscode\extensions\redhat.java-1.54.0-win32-x64\jre\21.0.10-win32-x86_64\bin\java.exe
0x00007ffb38440000 - 0x00007ffb386a7000 	C:\WINDOWS\SYSTEM32\ntdll.dll
0x00007ffb36c50000 - 0x00007ffb36d19000 	C:\WINDOWS\System32\KERNEL32.DLL
0x00007ffb34f20000 - 0x00007ffb35317000 	C:\WINDOWS\System32\KERNELBASE.dll
0x00007ffb35d70000 - 0x00007ffb35ebb000 	C:\WINDOWS\System32\ucrtbase.dll
0x00007ffb2fdf0000 - 0x00007ffb2fe08000 	c:\Users\MSII\.vscode\extensions\redhat.java-1.54.0-win32-x64\jre\21.0.10-win32-x86_64\bin\jli.dll
0x00007ffb1f2e0000 - 0x00007ffb1f2fe000 	c:\Users\MSII\.vscode\extensions\redhat.java-1.54.0-win32-x64\jre\21.0.10-win32-x86_64\bin\VCRUNTIME140.dll
0x00007ffb363c0000 - 0x00007ffb36586000 	C:\WINDOWS\System32\USER32.dll
0x00007ffb36190000 - 0x00007ffb361b7000 	C:\WINDOWS\System32\win32u.dll
0x00007ffb15720000 - 0x00007ffb159b2000 	C:\WINDOWS\WinSxS\amd64_microsoft.windows.common-controls_6595b64144ccf1df_6.0.26100.8457_none_3e0b2faee331e92d\COMCTL32.dll
0x00007ffb36d20000 - 0x00007ffb36dc9000 	C:\WINDOWS\System32\msvcrt.dll
0x00007ffb36c20000 - 0x00007ffb36c4b000 	C:\WINDOWS\System32\GDI32.dll
0x00007ffb35320000 - 0x00007ffb3544c000 	C:\WINDOWS\System32\gdi32full.dll
0x00007ffb34e70000 - 0x00007ffb34f13000 	C:\WINDOWS\System32\msvcp_win.dll
0x00007ffb36220000 - 0x00007ffb36252000 	C:\WINDOWS\System32\IMM32.DLL
0x00007ffb2d6f0000 - 0x00007ffb2d6fc000 	c:\Users\MSII\.vscode\extensions\redhat.java-1.54.0-win32-x64\jre\21.0.10-win32-x86_64\bin\vcruntime140_1.dll
0x00007ffad6470000 - 0x00007ffad64fd000 	c:\Users\MSII\.vscode\extensions\redhat.java-1.54.0-win32-x64\jre\21.0.10-win32-x86_64\bin\msvcp140.dll
0x00007ffaa76e0000 - 0x00007ffaa8481000 	c:\Users\MSII\.vscode\extensions\redhat.java-1.54.0-win32-x64\jre\21.0.10-win32-x86_64\bin\server\jvm.dll
0x00007ffb37e20000 - 0x00007ffb37ed6000 	C:\WINDOWS\System32\ADVAPI32.dll
0x00007ffb366b0000 - 0x00007ffb36757000 	C:\WINDOWS\System32\sechost.dll
0x00007ffb36590000 - 0x00007ffb366a8000 	C:\WINDOWS\System32\RPCRT4.dll
0x00007ffb37b00000 - 0x00007ffb37b80000 	C:\WINDOWS\System32\WS2_32.dll
0x00007ffb34500000 - 0x00007ffb3455e000 	C:\WINDOWS\SYSTEM32\POWRPROF.dll
0x00007ffb2a330000 - 0x00007ffb2a366000 	C:\WINDOWS\SYSTEM32\WINMM.dll
0x00007ffb259b0000 - 0x00007ffb259bb000 	C:\WINDOWS\SYSTEM32\VERSION.dll
0x00007ffb34370000 - 0x00007ffb34384000 	C:\WINDOWS\SYSTEM32\UMPDC.dll
0x00007ffb33c00000 - 0x00007ffb33c1b000 	C:\WINDOWS\SYSTEM32\kernel.appcore.dll
0x00007ffb2d6d0000 - 0x00007ffb2d6da000 	c:\Users\MSII\.vscode\extensions\redhat.java-1.54.0-win32-x64\jre\21.0.10-win32-x86_64\bin\jimage.dll
0x00007ffb32520000 - 0x00007ffb32762000 	C:\WINDOWS\SYSTEM32\DBGHELP.DLL
0x00007ffb37770000 - 0x00007ffb37af3000 	C:\WINDOWS\System32\combase.dll
0x00007ffb37fc0000 - 0x00007ffb38099000 	C:\WINDOWS\System32\OLEAUT32.dll
0x00007ffb0cc00000 - 0x00007ffb0cc3b000 	C:\WINDOWS\SYSTEM32\dbgcore.DLL
0x00007ffb35450000 - 0x00007ffb354f8000 	C:\WINDOWS\System32\bcryptPrimitives.dll
0x00007ffb16520000 - 0x00007ffb1652f000 	c:\Users\MSII\.vscode\extensions\redhat.java-1.54.0-win32-x64\jre\21.0.10-win32-x86_64\bin\instrument.dll
0x00007ffb1f2c0000 - 0x00007ffb1f2e0000 	c:\Users\MSII\.vscode\extensions\redhat.java-1.54.0-win32-x64\jre\21.0.10-win32-x86_64\bin\java.dll
0x00007ffb36fd0000 - 0x00007ffb3773e000 	C:\WINDOWS\System32\SHELL32.dll
0x00007ffb35500000 - 0x00007ffb35d6c000 	C:\WINDOWS\System32\windows.storage.dll
0x00007ffb38120000 - 0x00007ffb38216000 	C:\WINDOWS\System32\SHCORE.dll
0x00007ffb36e60000 - 0x00007ffb36ec6000 	C:\WINDOWS\System32\shlwapi.dll
0x00007ffb34d90000 - 0x00007ffb34db9000 	C:\WINDOWS\SYSTEM32\profapi.dll
0x00007ffb1bf70000 - 0x00007ffb1bf88000 	c:\Users\MSII\.vscode\extensions\redhat.java-1.54.0-win32-x64\jre\21.0.10-win32-x86_64\bin\zip.dll
0x00007ffb2c880000 - 0x00007ffb2c890000 	C:\Users\MSII\.vscode\extensions\redhat.java-1.54.0-win32-x64\jre\21.0.10-win32-x86_64\bin\net.dll
0x00007ffb2e690000 - 0x00007ffb2e7b9000 	C:\WINDOWS\SYSTEM32\WINHTTP.dll
0x00007ffb341e0000 - 0x00007ffb3424c000 	C:\WINDOWS\system32\mswsock.dll
0x00007ffb1bf00000 - 0x00007ffb1bf16000 	C:\Users\MSII\.vscode\extensions\redhat.java-1.54.0-win32-x64\jre\21.0.10-win32-x86_64\bin\nio.dll
0x00007ffb13ea0000 - 0x00007ffb13eb0000 	c:\Users\MSII\.vscode\extensions\redhat.java-1.54.0-win32-x64\jre\21.0.10-win32-x86_64\bin\verify.dll
0x00007ffacf120000 - 0x00007ffacf165000 	C:\Users\MSII\AppData\Roaming\Code\User\globalStorage\redhat.java\1.54.0\config_win\org.eclipse.equinox.launcher\org.eclipse.equinox.launcher.win32.win32.x86_64_1.3.0.v20260203-2149\eclipse_11919.dll
0x00007ffb37ba0000 - 0x00007ffb37d37000 	C:\WINDOWS\System32\ole32.dll

JVMTI agents:
c:\Users\MSII\.vscode\extensions\redhat.java-1.54.0-win32-x64\lombok\lombok-1.18.39-4050.jar path:c:\Users\MSII\.vscode\extensions\redhat.java-1.54.0-win32-x64\jre\21.0.10-win32-x86_64\bin\instrument.dll, loaded, initialized, instrumentlib options:none

dbghelp: loaded successfully - version: 4.0.5 - missing functions: none
symbol engine: initialized successfully - sym options: 0x614 - pdb path: .;c:\Users\MSII\.vscode\extensions\redhat.java-1.54.0-win32-x64\jre\21.0.10-win32-x86_64\bin;C:\WINDOWS\SYSTEM32;C:\WINDOWS\WinSxS\amd64_microsoft.windows.common-controls_6595b64144ccf1df_6.0.26100.8457_none_3e0b2faee331e92d;c:\Users\MSII\.vscode\extensions\redhat.java-1.54.0-win32-x64\jre\21.0.10-win32-x86_64\bin\server;C:\Users\MSII\AppData\Roaming\Code\User\globalStorage\redhat.java\1.54.0\config_win\org.eclipse.equinox.launcher\org.eclipse.equinox.launcher.win32.win32.x86_64_1.3.0.v20260203-2149

VM Arguments:
jvm_args: --add-modules=ALL-SYSTEM --add-opens=java.base/java.util=ALL-UNNAMED --add-opens=java.base/java.lang=ALL-UNNAMED --add-opens=java.base/sun.nio.fs=ALL-UNNAMED -Declipse.application=org.eclipse.jdt.ls.core.id1 -Dosgi.bundles.defaultStartLevel=4 -Declipse.product=org.eclipse.jdt.ls.core.product -Djava.import.generatesMetadataFilesAtProjectRoot=false -DDetectVMInstallationsJob.disabled=true -Dfile.encoding=utf8 -XX:+UseParallelGC -XX:GCTimeRatio=4 -XX:AdaptiveSizePolicyWeight=90 -Dsun.zip.disableMemoryMapping=true -Xmx2G -Xms100m -Xlog:disable -javaagent:c:\Users\MSII\.vscode\extensions\redhat.java-1.54.0-win32-x64\lombok\lombok-1.18.39-4050.jar -XX:+HeapDumpOnOutOfMemoryError -XX:HeapDumpPath=c:\Users\MSII\AppData\Roaming\Code\User\workspaceStorage\41f71686529a171f14a72201e03ca8f4\redhat.java -Daether.dependencyCollector.impl=bf 
java_command: c:\Users\MSII\.vscode\extensions\redhat.java-1.54.0-win32-x64\server\plugins\org.eclipse.equinox.launcher_1.7.100.v20251111-0406.jar -configuration c:\Users\MSII\AppData\Roaming\Code\User\globalStorage\redhat.java\1.54.0\config_win -data c:\Users\MSII\AppData\Roaming\Code\User\workspaceStorage\41f71686529a171f14a72201e03ca8f4\redhat.java\jdt_ws --pipe=\\.\pipe\lsp-abd04b2f573882014bee34f29d885bf4-sock
java_class_path (initial): c:\Users\MSII\.vscode\extensions\redhat.java-1.54.0-win32-x64\server\plugins\org.eclipse.equinox.launcher_1.7.100.v20251111-0406.jar
Launcher Type: SUN_STANDARD

[Global flags]
    uintx AdaptiveSizePolicyWeight                 = 90                                        {product} {command line}
     intx CICompilerCount                          = 4                                         {product} {ergonomic}
    uintx GCTimeRatio                              = 4                                         {product} {command line}
     bool HeapDumpOnOutOfMemoryError               = true                                   {manageable} {command line}
    ccstr HeapDumpPath                             = c:\Users\MSII\AppData\Roaming\Code\User\workspaceStorage\41f71686529a171f14a72201e03ca8f4\redhat.java         {manageable} {command line}
   size_t InitialHeapSize                          = 104857600                                 {product} {command line}
   size_t MaxHeapSize                              = 2147483648                                {product} {command line}
   size_t MaxNewSize                               = 715653120                                 {product} {ergonomic}
   size_t MinHeapDeltaBytes                        = 524288                                    {product} {ergonomic}
   size_t MinHeapSize                              = 104857600                                 {product} {command line}
   size_t NewSize                                  = 34603008                                  {product} {ergonomic}
    uintx NonNMethodCodeHeapSize                   = 5839372                                {pd product} {ergonomic}
    uintx NonProfiledCodeHeapSize                  = 122909434                              {pd product} {ergonomic}
   size_t OldSize                                  = 70254592                                  {product} {ergonomic}
    uintx ProfiledCodeHeapSize                     = 122909434                              {pd product} {ergonomic}
    uintx ReservedCodeCacheSize                    = 251658240                              {pd product} {ergonomic}
     bool SegmentedCodeCache                       = true                                      {product} {ergonomic}
   size_t SoftMaxHeapSize                          = 2147483648                             {manageable} {ergonomic}
     bool UseCompressedOops                        = true                           {product lp64_product} {ergonomic}
     bool UseLargePagesIndividualAllocation        = false                                  {pd product} {ergonomic}
     bool UseParallelGC                            = true                                      {product} {command line}

Logging:
Log output configuration:
 #0: stdout all=off uptime,level,tags foldmultilines=false
 #1: stderr all=off uptime,level,tags foldmultilines=false

Release file:
JAVA_VERSION="21.0.10" 
MODULES="java.base java.compiler java.datatransfer java.xml java.prefs java.desktop java.instrument java.logging java.management java.security.sasl java.naming java.rmi java.management.rmi java.net.http java.scripting java.security.jgss java.transaction.xa java.sql java.sql.rowset java.xml.crypto java.se java.smartcardio jdk.accessibility jdk.internal.jvmstat jdk.attach jdk.charsets jdk.internal.opt jdk.zipfs jdk.compiler jdk.crypto.ec jdk.crypto.cryptoki jdk.crypto.mscapi jdk.dynalink jdk.internal.ed jdk.editpad jdk.hotspot.agent jdk.httpserver jdk.internal.le jdk.internal.vm.ci jdk.internal.vm.compiler jdk.internal.vm.compiler.management jdk.jartool jdk.javadoc jdk.jcmd jdk.management jdk.management.agent jdk.jconsole jdk.jdeps jdk.jdwp.agent jdk.jdi jdk.jfr jdk.jshell jdk.jsobject jdk.jstatd jdk.localedata jdk.management.jfr jdk.naming.dns jdk.naming.rmi jdk.net jdk.nio.mapmode jdk.random jdk.sctp jdk.security.auth jdk.security.jgss jdk.unsupported jdk.unsupported.desktop jdk.xml.dom" 

Environment Variables:
PATH=C:\Users\MSII\AppData\Local\Programs\Microsoft VS Code;C:\Program Files\Common Files\Oracle\Java\javapath;C:\Program Files (x86)\Common Files\Oracle\Java\java8path;C:\Program Files (x86)\Common Files\Oracle\Java\javapath;C:\Windows\system32;C:\Windows;C:\Windows\System32\Wbem;C:\Windows\System32\WindowsPowerShell\v1.0\;C:\Windows\System32\OpenSSH\;C:\Program Files (x86)\NVIDIA Corporation\PhysX\Common;C:\Program Files\NVIDIA Corporation\NVIDIA NvDLISR;C:\WINDOWS\system32;C:\WINDOWS;C:\WINDOWS\System32\Wbem;C:\WINDOWS\System32\WindowsPowerShell\v1.0\;C:\WINDOWS\System32\OpenSSH\;C:\Program Files\dotnet\;C:\Program Files (x86)\Windows Kits\10\Windows Performance Toolkit\;C:\Program Files\Git\cmd;C:\Program Files\Go\bin;C:\Program Files\nodejs\;C:\Program Files\Docker\Docker\resources\bin;C:\Program Files\k6\;C:\Users\MSII\scoop\shims;C:\Users\MSII\AppData\Local\Programs\Python\Python312\Scripts\;C:\Users\MSII\AppData\Local\Programs\Python\Python312\;C:\Users\MSII\AppData\Local\Programs\Python\Launcher\;C:\Users\MSII\AppData\Local\Microsoft\WindowsApps;C:\Users\MSII\AppData\Local\Programs\Microsoft VS Code\bin;C:\dev\flutter\bin;C:\Users\MSII\go\bin;C:\Users\MSII\AppData\Roaming\npm;C:\Users\MSII\AppData\Local\Pub\Cache\bin;
USERNAME=MSII
OS=Windows_NT
PROCESSOR_IDENTIFIER=Intel64 Family 6 Model 154 Stepping 3, GenuineIntel
TMP=C:\Users\MSII\AppData\Local\Temp
TEMP=C:\Users\MSII\AppData\Local\Temp




Periodic native trim disabled

---------------  S Y S T E M  ---------------

OS:
 Windows 11 , 64 bit Build 26100 (10.0.26100.8328)
OS uptime: 0 days 15:06 hours
Hyper-V role detected

CPU: total 12 (initial active 12) (6 cores per cpu, 2 threads per core) family 6 model 154 stepping 3 microcode 0x424, cx8, cmov, fxsr, ht, mmx, 3dnowpref, sse, sse2, sse3, ssse3, sse4.1, sse4.2, popcnt, lzcnt, tsc, tscinvbit, avx, avx2, aes, erms, clmul, bmi1, bmi2, adx, sha, fma, vzeroupper, clflush, clflushopt, clwb, hv, serialize, rdtscp, rdpid, fsrm, f16c, cet_ibt, cet_ss
Processor Information for the first 12 processors :
  Max Mhz: 2000, Current Mhz: 2000, Mhz Limit: 2000

Memory: 4k page, system-wide physical 16087M (906M free)
TotalPageFile size 34933M (AvailPageFile size 0M)
current process WorkingSet (physical memory assigned to process): 120M, peak: 120M
current process commit charge ("private bytes"): 264M, peak: 264M

vm_info: OpenJDK 64-Bit Server VM (21.0.10+7-LTS) for windows-amd64 JRE (21.0.10+7-LTS), built on 2026-01-20T00:00:00Z by "admin" with MS VC++ 17.12 (VS2022)

END.
