#
# There is insufficient memory for the Java Runtime Environment to continue.
# Native memory allocation (malloc) failed to allocate 1061648 bytes for Chunk::new
# Possible reasons:
#   The system is out of physical RAM or swap space
#   The process is running with CompressedOops enabled, and the Java Heap may be blocking the growth of the native heap
# Possible solutions:
#   Reduce memory load on the system
#   Increase physical memory or swap space
#   Check if swap backing store is full
#   Decrease Java heap size (-Xmx/-Xms)
#   Decrease number of Java threads
#   Decrease Java thread stack sizes (-Xss)
#   Set larger code cache with -XX:ReservedCodeCacheSize=
#   JVM is running with Zero Based Compressed Oops mode in which the Java heap is
#     placed in the first 32GB address space. The Java Heap base address is the
#     maximum limit for the native heap growth. Please use -XX:HeapBaseMinAddress
#     to set the Java Heap base and to place the Java Heap above 32GB virtual address.
# This output file may be truncated or incomplete.
#
#  Out of Memory Error (arena.cpp:168), pid=34396, tid=33136
#
# JRE version: Java(TM) SE Runtime Environment (21.0.1+12) (build 21.0.1+12-LTS-29)
# Java VM: Java HotSpot(TM) 64-Bit Server VM (21.0.1+12-LTS-29, mixed mode, sharing, tiered, compressed oops, compressed class ptrs, g1 gc, windows-amd64)
# No core dump will be written. Minidumps are not enabled by default on client versions of Windows
#

---------------  S U M M A R Y ------------

Command Line: --add-opens=java.base/java.lang=ALL-UNNAMED --add-opens=java.base/java.lang.invoke=ALL-UNNAMED --add-opens=java.base/java.util=ALL-UNNAMED --add-opens=java.prefs/java.util.prefs=ALL-UNNAMED --add-exports=jdk.compiler/com.sun.tools.javac.api=ALL-UNNAMED --add-exports=jdk.compiler/com.sun.tools.javac.util=ALL-UNNAMED --add-opens=java.base/java.util=ALL-UNNAMED --add-opens=java.prefs/java.util.prefs=ALL-UNNAMED --add-opens=java.base/java.nio.charset=ALL-UNNAMED --add-opens=java.base/java.net=ALL-UNNAMED --add-opens=java.base/java.util.concurrent.atomic=ALL-UNNAMED --add-opens=java.xml/javax.xml.namespace=ALL-UNNAMED -XX:MaxMetaspaceSize=4G -XX:ReservedCodeCacheSize=512m -XX:+HeapDumpOnOutOfMemoryError -Xmx8G -Dfile.encoding=UTF-8 -Duser.country=US -Duser.language=en -Duser.variant -javaagent:C:\Users\MSII\.gradle\wrapper\dists\gradle-8.14-all\c2qonpi39x1mddn7hk5gh9iqj\gradle-8.14\lib\agents\gradle-instrumentation-agent-8.14.jar org.gradle.launcher.daemon.bootstrap.GradleDaemon 8.14

Host: 12th Gen Intel(R) Core(TM) i5-12450H, 12 cores, 15G,  Windows 11 , 64 bit Build 26100 (10.0.26100.8328)
Time: Sun May 17 21:13:35 2026 SE Asia Standard Time elapsed time: 28.940736 seconds (0d 0h 0m 28s)

---------------  T H R E A D  ---------------

Current thread (0x0000019df00ffc70):  JavaThread "C2 CompilerThread0" daemon [_thread_in_native, id=33136, stack(0x000000258a000000,0x000000258a100000) (1024K)]


Current CompileTask:
C2:  28940 10657   !   4       java.io.ObjectOutputStream::writeObject0 (620 bytes)

Stack: [0x000000258a000000,0x000000258a100000]
Native frames: (J=compiled Java code, j=interpreted, Vv=VM code, C=native code)
V  [jvm.dll+0x6c9029]
V  [jvm.dll+0x854b81]
V  [jvm.dll+0x856e5e]
V  [jvm.dll+0x857543]
V  [jvm.dll+0x280c06]
V  [jvm.dll+0xc3ead]
V  [jvm.dll+0xc43c3]
V  [jvm.dll+0x3b576c]
V  [jvm.dll+0x1e1ec3]
V  [jvm.dll+0x249c22]
V  [jvm.dll+0x2490b1]
V  [jvm.dll+0x1c9ca1]
V  [jvm.dll+0x2586b9]
V  [jvm.dll+0x256c9a]
V  [jvm.dll+0x3ef1b6]
V  [jvm.dll+0x7fd728]
V  [jvm.dll+0x6c777d]
C  [ucrtbase.dll+0x37b0]
C  [KERNEL32.DLL+0x2e957]
C  [ntdll.dll+0x427c]


---------------  P R O C E S S  ---------------

Threads class SMR info:
_java_thread_list=0x0000019e3b7d1e20, length=153, elements={
0x0000019dd928cec0, 0x0000019df00f3370, 0x0000019df00f6b00, 0x0000019df00f8280,
0x0000019df00facf0, 0x0000019df00fd760, 0x0000019df00fe1c0, 0x0000019df00ffc70,
0x0000019df0102440, 0x0000019df0c5d140, 0x0000019df0e73060, 0x0000019e376522b0,
0x0000019e37679bf0, 0x0000019e377bb4d0, 0x0000019e37741e30, 0x0000019e377a7d70,
0x0000019e37796d10, 0x0000019e377973a0, 0x0000019e377945b0, 0x0000019e3a08d740,
0x0000019e3a08d0b0, 0x0000019e3a08eaf0, 0x0000019e3a08f180, 0x0000019e3a08f810,
0x0000019e3a08fea0, 0x0000019e3a090530, 0x0000019e3a091250, 0x0000019e3a08ddd0,
0x0000019e3a0939b0, 0x0000019e3a092600, 0x0000019e3a094040, 0x0000019e3a092c90,
0x0000019e3a091f70, 0x0000019e3a0946d0, 0x0000019e36a5bc00, 0x0000019e36a5c290,
0x0000019e36a5c920, 0x0000019e36a5cfb0, 0x0000019e36a5e360, 0x0000019e36a5d640,
0x0000019e36a5dcd0, 0x0000019e36a5aee0, 0x0000019e36a5f710, 0x0000019e36a617e0,
0x0000019e36a5f080, 0x0000019e36a61150, 0x0000019e36a60430, 0x0000019e36a5e9f0,
0x0000019e36a62500, 0x0000019e36a60ac0, 0x0000019e36a5fda0, 0x0000019e37793f20,
0x0000019e377952d0, 0x0000019e37795960, 0x0000019e37795ff0, 0x0000019e37796680,
0x0000019e3a08e460, 0x0000019e39ed2830, 0x0000019e39ed21a0, 0x0000019e39ed0760,
0x0000019e39ed2ec0, 0x0000019e39ed3be0, 0x0000019e39ed4270, 0x0000019e39ed0df0,
0x0000019e39ed3550, 0x0000019e39ed4900, 0x0000019e39ed1480, 0x0000019e39ed4f90,
0x0000019e39ed1b10, 0x0000019e39ed76f0, 0x0000019e39ed7060, 0x0000019e39ed7d80,
0x0000019e39ed5620, 0x0000019e39ed5cb0, 0x0000019e39ed6340, 0x0000019e39ed69d0,
0x0000019e3a97a6f0, 0x0000019e3a97ad80, 0x0000019e3a97b410, 0x0000019e3a97d4e0,
0x0000019e3a97ce50, 0x0000019e36904130, 0x0000019e37cc41d0, 0x0000019e37cc4860,
0x0000019e37cc7650, 0x0000019e37cc9090, 0x0000019e37cc6fc0, 0x0000019e37cc7ce0,
0x0000019e37cc8370, 0x0000019e37cc8a00, 0x0000019e37cc5c10, 0x0000019e37cc9720,
0x0000019e37cc62a0, 0x0000019e37cc9db0, 0x0000019e37ccb160, 0x0000019e37cca440,
0x0000019e37ccaad0, 0x0000019e3b5bc7b0, 0x0000019e3b5c02c0, 0x0000019e3b5bce40,
0x0000019e3b5bfc30, 0x0000019e3b5be1f0, 0x0000019e3b5c0950, 0x0000019e3b5bd4d0,
0x0000019e3b5c0fe0, 0x0000019e3b5bef10, 0x0000019e3b5bdb60, 0x0000019e3b5bf5a0,
0x0000019e3b5c1670, 0x0000019e3b5c1d00, 0x0000019e3b5be880, 0x0000019e3b5c2390,
0x0000019e3b5c30b0, 0x0000019e3b5c2a20, 0x0000019e3b5c3740, 0x0000019e3b5c3dd0,
0x0000019e3a66fcf0, 0x0000019e3a671730, 0x0000019e3a66e2b0, 0x0000019e3a66efd0,
0x0000019e3a671dc0, 0x0000019e3a66f660, 0x0000019e3a670380, 0x0000019e3a670a10,
0x0000019e3a6710a0, 0x0000019e3a66e940, 0x0000019e3a674520, 0x0000019e3a674bb0,
0x0000019e3a672450, 0x0000019e3a673800, 0x0000019e3a673e90, 0x0000019e3a675240,
0x0000019e3a672ae0, 0x0000019e385c2f80, 0x0000019e385c1bd0, 0x0000019e385c2260,
0x0000019e385c4330, 0x0000019e385c28f0, 0x0000019e385c49c0, 0x0000019e385c3610,
0x0000019e385c3ca0, 0x0000019e385c1540, 0x0000019e385c6a90, 0x0000019e385c6400,
0x0000019e385c77b0, 0x0000019e385c7e40, 0x0000019e385c84d0, 0x0000019e385c7120,
0x0000019e385c5050, 0x0000019e385c8b60, 0x0000019e385c56e0, 0x0000019e385c5d70,
0x0000019e3b7d2e80
}

Java Threads: ( => current thread )
  0x0000019dd928cec0 JavaThread "main"                              [_thread_blocked, id=19452, stack(0x0000002589200000,0x0000002589300000) (1024K)]
  0x0000019df00f3370 JavaThread "Reference Handler"          daemon [_thread_blocked, id=32612, stack(0x0000002589a00000,0x0000002589b00000) (1024K)]
  0x0000019df00f6b00 JavaThread "Finalizer"                  daemon [_thread_blocked, id=22464, stack(0x0000002589b00000,0x0000002589c00000) (1024K)]
  0x0000019df00f8280 JavaThread "Signal Dispatcher"          daemon [_thread_blocked, id=9432, stack(0x0000002589c00000,0x0000002589d00000) (1024K)]
  0x0000019df00facf0 JavaThread "Attach Listener"            daemon [_thread_blocked, id=29932, stack(0x0000002589d00000,0x0000002589e00000) (1024K)]
  0x0000019df00fd760 JavaThread "Service Thread"             daemon [_thread_blocked, id=25788, stack(0x0000002589e00000,0x0000002589f00000) (1024K)]
  0x0000019df00fe1c0 JavaThread "Monitor Deflation Thread"   daemon [_thread_blocked, id=5240, stack(0x0000002589f00000,0x000000258a000000) (1024K)]
=>0x0000019df00ffc70 JavaThread "C2 CompilerThread0"         daemon [_thread_in_native, id=33136, stack(0x000000258a000000,0x000000258a100000) (1024K)]
  0x0000019df0102440 JavaThread "C1 CompilerThread0"         daemon [_thread_in_vm, id=26568, stack(0x000000258a100000,0x000000258a200000) (1024K)]
  0x0000019df0c5d140 JavaThread "Common-Cleaner"             daemon [_thread_blocked, id=21584, stack(0x000000258a200000,0x000000258a300000) (1024K)]
  0x0000019df0e73060 JavaThread "Notification Thread"        daemon [_thread_blocked, id=3576, stack(0x000000258a300000,0x000000258a400000) (1024K)]
  0x0000019e376522b0 JavaThread "Daemon health stats"               [_thread_blocked, id=17180, stack(0x000000258aa00000,0x000000258ab00000) (1024K)]
  0x0000019e37679bf0 JavaThread "Incoming local TCP Connector on port 58242"        [_thread_in_native, id=22032, stack(0x000000258ab00000,0x000000258ac00000) (1024K)]
  0x0000019e377bb4d0 JavaThread "Daemon periodic checks"            [_thread_blocked, id=21404, stack(0x000000258ac00000,0x000000258ad00000) (1024K)]
  0x0000019e37741e30 JavaThread "Daemon"                            [_thread_blocked, id=23776, stack(0x000000258ad00000,0x000000258ae00000) (1024K)]
  0x0000019e377a7d70 JavaThread "Daemon worker"                     [_thread_blocked, id=34176, stack(0x000000258b000000,0x000000258b100000) (1024K)]
  0x0000019e37796d10 JavaThread "Cache worker for journal cache (C:\Users\MSII\.gradle\caches\journal-1)"        [_thread_blocked, id=9832, stack(0x000000258a900000,0x000000258aa00000) (1024K)]
  0x0000019e377973a0 JavaThread "File lock request listener"        [_thread_in_native, id=6148, stack(0x000000258b800000,0x000000258b900000) (1024K)]
  0x0000019e377945b0 JavaThread "Cache worker for file hash cache (C:\Users\MSII\.gradle\caches\8.14\fileHashes)"        [_thread_in_native, id=28684, stack(0x000000258b900000,0x000000258ba00000) (1024K)]
  0x0000019e3a08d740 JavaThread "File watcher server"        daemon [_thread_in_native, id=28720, stack(0x000000258c000000,0x000000258c100000) (1024K)]
  0x0000019e3a08d0b0 JavaThread "File watcher consumer"      daemon [_thread_blocked, id=34504, stack(0x000000258c100000,0x000000258c200000) (1024K)]
  0x0000019e3a08eaf0 JavaThread "jar transforms"                    [_thread_blocked, id=31620, stack(0x000000258c200000,0x000000258c300000) (1024K)]
  0x0000019e3a08f180 JavaThread "jar transforms Thread 2"           [_thread_blocked, id=5984, stack(0x000000258c300000,0x000000258c400000) (1024K)]
  0x0000019e3a08f810 JavaThread "jar transforms Thread 3"           [_thread_blocked, id=32148, stack(0x000000258c400000,0x000000258c500000) (1024K)]
  0x0000019e3a08fea0 JavaThread "jar transforms Thread 4"           [_thread_blocked, id=30800, stack(0x000000258bb00000,0x000000258bc00000) (1024K)]
  0x0000019e3a090530 JavaThread "jar transforms Thread 5"           [_thread_blocked, id=17328, stack(0x000000258ba00000,0x000000258bb00000) (1024K)]
  0x0000019e3a091250 JavaThread "Cache worker for file content cache (C:\Users\MSII\.gradle\caches\8.14\fileContent)"        [_thread_blocked, id=30712, stack(0x000000258c800000,0x000000258c900000) (1024K)]
  0x0000019e3a08ddd0 JavaThread "jar transforms Thread 6"           [_thread_blocked, id=25976, stack(0x000000258c900000,0x000000258ca00000) (1024K)]
  0x0000019e3a0939b0 JavaThread "jar transforms Thread 7"           [_thread_blocked, id=10108, stack(0x000000258ca00000,0x000000258cb00000) (1024K)]
  0x0000019e3a092600 JavaThread "jar transforms Thread 8"           [_thread_blocked, id=25104, stack(0x000000258cb00000,0x000000258cc00000) (1024K)]
  0x0000019e3a094040 JavaThread "jar transforms Thread 9"           [_thread_blocked, id=26268, stack(0x000000258cc00000,0x000000258cd00000) (1024K)]
  0x0000019e3a092c90 JavaThread "jar transforms Thread 10"          [_thread_blocked, id=5184, stack(0x000000258cd00000,0x000000258ce00000) (1024K)]
  0x0000019e3a091f70 JavaThread "jar transforms Thread 11"          [_thread_blocked, id=21096, stack(0x000000258ce00000,0x000000258cf00000) (1024K)]
  0x0000019e3a0946d0 JavaThread "jar transforms Thread 12"          [_thread_blocked, id=22860, stack(0x000000258cf00000,0x000000258d000000) (1024K)]
  0x0000019e36a5bc00 JavaThread "VFS cleanup"                       [_thread_blocked, id=34604, stack(0x000000258b100000,0x000000258b200000) (1024K)]
  0x0000019e36a5c290 JavaThread "Handler for socket connection from /127.0.0.1:58242 to /127.0.0.1:60417"        [_thread_in_native, id=16232, stack(0x000000258ae00000,0x000000258af00000) (1024K)]
  0x0000019e36a5c920 JavaThread "Cancel handler"                    [_thread_blocked, id=30844, stack(0x000000258af00000,0x000000258b000000) (1024K)]
  0x0000019e36a5cfb0 JavaThread "Asynchronous log dispatcher for DefaultDaemonConnection: socket connection from /127.0.0.1:58242 to /127.0.0.1:60417"        [_thread_blocked, id=27456, stack(0x000000258b200000,0x000000258b300000) (1024K)]
  0x0000019e36a5e360 JavaThread "Stdin handler"                     [_thread_blocked, id=3136, stack(0x000000258b300000,0x000000258b400000) (1024K)]
  0x0000019e36a5d640 JavaThread "Daemon client event forwarder"        [_thread_in_native, id=5596, stack(0x000000258be00000,0x000000258bf00000) (1024K)]
  0x0000019e36a5dcd0 JavaThread "Cache worker for file hash cache (C:\Users\MSII\smnt\smart_niti_app\technician_app\android\.gradle\8.14\fileHashes)"        [_thread_blocked, id=29268, stack(0x000000258bf00000,0x000000258c000000) (1024K)]
  0x0000019e36a5aee0 JavaThread "Cache worker for Build Output Cleanup Cache (C:\Users\MSII\smnt\smart_niti_app\technician_app\android\.gradle\buildOutputCleanup)"        [_thread_blocked, id=33888, stack(0x000000258c500000,0x000000258c600000) (1024K)]
  0x0000019e36a5f710 JavaThread "Cache worker for checksums cache (C:\Users\MSII\smnt\smart_niti_app\technician_app\android\.gradle\8.14\checksums)"        [_thread_blocked, id=34552, stack(0x000000258c600000,0x000000258c700000) (1024K)]
  0x0000019e36a617e0 JavaThread "Cache worker for cache directory md-supplier (C:\Users\MSII\.gradle\caches\8.14\md-supplier)"        [_thread_blocked, id=21224, stack(0x000000258c700000,0x000000258c800000) (1024K)]
  0x0000019e36a5f080 JavaThread "Cache worker for cache directory md-rule (C:\Users\MSII\.gradle\caches\8.14\md-rule)"        [_thread_blocked, id=27028, stack(0x000000258d000000,0x000000258d100000) (1024K)]
  0x0000019e36a61150 JavaThread "Cache worker for Build Output Cleanup Cache (C:\dev\flutter\packages\flutter_tools\gradle\.gradle\buildOutputCleanup)"        [_thread_blocked, id=34752, stack(0x000000258d100000,0x000000258d200000) (1024K)]
  0x0000019e36a60430 JavaThread "Unconstrained build operations"        [_thread_blocked, id=9872, stack(0x000000258d400000,0x000000258d500000) (1024K)]
  0x0000019e36a5e9f0 JavaThread "Unconstrained build operations Thread 2"        [_thread_blocked, id=14780, stack(0x000000258d500000,0x000000258d600000) (1024K)]
  0x0000019e36a62500 JavaThread "Unconstrained build operations Thread 3"        [_thread_blocked, id=14244, stack(0x000000258d600000,0x000000258d700000) (1024K)]
  0x0000019e36a60ac0 JavaThread "Unconstrained build operations Thread 4"        [_thread_blocked, id=17300, stack(0x000000258d700000,0x000000258d800000) (1024K)]
  0x0000019e36a5fda0 JavaThread "Unconstrained build operations Thread 5"        [_thread_blocked, id=2960, stack(0x000000258d800000,0x000000258d900000) (1024K)]
  0x0000019e37793f20 JavaThread "Unconstrained build operations Thread 6"        [_thread_blocked, id=27608, stack(0x000000258d900000,0x000000258da00000) (1024K)]
  0x0000019e377952d0 JavaThread "Unconstrained build operations Thread 7"        [_thread_blocked, id=29536, stack(0x000000258da00000,0x000000258db00000) (1024K)]
  0x0000019e37795960 JavaThread "Unconstrained build operations Thread 8"        [_thread_blocked, id=33744, stack(0x000000258db00000,0x000000258dc00000) (1024K)]
  0x0000019e37795ff0 JavaThread "Unconstrained build operations Thread 9"        [_thread_blocked, id=9920, stack(0x000000258dc00000,0x000000258dd00000) (1024K)]
  0x0000019e37796680 JavaThread "Unconstrained build operations Thread 10"        [_thread_blocked, id=25928, stack(0x000000258dd00000,0x000000258de00000) (1024K)]
  0x0000019e3a08e460 JavaThread "Unconstrained build operations Thread 11"        [_thread_blocked, id=34372, stack(0x000000258de00000,0x000000258df00000) (1024K)]
  0x0000019e39ed2830 JavaThread "Unconstrained build operations Thread 12"        [_thread_blocked, id=16840, stack(0x000000258df00000,0x000000258e000000) (1024K)]
  0x0000019e39ed21a0 JavaThread "Unconstrained build operations Thread 13"        [_thread_blocked, id=25652, stack(0x000000258e000000,0x000000258e100000) (1024K)]
  0x0000019e39ed0760 JavaThread "Unconstrained build operations Thread 14"        [_thread_blocked, id=29272, stack(0x000000258e100000,0x000000258e200000) (1024K)]
  0x0000019e39ed2ec0 JavaThread "Unconstrained build operations Thread 15"        [_thread_blocked, id=15008, stack(0x000000258e200000,0x000000258e300000) (1024K)]
  0x0000019e39ed3be0 JavaThread "Unconstrained build operations Thread 16"        [_thread_blocked, id=18336, stack(0x000000258e300000,0x000000258e400000) (1024K)]
  0x0000019e39ed4270 JavaThread "Unconstrained build operations Thread 17"        [_thread_blocked, id=18712, stack(0x000000258e400000,0x000000258e500000) (1024K)]
  0x0000019e39ed0df0 JavaThread "Unconstrained build operations Thread 18"        [_thread_blocked, id=34264, stack(0x000000258e500000,0x000000258e600000) (1024K)]
  0x0000019e39ed3550 JavaThread "Unconstrained build operations Thread 19"        [_thread_blocked, id=7232, stack(0x000000258e600000,0x000000258e700000) (1024K)]
  0x0000019e39ed4900 JavaThread "Unconstrained build operations Thread 20"        [_thread_blocked, id=34180, stack(0x000000258e700000,0x000000258e800000) (1024K)]
  0x0000019e39ed1480 JavaThread "Unconstrained build operations Thread 21"        [_thread_blocked, id=2364, stack(0x000000258e800000,0x000000258e900000) (1024K)]
  0x0000019e39ed4f90 JavaThread "Unconstrained build operations Thread 22"        [_thread_blocked, id=24972, stack(0x000000258e900000,0x000000258ea00000) (1024K)]
  0x0000019e39ed1b10 JavaThread "Unconstrained build operations Thread 23"        [_thread_blocked, id=18680, stack(0x000000258ea00000,0x000000258eb00000) (1024K)]
  0x0000019e39ed76f0 JavaThread "Unconstrained build operations Thread 24"        [_thread_blocked, id=16588, stack(0x000000258eb00000,0x000000258ec00000) (1024K)]
  0x0000019e39ed7060 JavaThread "Unconstrained build operations Thread 25"        [_thread_blocked, id=31460, stack(0x000000258ec00000,0x000000258ed00000) (1024K)]
  0x0000019e39ed7d80 JavaThread "Unconstrained build operations Thread 26"        [_thread_blocked, id=33196, stack(0x000000258ed00000,0x000000258ee00000) (1024K)]
  0x0000019e39ed5620 JavaThread "Unconstrained build operations Thread 27"        [_thread_blocked, id=944, stack(0x000000258ee00000,0x000000258ef00000) (1024K)]
  0x0000019e39ed5cb0 JavaThread "Unconstrained build operations Thread 28"        [_thread_blocked, id=23012, stack(0x000000258ef00000,0x000000258f000000) (1024K)]
  0x0000019e39ed6340 JavaThread "Unconstrained build operations Thread 29"        [_thread_blocked, id=1948, stack(0x000000258f000000,0x000000258f100000) (1024K)]
  0x0000019e39ed69d0 JavaThread "Unconstrained build operations Thread 30"        [_thread_blocked, id=5244, stack(0x000000258f100000,0x000000258f200000) (1024K)]
  0x0000019e3a97a6f0 JavaThread "Unconstrained build operations Thread 31"        [_thread_blocked, id=17236, stack(0x000000258f200000,0x000000258f300000) (1024K)]
  0x0000019e3a97ad80 JavaThread "Unconstrained build operations Thread 32"        [_thread_blocked, id=23324, stack(0x000000258f300000,0x000000258f400000) (1024K)]
  0x0000019e3a97b410 JavaThread "Unconstrained build operations Thread 33"        [_thread_blocked, id=17684, stack(0x000000258f400000,0x000000258f500000) (1024K)]
  0x0000019e3a97d4e0 JavaThread "Memory manager"                    [_thread_blocked, id=3212, stack(0x000000258d300000,0x000000258d400000) (1024K)]
  0x0000019e3a97ce50 JavaThread "build event listener"              [_thread_blocked, id=30980, stack(0x000000258f600000,0x000000258f700000) (1024K)]
  0x0000019e36904130 JavaThread "C2 CompilerThread1"         daemon [_thread_in_native, id=30460, stack(0x000000258d200000,0x000000258d300000) (1024K)]
  0x0000019e37cc41d0 JavaThread "included builds"                   [_thread_blocked, id=15124, stack(0x000000258f500000,0x000000258f600000) (1024K)]
  0x0000019e37cc4860 JavaThread "Execution worker"                  [_thread_blocked, id=34044, stack(0x000000258f700000,0x000000258f800000) (1024K)]
  0x0000019e37cc7650 JavaThread "Execution worker Thread 2"         [_thread_blocked, id=27776, stack(0x000000258f800000,0x000000258f900000) (1024K)]
  0x0000019e37cc9090 JavaThread "Execution worker Thread 3"         [_thread_blocked, id=33340, stack(0x000000258f900000,0x000000258fa00000) (1024K)]
  0x0000019e37cc6fc0 JavaThread "Execution worker Thread 4"         [_thread_blocked, id=908, stack(0x000000258fa00000,0x000000258fb00000) (1024K)]
  0x0000019e37cc7ce0 JavaThread "Execution worker Thread 5"         [_thread_blocked, id=19068, stack(0x000000258fb00000,0x000000258fc00000) (1024K)]
  0x0000019e37cc8370 JavaThread "Execution worker Thread 6"         [_thread_blocked, id=16592, stack(0x000000258fc00000,0x000000258fd00000) (1024K)]
  0x0000019e37cc8a00 JavaThread "Execution worker Thread 7"         [_thread_blocked, id=7448, stack(0x000000258fd00000,0x000000258fe00000) (1024K)]
  0x0000019e37cc5c10 JavaThread "Execution worker Thread 8"         [_thread_blocked, id=15944, stack(0x000000258fe00000,0x000000258ff00000) (1024K)]
  0x0000019e37cc9720 JavaThread "Execution worker Thread 9"         [_thread_blocked, id=34052, stack(0x000000258ff00000,0x0000002590000000) (1024K)]
  0x0000019e37cc62a0 JavaThread "Execution worker Thread 10"        [_thread_blocked, id=31788, stack(0x0000002590000000,0x0000002590100000) (1024K)]
  0x0000019e37cc9db0 JavaThread "Execution worker Thread 11"        [_thread_blocked, id=3584, stack(0x0000002590100000,0x0000002590200000) (1024K)]
  0x0000019e37ccb160 JavaThread "Cache worker for execution history cache (C:\dev\flutter\packages\flutter_tools\gradle\.gradle\8.14\executionHistory)"        [_thread_blocked, id=29656, stack(0x0000002590200000,0x0000002590300000) (1024K)]
  0x0000019e37cca440 JavaThread "Unconstrained build operations Thread 34"        [_thread_blocked, id=22332, stack(0x0000002590300000,0x0000002590400000) (1024K)]
  0x0000019e37ccaad0 JavaThread "Unconstrained build operations Thread 35"        [_thread_blocked, id=18232, stack(0x0000002590400000,0x0000002590500000) (1024K)]
  0x0000019e3b5bc7b0 JavaThread "Unconstrained build operations Thread 36"        [_thread_blocked, id=18048, stack(0x0000002590500000,0x0000002590600000) (1024K)]
  0x0000019e3b5c02c0 JavaThread "Unconstrained build operations Thread 37"        [_thread_blocked, id=17284, stack(0x0000002590600000,0x0000002590700000) (1024K)]
  0x0000019e3b5bce40 JavaThread "Unconstrained build operations Thread 38"        [_thread_blocked, id=12616, stack(0x0000002590700000,0x0000002590800000) (1024K)]
  0x0000019e3b5bfc30 JavaThread "Unconstrained build operations Thread 39"        [_thread_blocked, id=18704, stack(0x0000002590800000,0x0000002590900000) (1024K)]
  0x0000019e3b5be1f0 JavaThread "Unconstrained build operations Thread 40"        [_thread_blocked, id=21544, stack(0x0000002590900000,0x0000002590a00000) (1024K)]
  0x0000019e3b5c0950 JavaThread "Unconstrained build operations Thread 41"        [_thread_blocked, id=10276, stack(0x0000002590a00000,0x0000002590b00000) (1024K)]
  0x0000019e3b5bd4d0 JavaThread "Unconstrained build operations Thread 42"        [_thread_blocked, id=33900, stack(0x0000002590b00000,0x0000002590c00000) (1024K)]
  0x0000019e3b5c0fe0 JavaThread "Unconstrained build operations Thread 43"        [_thread_blocked, id=4424, stack(0x0000002590c00000,0x0000002590d00000) (1024K)]
  0x0000019e3b5bef10 JavaThread "Unconstrained build operations Thread 44"        [_thread_blocked, id=34656, stack(0x0000002590d00000,0x0000002590e00000) (1024K)]
  0x0000019e3b5bdb60 JavaThread "Unconstrained build operations Thread 45"        [_thread_blocked, id=25100, stack(0x0000002590e00000,0x0000002590f00000) (1024K)]
  0x0000019e3b5bf5a0 JavaThread "Unconstrained build operations Thread 46"        [_thread_blocked, id=11392, stack(0x0000002590f00000,0x0000002591000000) (1024K)]
  0x0000019e3b5c1670 JavaThread "Unconstrained build operations Thread 47"        [_thread_blocked, id=22712, stack(0x0000002591000000,0x0000002591100000) (1024K)]
  0x0000019e3b5c1d00 JavaThread "Unconstrained build operations Thread 48"        [_thread_blocked, id=25344, stack(0x0000002591100000,0x0000002591200000) (1024K)]
  0x0000019e3b5be880 JavaThread "Unconstrained build operations Thread 49"        [_thread_blocked, id=27720, stack(0x0000002591200000,0x0000002591300000) (1024K)]
  0x0000019e3b5c2390 JavaThread "Unconstrained build operations Thread 50"        [_thread_blocked, id=30524, stack(0x0000002591300000,0x0000002591400000) (1024K)]
  0x0000019e3b5c30b0 JavaThread "Unconstrained build operations Thread 51"        [_thread_blocked, id=28152, stack(0x0000002591400000,0x0000002591500000) (1024K)]
  0x0000019e3b5c2a20 JavaThread "Unconstrained build operations Thread 52"        [_thread_blocked, id=7580, stack(0x0000002591500000,0x0000002591600000) (1024K)]
  0x0000019e3b5c3740 JavaThread "Unconstrained build operations Thread 53"        [_thread_blocked, id=26772, stack(0x0000002591600000,0x0000002591700000) (1024K)]
  0x0000019e3b5c3dd0 JavaThread "Unconstrained build operations Thread 54"        [_thread_blocked, id=6708, stack(0x0000002591700000,0x0000002591800000) (1024K)]
  0x0000019e3a66fcf0 JavaThread "Unconstrained build operations Thread 55"        [_thread_blocked, id=34616, stack(0x0000002591800000,0x0000002591900000) (1024K)]
  0x0000019e3a671730 JavaThread "Unconstrained build operations Thread 56"        [_thread_blocked, id=3756, stack(0x0000002591900000,0x0000002591a00000) (1024K)]
  0x0000019e3a66e2b0 JavaThread "Unconstrained build operations Thread 57"        [_thread_blocked, id=23084, stack(0x0000002591a00000,0x0000002591b00000) (1024K)]
  0x0000019e3a66efd0 JavaThread "Unconstrained build operations Thread 58"        [_thread_blocked, id=16520, stack(0x0000002591b00000,0x0000002591c00000) (1024K)]
  0x0000019e3a671dc0 JavaThread "Unconstrained build operations Thread 59"        [_thread_blocked, id=21308, stack(0x0000002591c00000,0x0000002591d00000) (1024K)]
  0x0000019e3a66f660 JavaThread "Unconstrained build operations Thread 60"        [_thread_blocked, id=26136, stack(0x0000002591d00000,0x0000002591e00000) (1024K)]
  0x0000019e3a670380 JavaThread "Unconstrained build operations Thread 61"        [_thread_blocked, id=19224, stack(0x0000002591e00000,0x0000002591f00000) (1024K)]
  0x0000019e3a670a10 JavaThread "Unconstrained build operations Thread 62"        [_thread_blocked, id=20008, stack(0x0000002591f00000,0x0000002592000000) (1024K)]
  0x0000019e3a6710a0 JavaThread "Unconstrained build operations Thread 63"        [_thread_blocked, id=33800, stack(0x0000002592000000,0x0000002592100000) (1024K)]
  0x0000019e3a66e940 JavaThread "Unconstrained build operations Thread 64"        [_thread_blocked, id=16176, stack(0x0000002592100000,0x0000002592200000) (1024K)]
  0x0000019e3a674520 JavaThread "Unconstrained build operations Thread 65"        [_thread_blocked, id=21696, stack(0x0000002592200000,0x0000002592300000) (1024K)]
  0x0000019e3a674bb0 JavaThread "Unconstrained build operations Thread 66"        [_thread_blocked, id=21576, stack(0x0000002592300000,0x0000002592400000) (1024K)]
  0x0000019e3a672450 JavaThread "Unconstrained build operations Thread 67"        [_thread_blocked, id=16504, stack(0x0000002592400000,0x0000002592500000) (1024K)]
  0x0000019e3a673800 JavaThread "Unconstrained build operations Thread 68"        [_thread_blocked, id=18608, stack(0x0000002592500000,0x0000002592600000) (1024K)]
  0x0000019e3a673e90 JavaThread "Unconstrained build operations Thread 69"        [_thread_blocked, id=29672, stack(0x0000002592600000,0x0000002592700000) (1024K)]
  0x0000019e3a675240 JavaThread "Unconstrained build operations Thread 70"        [_thread_blocked, id=8308, stack(0x0000002592700000,0x0000002592800000) (1024K)]
  0x0000019e3a672ae0 JavaThread "Unconstrained build operations Thread 71"        [_thread_blocked, id=28908, stack(0x0000002592800000,0x0000002592900000) (1024K)]
  0x0000019e385c2f80 JavaThread "Unconstrained build operations Thread 72"        [_thread_blocked, id=34820, stack(0x0000002592900000,0x0000002592a00000) (1024K)]
  0x0000019e385c1bd0 JavaThread "Unconstrained build operations Thread 73"        [_thread_blocked, id=34824, stack(0x0000002592a00000,0x0000002592b00000) (1024K)]
  0x0000019e385c2260 JavaThread "Unconstrained build operations Thread 74"        [_thread_blocked, id=34828, stack(0x0000002592b00000,0x0000002592c00000) (1024K)]
  0x0000019e385c4330 JavaThread "Unconstrained build operations Thread 75"        [_thread_blocked, id=34832, stack(0x0000002592c00000,0x0000002592d00000) (1024K)]
  0x0000019e385c28f0 JavaThread "Unconstrained build operations Thread 76"        [_thread_blocked, id=34836, stack(0x0000002592d00000,0x0000002592e00000) (1024K)]
  0x0000019e385c49c0 JavaThread "Unconstrained build operations Thread 77"        [_thread_blocked, id=34840, stack(0x0000002592e00000,0x0000002592f00000) (1024K)]
  0x0000019e385c3610 JavaThread "Unconstrained build operations Thread 78"        [_thread_blocked, id=34844, stack(0x0000002592f00000,0x0000002593000000) (1024K)]
  0x0000019e385c3ca0 JavaThread "Unconstrained build operations Thread 79"        [_thread_blocked, id=34848, stack(0x0000002593000000,0x0000002593100000) (1024K)]
  0x0000019e385c1540 JavaThread "Unconstrained build operations Thread 80"        [_thread_blocked, id=34860, stack(0x0000002593100000,0x0000002593200000) (1024K)]
  0x0000019e385c6a90 JavaThread "Unconstrained build operations Thread 81"        [_thread_blocked, id=34864, stack(0x0000002593200000,0x0000002593300000) (1024K)]
  0x0000019e385c6400 JavaThread "Unconstrained build operations Thread 82"        [_thread_blocked, id=34868, stack(0x0000002593300000,0x0000002593400000) (1024K)]
  0x0000019e385c77b0 JavaThread "Unconstrained build operations Thread 83"        [_thread_blocked, id=34872, stack(0x0000002593400000,0x0000002593500000) (1024K)]
  0x0000019e385c7e40 JavaThread "Unconstrained build operations Thread 84"        [_thread_in_native, id=34876, stack(0x0000002593500000,0x0000002593600000) (1024K)]
  0x0000019e385c84d0 JavaThread "Unconstrained build operations Thread 85"        [_thread_blocked, id=34880, stack(0x0000002593600000,0x0000002593700000) (1024K)]
  0x0000019e385c7120 JavaThread "Unconstrained build operations Thread 86"        [_thread_blocked, id=34884, stack(0x0000002593700000,0x0000002593800000) (1024K)]
  0x0000019e385c5050 JavaThread "Unconstrained build operations Thread 87"        [_thread_in_native, id=34888, stack(0x0000002593800000,0x0000002593900000) (1024K)]
  0x0000019e385c8b60 JavaThread "Unconstrained build operations Thread 88"        [_thread_in_native, id=34892, stack(0x0000002593900000,0x0000002593a00000) (1024K)]
  0x0000019e385c56e0 JavaThread "Unconstrained build operations Thread 89"        [_thread_in_native, id=34896, stack(0x0000002593a00000,0x0000002593b00000) (1024K)]
  0x0000019e385c5d70 JavaThread "Unconstrained build operations Thread 90"        [_thread_blocked, id=34900, stack(0x0000002593b00000,0x0000002593c00000) (1024K)]
  0x0000019e3b7d2e80 JavaThread "C2 CompilerThread2"         daemon [_thread_in_vm, id=34912, stack(0x0000002593c00000,0x0000002593d00000) (1024K)]
Total: 153

Other Threads:
  0x0000019df00d02d0 VMThread "VM Thread"                           [id=30840, stack(0x0000002589900000,0x0000002589a00000) (1024K)]
  0x0000019df00b7cb0 WatcherThread "VM Periodic Task Thread"        [id=19736, stack(0x0000002589800000,0x0000002589900000) (1024K)]
  0x0000019dd93379f0 WorkerThread "GC Thread#0"                     [id=28632, stack(0x0000002589300000,0x0000002589400000) (1024K)]
  0x0000019df0f2d3b0 WorkerThread "GC Thread#1"                     [id=21188, stack(0x000000258a400000,0x000000258a500000) (1024K)]
  0x0000019df0f31c50 WorkerThread "GC Thread#2"                     [id=33904, stack(0x000000258a500000,0x000000258a600000) (1024K)]
  0x0000019df0f31ff0 WorkerThread "GC Thread#3"                     [id=32688, stack(0x000000258a600000,0x000000258a700000) (1024K)]
  0x0000019df0f32390 WorkerThread "GC Thread#4"                     [id=23720, stack(0x000000258a700000,0x000000258a800000) (1024K)]
  0x0000019df0eba250 WorkerThread "GC Thread#5"                     [id=34408, stack(0x000000258a800000,0x000000258a900000) (1024K)]
  0x0000019e378b19c0 WorkerThread "GC Thread#6"                     [id=20816, stack(0x000000258b400000,0x000000258b500000) (1024K)]
  0x0000019e378b1d60 WorkerThread "GC Thread#7"                     [id=17796, stack(0x000000258b500000,0x000000258b600000) (1024K)]
  0x0000019e3793ae70 WorkerThread "GC Thread#8"                     [id=3608, stack(0x000000258b600000,0x000000258b700000) (1024K)]
  0x0000019e3793b210 WorkerThread "GC Thread#9"                     [id=26196, stack(0x000000258b700000,0x000000258b800000) (1024K)]
  0x0000019dd93488e0 ConcurrentGCThread "G1 Main Marker"            [id=24356, stack(0x0000002589400000,0x0000002589500000) (1024K)]
  0x0000019dd93492f0 WorkerThread "G1 Conc#0"                       [id=22004, stack(0x0000002589500000,0x0000002589600000) (1024K)]
  0x0000019e3793a730 WorkerThread "G1 Conc#1"                       [id=24452, stack(0x000000258bc00000,0x000000258bd00000) (1024K)]
  0x0000019e37939ff0 WorkerThread "G1 Conc#2"                       [id=14048, stack(0x000000258bd00000,0x000000258be00000) (1024K)]
  0x0000019deff8a210 ConcurrentGCThread "G1 Refine#0"               [id=2632, stack(0x0000002589600000,0x0000002589700000) (1024K)]
  0x0000019deff8ac90 ConcurrentGCThread "G1 Service"                [id=24652, stack(0x0000002589700000,0x0000002589800000) (1024K)]
Total: 18

Threads with active compile tasks:
C2 CompilerThread0    29001 10657   !   4       java.io.ObjectOutputStream::writeObject0 (620 bytes)
C1 CompilerThread0    29001 10883       3       org.gradle.api.internal.artifacts.transform.AbstractTransformExecution::visitOutputs (79 bytes)
C2 CompilerThread1    29001 10747       4       org.gradle.tooling.internal.provider.runner.ClientBuildEventGenerator::started (168 bytes)
C2 CompilerThread2    29001 10884       4       java.util.concurrent.locks.AbstractQueuedSynchronizer$Node::clearStatus (12 bytes)
Total: 4

VM state: not at safepoint (normal execution)

VM Mutex/Monitor currently owned by a thread: None

Heap address: 0x0000000600000000, size: 8192 MB, Compressed Oops mode: Zero based, Oop shift amount: 3

CDS archive(s) mapped at: [0x0000019df1000000-0x0000019df1c90000-0x0000019df1c90000), size 13172736, SharedBaseAddress: 0x0000019df1000000, ArchiveRelocationMode: 1.
Compressed class space mapped at: 0x0000019df2000000-0x0000019e32000000, reserved size: 1073741824
Narrow klass base: 0x0000019df1000000, Narrow klass shift: 0, Narrow klass range: 0x100000000

GC Precious Log:
 CardTable entry size: 512
 Card Set container configuration: InlinePtr #cards 4 size 8 Array Of Cards #cards 32 size 80 Howl #buckets 8 coarsen threshold 7372 Howl Bitmap #cards 1024 size 144 coarsen threshold 921 Card regions per heap region 1 cards per card region 8192
 CPUs: 12 total, 12 available
 Memory: 16087M
 Large Page Support: Disabled
 NUMA Support: Disabled
 Compressed Oops: Enabled (Zero based)
 Heap Region Size: 4M
 Heap Min Capacity: 8M
 Heap Initial Capacity: 252M
 Heap Max Capacity: 8G
 Pre-touch: Disabled
 Parallel Workers: 10
 Concurrent Workers: 3
 Concurrent Refinement Workers: 10
 Periodic GC: Disabled

Heap:
 garbage-first heap   total 143360K, used 102961K [0x0000000600000000, 0x0000000800000000)
  region size 4096K, 7 young (28672K), 2 survivors (8192K)
 Metaspace       used 78168K, committed 80448K, reserved 1179648K
  class space    used 11199K, committed 12352K, reserved 1048576K

Heap Regions: E=young(eden), S=young(survivor), O=old, HS=humongous(starts), HC=humongous(continues), CS=collection set, F=free, TAMS=top-at-mark-start, PB=parsable bottom
|   0|0x0000000600000000, 0x0000000600400000, 0x0000000600400000|100%|HS|  |TAMS 0x0000000600000000| PB 0x0000000600000000| Complete 
|   1|0x0000000600400000, 0x0000000600800000, 0x0000000600800000|100%| O|  |TAMS 0x0000000600400000| PB 0x0000000600400000| Untracked 
|   2|0x0000000600800000, 0x0000000600c00000, 0x0000000600c00000|100%| O|  |TAMS 0x0000000600800000| PB 0x0000000600800000| Untracked 
|   3|0x0000000600c00000, 0x0000000601000000, 0x0000000601000000|100%| O|  |TAMS 0x0000000600c00000| PB 0x0000000600c00000| Untracked 
|   4|0x0000000601000000, 0x0000000601400000, 0x0000000601400000|100%| O|  |TAMS 0x0000000601000000| PB 0x0000000601000000| Untracked 
|   5|0x0000000601400000, 0x0000000601800000, 0x0000000601800000|100%| O|  |TAMS 0x0000000601400000| PB 0x0000000601400000| Untracked 
|   6|0x0000000601800000, 0x0000000601c00000, 0x0000000601c00000|100%|HS|  |TAMS 0x0000000601800000| PB 0x0000000601800000| Complete 
|   7|0x0000000601c00000, 0x0000000602000000, 0x0000000602000000|100%| O|  |TAMS 0x0000000601c00000| PB 0x0000000601c00000| Untracked 
|   8|0x0000000602000000, 0x0000000602400000, 0x0000000602400000|100%| O|  |TAMS 0x0000000602000000| PB 0x0000000602000000| Untracked 
|   9|0x0000000602400000, 0x0000000602400000, 0x0000000602800000|  0%| F|  |TAMS 0x0000000602400000| PB 0x0000000602400000| Untracked 
|  10|0x0000000602800000, 0x0000000602c00000, 0x0000000602c00000|100%| O|  |TAMS 0x0000000602800000| PB 0x0000000602800000| Untracked 
|  11|0x0000000602c00000, 0x0000000603000000, 0x0000000603000000|100%|HS|  |TAMS 0x0000000602c00000| PB 0x0000000602c00000| Complete 
|  12|0x0000000603000000, 0x0000000603400000, 0x0000000603400000|100%| O|  |TAMS 0x0000000603000000| PB 0x0000000603000000| Untracked 
|  13|0x0000000603400000, 0x0000000603800000, 0x0000000603800000|100%| O|  |TAMS 0x0000000603400000| PB 0x0000000603400000| Untracked 
|  14|0x0000000603800000, 0x0000000603c00000, 0x0000000603c00000|100%| O|  |TAMS 0x0000000603800000| PB 0x0000000603800000| Untracked 
|  15|0x0000000603c00000, 0x0000000604000000, 0x0000000604000000|100%| O|  |TAMS 0x0000000603c00000| PB 0x0000000603c00000| Untracked 
|  16|0x0000000604000000, 0x0000000604400000, 0x0000000604400000|100%| O|  |TAMS 0x0000000604000000| PB 0x0000000604000000| Untracked 
|  17|0x0000000604400000, 0x000000060448c740, 0x0000000604800000| 13%| O|  |TAMS 0x0000000604400000| PB 0x0000000604400000| Untracked 
|  18|0x0000000604800000, 0x0000000604800000, 0x0000000604c00000|  0%| F|  |TAMS 0x0000000604800000| PB 0x0000000604800000| Untracked 
|  19|0x0000000604c00000, 0x0000000605000000, 0x0000000605000000|100%| S|CS|TAMS 0x0000000604c00000| PB 0x0000000604c00000| Complete 
|  20|0x0000000605000000, 0x0000000605400000, 0x0000000605400000|100%| S|CS|TAMS 0x0000000605000000| PB 0x0000000605000000| Complete 
|  21|0x0000000605400000, 0x0000000605400000, 0x0000000605800000|  0%| F|  |TAMS 0x0000000605400000| PB 0x0000000605400000| Untracked 
|  22|0x0000000605800000, 0x0000000605800000, 0x0000000605c00000|  0%| F|  |TAMS 0x0000000605800000| PB 0x0000000605800000| Untracked 
|  23|0x0000000605c00000, 0x0000000605c00000, 0x0000000606000000|  0%| F|  |TAMS 0x0000000605c00000| PB 0x0000000605c00000| Untracked 
|  24|0x0000000606000000, 0x0000000606000000, 0x0000000606400000|  0%| F|  |TAMS 0x0000000606000000| PB 0x0000000606000000| Untracked 
|  25|0x0000000606400000, 0x0000000606400000, 0x0000000606800000|  0%| F|  |TAMS 0x0000000606400000| PB 0x0000000606400000| Untracked 
|  26|0x0000000606800000, 0x000000060681a010, 0x0000000606c00000|  2%| E|  |TAMS 0x0000000606800000| PB 0x0000000606800000| Complete 
|  44|0x000000060b000000, 0x000000060b400000, 0x000000060b400000|100%| E|  |TAMS 0x000000060b000000| PB 0x000000060b000000| Complete 
|  45|0x000000060b400000, 0x000000060b800000, 0x000000060b800000|100%| E|CS|TAMS 0x000000060b400000| PB 0x000000060b400000| Complete 
|  46|0x000000060b800000, 0x000000060bc00000, 0x000000060bc00000|100%| E|CS|TAMS 0x000000060b800000| PB 0x000000060b800000| Complete 
|  47|0x000000060bc00000, 0x000000060c000000, 0x000000060c000000|100%| E|CS|TAMS 0x000000060bc00000| PB 0x000000060bc00000| Complete 
|  62|0x000000060f800000, 0x000000060fc00000, 0x000000060fc00000|100%| E|CS|TAMS 0x000000060f800000| PB 0x000000060f800000| Complete 
|2045|0x00000007ff400000, 0x00000007ff800000, 0x00000007ff800000|100%| O|  |TAMS 0x00000007ff400000| PB 0x00000007ff400000| Untracked 
|2046|0x00000007ff800000, 0x00000007ffc00000, 0x00000007ffc00000|100%| O|  |TAMS 0x00000007ff800000| PB 0x00000007ff800000| Untracked 
|2047|0x00000007ffc00000, 0x0000000800000000, 0x0000000800000000|100%| O|  |TAMS 0x00000007ffc00000| PB 0x00000007ffc00000| Untracked 

Card table byte_map: [0x0000019de4d80000,0x0000019de5d80000] _byte_map_base: 0x0000019de1d80000

Marking Bits: (CMBitMap*) 0x0000019dd9338000
 Bits: [0x0000019de5d80000, 0x0000019dedd80000)

Polling page: 0x0000019dd9230000

Metaspace:

Usage:
  Non-class:     65.40 MB used.
      Class:     10.94 MB used.
       Both:     76.34 MB used.

Virtual space:
  Non-class space:      128.00 MB reserved,      66.50 MB ( 52%) committed,  2 nodes.
      Class space:        1.00 GB reserved,      12.06 MB (  1%) committed,  1 nodes.
             Both:        1.12 GB reserved,      78.56 MB (  7%) committed. 

Chunk freelists:
   Non-Class:  13.52 MB
       Class:  3.86 MB
        Both:  17.38 MB

MaxMetaspaceSize: 4.00 GB
CompressedClassSpaceSize: 1.00 GB
Initial GC threshold: 21.00 MB
Current GC threshold: 124.94 MB
CDS: on
 - commit_granule_bytes: 65536.
 - commit_granule_words: 8192.
 - virtual_space_node_default_size: 8388608.
 - enlarge_chunks_in_place: 1.
 - use_allocation_guard: 0.


Internal statistics:

num_allocs_failed_limit: 12.
num_arena_births: 4020.
num_arena_deaths: 0.
num_vsnodes_births: 3.
num_vsnodes_deaths: 0.
num_space_committed: 1257.
num_space_uncommitted: 0.
num_chunks_returned_to_freelist: 12.
num_chunks_taken_from_freelist: 7956.
num_chunk_merges: 9.
num_chunk_splits: 5005.
num_chunks_enlarged: 2895.
num_inconsistent_stats: 0.

CodeHeap 'non-profiled nmethods': size=259264Kb used=5613Kb max_used=5613Kb free=253650Kb
 bounds [0x0000019d902d0000, 0x0000019d90850000, 0x0000019da0000000]
CodeHeap 'profiled nmethods': size=259264Kb used=17933Kb max_used=17933Kb free=241330Kb
 bounds [0x0000019d80000000, 0x0000019d81190000, 0x0000019d8fd30000]
CodeHeap 'non-nmethods': size=5760Kb used=2832Kb max_used=2883Kb free=2927Kb
 bounds [0x0000019d8fd30000, 0x0000019d90010000, 0x0000019d902d0000]
 total_blobs=10375 nmethods=9435 adapters=842
 compilation: enabled
              stopped_count=0, restarted_count=0
 full_count=0

Compilation events (20 events):
Event: 28.930 Thread 0x0000019df0102440 nmethod 10786 0x0000019d8113bc90 code [0x0000019d8113be60, 0x0000019d8113c1b0]
Event: 28.930 Thread 0x0000019df0102440 10787       3       org.gradle.api.internal.artifacts.transform.TransformExecutionResult$Builder$MixedInputAndProducedOutputResult::lambda$resolveForWorkspace$0 (8 bytes)
Event: 28.930 Thread 0x0000019df0102440 nmethod 10787 0x0000019d8113c290 code [0x0000019d8113c440, 0x0000019d8113c600]
Event: 28.930 Thread 0x0000019df0102440 10788       3       org.gradle.api.internal.artifacts.transform.TransformExecutionResult$Builder$ProducedExecutionOutput$$Lambda/0x0000019df289e6f8::resolveForInputArtifact (9 bytes)
Event: 28.930 Thread 0x0000019df0102440 nmethod 10788 0x0000019d8113c710 code [0x0000019d8113c8c0, 0x0000019d8113ca28]
Event: 28.930 Thread 0x0000019df0102440 10789       3       org.gradle.internal.snapshot.AbstractIncompleteFileSystemNode$2::createChild (5 bytes)
Event: 28.930 Thread 0x0000019df0102440 nmethod 10789 0x0000019d8113cb10 code [0x0000019d8113cce0, 0x0000019d8113d000]
Event: 28.930 Thread 0x0000019df0102440 10790       3       org.gradle.internal.snapshot.AbstractIncompleteFileSystemNode$2::createChild (22 bytes)
Event: 28.931 Thread 0x0000019df0102440 nmethod 10790 0x0000019d8113d190 code [0x0000019d8113d360, 0x0000019d8113d628]
Event: 28.931 Thread 0x0000019df0102440 10791       3       java.util.stream.IntPipeline::adapt (35 bytes)
Event: 28.932 Thread 0x0000019df0102440 nmethod 10791 0x0000019d8113d710 code [0x0000019d8113d900, 0x0000019d8113de68]
Event: 28.932 Thread 0x0000019df0102440 10792       3       com.google.common.collect.ImmutableSortedAsList::<init> (7 bytes)
Event: 28.932 Thread 0x0000019df0102440 nmethod 10792 0x0000019d8113df90 code [0x0000019d8113e160, 0x0000019d8113e578]
Event: 28.932 Thread 0x0000019df0102440 10793   !   3       com.google.common.collect.Sets::equalsImpl (55 bytes)
Event: 28.933 Thread 0x0000019df0102440 nmethod 10793 0x0000019d8113e710 code [0x0000019d8113e920, 0x0000019d8113f058]
Event: 28.935 Thread 0x0000019df0102440 10794       3       org.gradle.internal.file.impl.DefaultFileMetadata::directory (52 bytes)
Event: 28.935 Thread 0x0000019df0102440 nmethod 10794 0x0000019d8113f210 code [0x0000019d8113f3e0, 0x0000019d8113f6a0]
Event: 28.935 Thread 0x0000019df0102440 10795       3       org.gradle.internal.vfs.impl.DefaultFileSystemAccess$$Lambda/0x0000019df24d32d0::<init> (10 bytes)
Event: 28.935 Thread 0x0000019df0102440 nmethod 10795 0x0000019d8113f810 code [0x0000019d8113f9c0, 0x0000019d8113fb80]
Event: 28.935 Thread 0x0000019df0102440 10796   !   3       org.gradle.internal.snapshot.impl.DirectorySnapshotter::snapshot (118 bytes)

GC Heap History (20 events):
Event: 22.271 GC heap before
{Heap before GC invocations=13 (full 0):
 garbage-first heap   total 135168K, used 104780K [0x0000000600000000, 0x0000000800000000)
  region size 4096K, 16 young (65536K), 3 survivors (12288K)
 Metaspace       used 57736K, committed 59712K, reserved 1114112K
  class space    used 8272K, committed 9216K, reserved 1048576K
}
Event: 22.277 GC heap after
{Heap after GC invocations=14 (full 0):
 garbage-first heap   total 135168K, used 55338K [0x0000000600000000, 0x0000000800000000)
  region size 4096K, 2 young (8192K), 2 survivors (8192K)
 Metaspace       used 57736K, committed 59712K, reserved 1114112K
  class space    used 8272K, committed 9216K, reserved 1048576K
}
Event: 22.492 GC heap before
{Heap before GC invocations=14 (full 0):
 garbage-first heap   total 135168K, used 67626K [0x0000000600000000, 0x0000000800000000)
  region size 4096K, 6 young (24576K), 2 survivors (8192K)
 Metaspace       used 58784K, committed 60800K, reserved 1114112K
  class space    used 8463K, committed 9472K, reserved 1048576K
}
Event: 22.495 GC heap after
{Heap after GC invocations=15 (full 0):
 garbage-first heap   total 135168K, used 56373K [0x0000000600000000, 0x0000000800000000)
  region size 4096K, 1 young (4096K), 1 survivors (4096K)
 Metaspace       used 58784K, committed 60800K, reserved 1114112K
  class space    used 8463K, committed 9472K, reserved 1048576K
}
Event: 23.667 GC heap before
{Heap before GC invocations=16 (full 0):
 garbage-first heap   total 135168K, used 117813K [0x0000000600000000, 0x0000000800000000)
  region size 4096K, 15 young (61440K), 1 survivors (4096K)
 Metaspace       used 63912K, committed 66048K, reserved 1114112K
  class space    used 9169K, committed 10240K, reserved 1048576K
}
Event: 23.670 GC heap after
{Heap after GC invocations=17 (full 0):
 garbage-first heap   total 135168K, used 64844K [0x0000000600000000, 0x0000000800000000)
  region size 4096K, 2 young (8192K), 2 survivors (8192K)
 Metaspace       used 63912K, committed 66048K, reserved 1114112K
  class space    used 9169K, committed 10240K, reserved 1048576K
}
Event: 24.598 GC heap before
{Heap before GC invocations=17 (full 0):
 garbage-first heap   total 135168K, used 109900K [0x0000000600000000, 0x0000000800000000)
  region size 4096K, 13 young (53248K), 2 survivors (8192K)
 Metaspace       used 68098K, committed 70144K, reserved 1114112K
  class space    used 9692K, committed 10688K, reserved 1048576K
}
Event: 24.602 GC heap after
{Heap after GC invocations=18 (full 0):
 garbage-first heap   total 135168K, used 66593K [0x0000000600000000, 0x0000000800000000)
  region size 4096K, 1 young (4096K), 1 survivors (4096K)
 Metaspace       used 68098K, committed 70144K, reserved 1114112K
  class space    used 9692K, committed 10688K, reserved 1048576K
}
Event: 24.680 GC heap before
{Heap before GC invocations=18 (full 0):
 garbage-first heap   total 135168K, used 70689K [0x0000000600000000, 0x0000000800000000)
  region size 4096K, 3 young (12288K), 1 survivors (4096K)
 Metaspace       used 68460K, committed 70528K, reserved 1114112K
  class space    used 9746K, committed 10752K, reserved 1048576K
}
Event: 24.683 GC heap after
{Heap after GC invocations=19 (full 0):
 garbage-first heap   total 135168K, used 66633K [0x0000000600000000, 0x0000000800000000)
  region size 4096K, 1 young (4096K), 1 survivors (4096K)
 Metaspace       used 68460K, committed 70528K, reserved 1114112K
  class space    used 9746K, committed 10752K, reserved 1048576K
}
Event: 25.527 GC heap before
{Heap before GC invocations=20 (full 0):
 garbage-first heap   total 135168K, used 119881K [0x0000000600000000, 0x0000000800000000)
  region size 4096K, 13 young (53248K), 1 survivors (4096K)
 Metaspace       used 71528K, committed 73600K, reserved 1114112K
  class space    used 10192K, committed 11200K, reserved 1048576K
}
Event: 25.531 GC heap after
{Heap after GC invocations=21 (full 0):
 garbage-first heap   total 135168K, used 73539K [0x0000000600000000, 0x0000000800000000)
  region size 4096K, 2 young (8192K), 2 survivors (8192K)
 Metaspace       used 71528K, committed 73600K, reserved 1114112K
  class space    used 10192K, committed 11200K, reserved 1048576K
}
Event: 26.170 GC heap before
{Heap before GC invocations=21 (full 0):
 garbage-first heap   total 135168K, used 110403K [0x0000000600000000, 0x0000000800000000)
  region size 4096K, 11 young (45056K), 2 survivors (8192K)
 Metaspace       used 72951K, committed 75136K, reserved 1114112K
  class space    used 10386K, committed 11456K, reserved 1048576K
}
Event: 26.177 GC heap after
{Heap after GC invocations=22 (full 0):
 garbage-first heap   total 135168K, used 76386K [0x0000000600000000, 0x0000000800000000)
  region size 4096K, 2 young (8192K), 2 survivors (8192K)
 Metaspace       used 72951K, committed 75136K, reserved 1114112K
  class space    used 10386K, committed 11456K, reserved 1048576K
}
Event: 27.029 GC heap before
{Heap before GC invocations=22 (full 0):
 garbage-first heap   total 135168K, used 113250K [0x0000000600000000, 0x0000000800000000)
  region size 4096K, 11 young (45056K), 2 survivors (8192K)
 Metaspace       used 74477K, committed 76736K, reserved 1114112K
  class space    used 10602K, committed 11712K, reserved 1048576K
}
Event: 27.035 GC heap after
{Heap after GC invocations=23 (full 0):
 garbage-first heap   total 135168K, used 80420K [0x0000000600000000, 0x0000000800000000)
  region size 4096K, 2 young (8192K), 2 survivors (8192K)
 Metaspace       used 74477K, committed 76736K, reserved 1114112K
  class space    used 10602K, committed 11712K, reserved 1048576K
}
Event: 27.898 GC heap before
{Heap before GC invocations=24 (full 0):
 garbage-first heap   total 143360K, used 109092K [0x0000000600000000, 0x0000000800000000)
  region size 4096K, 10 young (40960K), 2 survivors (8192K)
 Metaspace       used 76957K, committed 79168K, reserved 1179648K
  class space    used 11055K, committed 12160K, reserved 1048576K
}
Event: 27.903 GC heap after
{Heap after GC invocations=25 (full 0):
 garbage-first heap   total 143360K, used 83180K [0x0000000600000000, 0x0000000800000000)
  region size 4096K, 2 young (8192K), 2 survivors (8192K)
 Metaspace       used 76957K, committed 79168K, reserved 1179648K
  class space    used 11055K, committed 12160K, reserved 1048576K
}
Event: 28.822 GC heap before
{Heap before GC invocations=25 (full 0):
 garbage-first heap   total 143360K, used 120044K [0x0000000600000000, 0x0000000800000000)
  region size 4096K, 11 young (45056K), 2 survivors (8192K)
 Metaspace       used 78014K, committed 80256K, reserved 1179648K
  class space    used 11189K, committed 12288K, reserved 1048576K
}
Event: 28.829 GC heap after
{Heap after GC invocations=26 (full 0):
 garbage-first heap   total 143360K, used 86577K [0x0000000600000000, 0x0000000800000000)
  region size 4096K, 2 young (8192K), 2 survivors (8192K)
 Metaspace       used 78014K, committed 80256K, reserved 1179648K
  class space    used 11189K, committed 12288K, reserved 1048576K
}

Dll operation events (15 events):
Event: 0.016 Loaded shared library C:\Program Files\Java\jdk-21\bin\java.dll
Event: 0.202 Loaded shared library C:\Program Files\Java\jdk-21\bin\jsvml.dll
Event: 0.354 Loaded shared library C:\Program Files\Java\jdk-21\bin\zip.dll
Event: 0.360 Loaded shared library C:\Program Files\Java\jdk-21\bin\instrument.dll
Event: 0.367 Loaded shared library C:\Program Files\Java\jdk-21\bin\net.dll
Event: 0.371 Loaded shared library C:\Program Files\Java\jdk-21\bin\nio.dll
Event: 0.376 Loaded shared library C:\Program Files\Java\jdk-21\bin\zip.dll
Event: 2.062 Loaded shared library C:\Program Files\Java\jdk-21\bin\jimage.dll
Event: 2.748 Loaded shared library C:\Program Files\Java\jdk-21\bin\verify.dll
Event: 3.174 Loaded shared library C:\Users\MSII\.gradle\native\1def1411415f61bf3af743bc5b6707747c0891f09f0c88961ee8f79bc544acac\windows-amd64\native-platform.dll
Event: 3.190 Loaded shared library C:\Users\MSII\.gradle\native\0.2.7\x86_64-windows-gnu\gradle-fileevents.dll
Event: 6.253 Loaded shared library C:\Program Files\Java\jdk-21\bin\management.dll
Event: 6.258 Loaded shared library C:\Program Files\Java\jdk-21\bin\management_ext.dll
Event: 6.751 Loaded shared library C:\Program Files\Java\jdk-21\bin\extnet.dll
Event: 7.186 Loaded shared library C:\Program Files\Java\jdk-21\bin\sunmscapi.dll

Deoptimization events (20 events):
Event: 28.317 Thread 0x0000019e37cc8a00 DEOPT PACKING pc=0x0000019d90806a94 sp=0x000000258fdfcc60
Event: 28.317 Thread 0x0000019e37cc8a00 DEOPT UNPACKING pc=0x0000019d8fd846a2 sp=0x000000258fdfcc78 mode 2
Event: 28.321 Thread 0x0000019e37cc41d0 DEOPT PACKING pc=0x0000019d80d5867c sp=0x000000258f5fe4d0
Event: 28.321 Thread 0x0000019e37cc41d0 DEOPT UNPACKING pc=0x0000019d8fd84e42 sp=0x000000258f5fd9c0 mode 0
Event: 28.695 Thread 0x0000019e377a7d70 Uncommon trap: trap_request=0xffffffc6 fr.pc=0x0000019d904a8118 relative=0x0000000000000398
Event: 28.695 Thread 0x0000019e377a7d70 Uncommon trap: reason=bimorphic_or_optimized_type_check action=maybe_recompile pc=0x0000019d904a8118 method=java.util.ArrayList$ArrayListSpliterator.tryAdvance(Ljava/util/function/Consumer;)Z @ 48 c2
Event: 28.695 Thread 0x0000019e377a7d70 DEOPT PACKING pc=0x0000019d904a8118 sp=0x000000258b0f6a50
Event: 28.695 Thread 0x0000019e377a7d70 DEOPT UNPACKING pc=0x0000019d8fd846a2 sp=0x000000258b0f69d0 mode 2
Event: 28.695 Thread 0x0000019e377a7d70 Uncommon trap: trap_request=0xffffffc6 fr.pc=0x0000019d904a8118 relative=0x0000000000000398
Event: 28.695 Thread 0x0000019e377a7d70 Uncommon trap: reason=bimorphic_or_optimized_type_check action=maybe_recompile pc=0x0000019d904a8118 method=java.util.ArrayList$ArrayListSpliterator.tryAdvance(Ljava/util/function/Consumer;)Z @ 48 c2
Event: 28.695 Thread 0x0000019e377a7d70 DEOPT PACKING pc=0x0000019d904a8118 sp=0x000000258b0f6a50
Event: 28.695 Thread 0x0000019e377a7d70 DEOPT UNPACKING pc=0x0000019d8fd846a2 sp=0x000000258b0f69d0 mode 2
Event: 28.695 Thread 0x0000019e377a7d70 Uncommon trap: trap_request=0xffffffc6 fr.pc=0x0000019d904a8118 relative=0x0000000000000398
Event: 28.695 Thread 0x0000019e377a7d70 Uncommon trap: reason=bimorphic_or_optimized_type_check action=maybe_recompile pc=0x0000019d904a8118 method=java.util.ArrayList$ArrayListSpliterator.tryAdvance(Ljava/util/function/Consumer;)Z @ 48 c2
Event: 28.695 Thread 0x0000019e377a7d70 DEOPT PACKING pc=0x0000019d904a8118 sp=0x000000258b0f6a50
Event: 28.695 Thread 0x0000019e377a7d70 DEOPT UNPACKING pc=0x0000019d8fd846a2 sp=0x000000258b0f69d0 mode 2
Event: 28.695 Thread 0x0000019e377a7d70 Uncommon trap: trap_request=0xffffffc6 fr.pc=0x0000019d904a8118 relative=0x0000000000000398
Event: 28.695 Thread 0x0000019e377a7d70 Uncommon trap: reason=bimorphic_or_optimized_type_check action=maybe_recompile pc=0x0000019d904a8118 method=java.util.ArrayList$ArrayListSpliterator.tryAdvance(Ljava/util/function/Consumer;)Z @ 48 c2
Event: 28.695 Thread 0x0000019e377a7d70 DEOPT PACKING pc=0x0000019d904a8118 sp=0x000000258b0f6a50
Event: 28.695 Thread 0x0000019e377a7d70 DEOPT UNPACKING pc=0x0000019d8fd846a2 sp=0x000000258b0f69d0 mode 2

Classes loaded (20 events):
Event: 26.988 Loading class java/util/Comparators$NaturalOrderComparator
Event: 26.988 Loading class java/util/Comparators$NaturalOrderComparator done
Event: 27.273 Loading class java/util/ArrayList$SubList$2
Event: 27.274 Loading class java/util/ArrayList$SubList$2 done
Event: 27.472 Loading class java/util/TreeMap$KeySpliterator
Event: 27.473 Loading class java/util/TreeMap$TreeMapSpliterator
Event: 27.473 Loading class java/util/TreeMap$TreeMapSpliterator done
Event: 27.473 Loading class java/util/TreeMap$KeySpliterator done
Event: 27.544 Loading class java/util/stream/ReferencePipeline$4
Event: 27.545 Loading class java/util/stream/ReferencePipeline$4 done
Event: 27.546 Loading class java/util/stream/ReduceOps$6
Event: 27.546 Loading class java/util/stream/ReduceOps$6 done
Event: 27.546 Loading class java/util/stream/ReduceOps$5ReducingSink
Event: 27.546 Loading class java/util/stream/ReduceOps$5ReducingSink done
Event: 27.546 Loading class java/util/stream/ReferencePipeline$4$1
Event: 27.546 Loading class java/util/stream/ReferencePipeline$4$1 done
Event: 28.602 Loading class java/util/Collections$ReverseComparator
Event: 28.602 Loading class java/util/Collections$ReverseComparator done
Event: 28.602 Loading class java/util/Collections$ReverseComparator2
Event: 28.603 Loading class java/util/Collections$ReverseComparator2 done

Classes unloaded (0 events):
No events

Classes redefined (0 events):
No events

Internal exceptions (20 events):
Event: 27.479 Thread 0x0000019e36a5d640 Exception <a 'java/lang/NoSuchMethodError'{0x00000006068f9eb0}: static Lorg/gradle/internal/build/event/types/DefaultTaskStartedProgressEvent;.<clinit>()V> (0x00000006068f9eb0) 
thrown [s\open\src\hotspot\share\prims\jni.cpp, line 1106]
Event: 27.481 Thread 0x0000019e36a5d640 Exception <a 'java/lang/NoSuchMethodError'{0x0000000606903b58}: static Lorg/gradle/internal/build/event/types/DefaultTaskDescriptor;.<clinit>()V> (0x0000000606903b58) 
thrown [s\open\src\hotspot\share\prims\jni.cpp, line 1106]
Event: 27.488 Thread 0x0000019e36a5d640 Exception <a 'java/lang/NoSuchMethodError'{0x0000000606947140}: static Lorg/gradle/internal/build/event/types/DefaultTaskFinishedProgressEvent;.<clinit>()V> (0x0000000606947140) 
thrown [s\open\src\hotspot\share\prims\jni.cpp, line 1106]
Event: 27.490 Thread 0x0000019e36a5d640 Exception <a 'java/lang/NoSuchMethodError'{0x000000060696bab0}: static Lorg/gradle/internal/build/event/types/DefaultTaskSkippedResult;.<clinit>()V> (0x000000060696bab0) 
thrown [s\open\src\hotspot\share\prims\jni.cpp, line 1106]
Event: 27.490 Thread 0x0000019e36a5d640 Exception <a 'java/lang/NoSuchMethodError'{0x000000060696cbb0}: static Lorg/gradle/internal/build/event/types/AbstractTaskResult;.<clinit>()V> (0x000000060696cbb0) 
thrown [s\open\src\hotspot\share\prims\jni.cpp, line 1106]
Event: 27.492 Thread 0x0000019e37cc8a00 Exception <a 'java/lang/NoSuchMethodError'{0x0000000606988a50}: 'void java.lang.invoke.DirectMethodHandle$Holder.invokeSpecial(java.lang.Object, java.lang.Object, java.lang.Object, java.lang.Object, int, java.lang.Object, java.lang.Object)'> (0x0000000606988a50) 
thrown [s\open\src\hotspot\share\interpreter\linkResolver.cpp, line 773]
Event: 27.509 Thread 0x0000019e3a97ce50 Exception <a 'java/lang/NoSuchMethodError'{0x0000000606aa3b78}: static Ljava/lang/Object;.<clinit>()V> (0x0000000606aa3b78) 
thrown [s\open\src\hotspot\share\prims\jni.cpp, line 1106]
Event: 27.511 Thread 0x0000019e3a97ce50 Exception <a 'java/lang/NoSuchMethodError'{0x0000000606acb6c8}: static Lorg/jetbrains/kotlin/gradle/plugin/statistics/MetricContainer;.<clinit>()V> (0x0000000606acb6c8) 
thrown [s\open\src\hotspot\share\prims\jni.cpp, line 1106]
Event: 27.574 Thread 0x0000019e37cc8a00 Exception <a 'java/lang/NoSuchMethodError'{0x00000006064ea828}: 'int java.lang.invoke.DirectMethodHandle$Holder.invokeSpecial(java.lang.Object, java.lang.Object, java.lang.Object, java.lang.Object, java.lang.Object)'> (0x00000006064ea828) 
thrown [s\open\src\hotspot\share\interpreter\linkResolver.cpp, line 773]
Event: 27.662 Thread 0x0000019e37cc8a00 Exception <a 'java/lang/IncompatibleClassChangeError'{0x000000060600dca8}: Found class java.lang.Object, but interface was expected> (0x000000060600dca8) 
thrown [s\open\src\hotspot\share\interpreter\linkResolver.cpp, line 840]
Event: 28.051 Thread 0x0000019e37cc8a00 Exception <a 'java/lang/NoSuchMethodError'{0x000000060bc51e48}: static Ljava/lang/Object;.<clinit>()V> (0x000000060bc51e48) 
thrown [s\open\src\hotspot\share\prims\jni.cpp, line 1106]
Event: 28.196 Thread 0x0000019e37cc8a00 Exception <a 'java/lang/NoSuchMethodError'{0x000000060b1a3e90}: 'int java.lang.invoke.DirectMethodHandle$Holder.invokeStaticInit(java.lang.Object, java.lang.Object, java.lang.Object, java.lang.Object, java.lang.Object)'> (0x000000060b1a3e90) 
thrown [s\open\src\hotspot\share\interpreter\linkResolver.cpp, line 773]
Event: 28.238 Thread 0x0000019e36a5d640 Exception <a 'java/lang/NoSuchMethodError'{0x000000060b32b3d0}: static Lorg/gradle/internal/build/event/types/DefaultTaskSuccessResult;.<clinit>()V> (0x000000060b32b3d0) 
thrown [s\open\src\hotspot\share\prims\jni.cpp, line 1106]
Event: 28.243 Thread 0x0000019e37cc8a00 Exception <a 'sun/nio/fs/WindowsException'{0x000000060b340f38}> (0x000000060b340f38) 
thrown [s\open\src\hotspot\share\prims\jni.cpp, line 520]
Event: 28.244 Thread 0x0000019e37cc8a00 Exception <a 'sun/nio/fs/WindowsException'{0x000000060b343230}> (0x000000060b343230) 
thrown [s\open\src\hotspot\share\prims\jni.cpp, line 520]
Event: 28.244 Thread 0x0000019e37cc8a00 Exception <a 'sun/nio/fs/WindowsException'{0x000000060b345278}> (0x000000060b345278) 
thrown [s\open\src\hotspot\share\prims\jni.cpp, line 520]
Event: 28.245 Thread 0x0000019e37cc8a00 Exception <a 'sun/nio/fs/WindowsException'{0x000000060b346fa8}> (0x000000060b346fa8) 
thrown [s\open\src\hotspot\share\prims\jni.cpp, line 520]
Event: 28.251 Thread 0x0000019e37cc8a00 Exception <a 'sun/nio/fs/WindowsException'{0x000000060b382838}> (0x000000060b382838) 
thrown [s\open\src\hotspot\share\prims\jni.cpp, line 520]
Event: 28.264 Thread 0x0000019e37cc8a00 Exception <a 'sun/nio/fs/WindowsException'{0x000000060b384808}> (0x000000060b384808) 
thrown [s\open\src\hotspot\share\prims\jni.cpp, line 520]
Event: 28.265 Thread 0x0000019e37cc8a00 Exception <a 'sun/nio/fs/WindowsException'{0x000000060b386410}> (0x000000060b386410) 
thrown [s\open\src\hotspot\share\prims\jni.cpp, line 520]

ZGC Phase Switch (0 events):
No events

VM Operations (20 events):
Event: 27.503 Executing VM operation: HandshakeAllThreads (Deoptimize)
Event: 27.503 Executing VM operation: HandshakeAllThreads (Deoptimize) done
Event: 27.552 Executing VM operation: HandshakeAllThreads (Deoptimize)
Event: 27.552 Executing VM operation: HandshakeAllThreads (Deoptimize) done
Event: 27.554 Executing VM operation: HandshakeAllThreads (Deoptimize)
Event: 27.554 Executing VM operation: HandshakeAllThreads (Deoptimize) done
Event: 27.576 Executing VM operation: HandshakeAllThreads (Deoptimize)
Event: 27.576 Executing VM operation: HandshakeAllThreads (Deoptimize) done
Event: 27.580 Executing VM operation: ICBufferFull
Event: 27.580 Executing VM operation: ICBufferFull done
Event: 27.829 Executing VM operation: G1CollectForAllocation (G1 Evacuation Pause)
Event: 27.907 Executing VM operation: G1CollectForAllocation (G1 Evacuation Pause) done
Event: 28.172 Executing VM operation: ICBufferFull
Event: 28.172 Executing VM operation: ICBufferFull done
Event: 28.233 Executing VM operation: HandshakeAllThreads (Deoptimize)
Event: 28.233 Executing VM operation: HandshakeAllThreads (Deoptimize) done
Event: 28.638 Executing VM operation: ICBufferFull
Event: 28.638 Executing VM operation: ICBufferFull done
Event: 28.821 Executing VM operation: G1CollectForAllocation (G1 Evacuation Pause)
Event: 28.829 Executing VM operation: G1CollectForAllocation (G1 Evacuation Pause) done

Events (20 events):
Event: 28.736 Thread 0x0000019e385c2f80 Thread added: 0x0000019e385c2f80
Event: 28.736 Thread 0x0000019e385c1bd0 Thread added: 0x0000019e385c1bd0
Event: 28.736 Thread 0x0000019e385c2260 Thread added: 0x0000019e385c2260
Event: 28.737 Thread 0x0000019e385c4330 Thread added: 0x0000019e385c4330
Event: 28.737 Thread 0x0000019e385c28f0 Thread added: 0x0000019e385c28f0
Event: 28.737 Thread 0x0000019e385c49c0 Thread added: 0x0000019e385c49c0
Event: 28.737 Thread 0x0000019e385c3610 Thread added: 0x0000019e385c3610
Event: 28.737 Thread 0x0000019e385c3ca0 Thread added: 0x0000019e385c3ca0
Event: 28.865 Thread 0x0000019e385c1540 Thread added: 0x0000019e385c1540
Event: 28.866 Thread 0x0000019e385c6a90 Thread added: 0x0000019e385c6a90
Event: 28.877 Thread 0x0000019e385c6400 Thread added: 0x0000019e385c6400
Event: 28.880 Thread 0x0000019e385c77b0 Thread added: 0x0000019e385c77b0
Event: 28.882 Thread 0x0000019e385c7e40 Thread added: 0x0000019e385c7e40
Event: 28.885 Thread 0x0000019e385c84d0 Thread added: 0x0000019e385c84d0
Event: 28.887 Thread 0x0000019e385c7120 Thread added: 0x0000019e385c7120
Event: 28.888 Thread 0x0000019e385c5050 Thread added: 0x0000019e385c5050
Event: 28.889 Thread 0x0000019e385c8b60 Thread added: 0x0000019e385c8b60
Event: 28.890 Thread 0x0000019e385c56e0 Thread added: 0x0000019e385c56e0
Event: 28.890 Thread 0x0000019e385c5d70 Thread added: 0x0000019e385c5d70
Event: 28.902 Thread 0x0000019e3b7d2e80 Thread added: 0x0000019e3b7d2e80


Dynamic libraries:
0x00007ff7d7c90000 - 0x00007ff7d7ca0000 	C:\Program Files\Java\jdk-21\bin\java.exe
0x00007ffb38440000 - 0x00007ffb386a7000 	C:\WINDOWS\SYSTEM32\ntdll.dll
0x00007ffb36c50000 - 0x00007ffb36d19000 	C:\WINDOWS\System32\KERNEL32.DLL
0x00007ffb34f20000 - 0x00007ffb35317000 	C:\WINDOWS\System32\KERNELBASE.dll
0x00007ffb35d70000 - 0x00007ffb35ebb000 	C:\WINDOWS\System32\ucrtbase.dll
0x00007ffaf6d20000 - 0x00007ffaf6d39000 	C:\Program Files\Java\jdk-21\bin\jli.dll
0x00007ffb37e20000 - 0x00007ffb37ed6000 	C:\WINDOWS\System32\ADVAPI32.dll
0x00007ffb19fd0000 - 0x00007ffb19feb000 	C:\Program Files\Java\jdk-21\bin\VCRUNTIME140.dll
0x00007ffb36d20000 - 0x00007ffb36dc9000 	C:\WINDOWS\System32\msvcrt.dll
0x00007ffb366b0000 - 0x00007ffb36757000 	C:\WINDOWS\System32\sechost.dll
0x00007ffb36590000 - 0x00007ffb366a8000 	C:\WINDOWS\System32\RPCRT4.dll
0x00007ffb363c0000 - 0x00007ffb36586000 	C:\WINDOWS\System32\USER32.dll
0x00007ffb36190000 - 0x00007ffb361b7000 	C:\WINDOWS\System32\win32u.dll
0x00007ffb36c20000 - 0x00007ffb36c4b000 	C:\WINDOWS\System32\GDI32.dll
0x00007ffb15720000 - 0x00007ffb159b2000 	C:\WINDOWS\WinSxS\amd64_microsoft.windows.common-controls_6595b64144ccf1df_6.0.26100.8457_none_3e0b2faee331e92d\COMCTL32.dll
0x00007ffb35320000 - 0x00007ffb3544c000 	C:\WINDOWS\System32\gdi32full.dll
0x00007ffb34e70000 - 0x00007ffb34f13000 	C:\WINDOWS\System32\msvcp_win.dll
0x00007ffb259b0000 - 0x00007ffb259bb000 	C:\WINDOWS\SYSTEM32\VERSION.dll
0x00007ffb36220000 - 0x00007ffb36252000 	C:\WINDOWS\System32\IMM32.DLL
0x00007ffb228d0000 - 0x00007ffb228dc000 	C:\Program Files\Java\jdk-21\bin\vcruntime140_1.dll
0x00007ffabf2e0000 - 0x00007ffabf36e000 	C:\Program Files\Java\jdk-21\bin\msvcp140.dll
0x00007ffabd3a0000 - 0x00007ffabe0b5000 	C:\Program Files\Java\jdk-21\bin\server\jvm.dll
0x00007ffb37b00000 - 0x00007ffb37b80000 	C:\WINDOWS\System32\WS2_32.dll
0x00007ffb34500000 - 0x00007ffb3455e000 	C:\WINDOWS\SYSTEM32\POWRPROF.dll
0x00007ffb2a330000 - 0x00007ffb2a366000 	C:\WINDOWS\SYSTEM32\WINMM.dll
0x00007ffb34370000 - 0x00007ffb34384000 	C:\WINDOWS\SYSTEM32\UMPDC.dll
0x00007ffb33c00000 - 0x00007ffb33c1b000 	C:\WINDOWS\SYSTEM32\kernel.appcore.dll
0x00007ffb1bf50000 - 0x00007ffb1bf5a000 	C:\Program Files\Java\jdk-21\bin\jimage.dll
0x00007ffb32520000 - 0x00007ffb32762000 	C:\WINDOWS\SYSTEM32\DBGHELP.DLL
0x00007ffb37770000 - 0x00007ffb37af3000 	C:\WINDOWS\System32\combase.dll
0x00007ffb37fc0000 - 0x00007ffb38099000 	C:\WINDOWS\System32\OLEAUT32.dll
0x00007ffb0cc00000 - 0x00007ffb0cc3b000 	C:\WINDOWS\SYSTEM32\dbgcore.DLL
0x00007ffb35450000 - 0x00007ffb354f8000 	C:\WINDOWS\System32\bcryptPrimitives.dll
0x00007ffaddfe0000 - 0x00007ffaddfef000 	C:\Program Files\Java\jdk-21\bin\instrument.dll
0x00007ffb19fb0000 - 0x00007ffb19fcf000 	C:\Program Files\Java\jdk-21\bin\java.dll
0x00007ffb36fd0000 - 0x00007ffb3773e000 	C:\WINDOWS\System32\SHELL32.dll
0x00007ffb35500000 - 0x00007ffb35d6c000 	C:\WINDOWS\System32\windows.storage.dll
0x00007ffb38120000 - 0x00007ffb38216000 	C:\WINDOWS\System32\SHCORE.dll
0x00007ffb36e60000 - 0x00007ffb36ec6000 	C:\WINDOWS\System32\shlwapi.dll
0x00007ffb34d90000 - 0x00007ffb34db9000 	C:\WINDOWS\SYSTEM32\profapi.dll
0x00007ffabfe40000 - 0x00007ffabff17000 	C:\Program Files\Java\jdk-21\bin\jsvml.dll
0x00007ffb15660000 - 0x00007ffb15678000 	C:\Program Files\Java\jdk-21\bin\zip.dll
0x00007ffb1bef0000 - 0x00007ffb1bf00000 	C:\Program Files\Java\jdk-21\bin\net.dll
0x00007ffb2e690000 - 0x00007ffb2e7b9000 	C:\WINDOWS\SYSTEM32\WINHTTP.dll
0x00007ffb341e0000 - 0x00007ffb3424c000 	C:\WINDOWS\system32\mswsock.dll
0x00007ffb15d30000 - 0x00007ffb15d46000 	C:\Program Files\Java\jdk-21\bin\nio.dll
0x00007ffb1b130000 - 0x00007ffb1b140000 	C:\Program Files\Java\jdk-21\bin\verify.dll
0x00007ffaf6dd0000 - 0x00007ffaf6df7000 	C:\Users\MSII\.gradle\native\1def1411415f61bf3af743bc5b6707747c0891f09f0c88961ee8f79bc544acac\windows-amd64\native-platform.dll
0x00007ffabeb80000 - 0x00007ffabebf8000 	C:\Users\MSII\.gradle\native\0.2.7\x86_64-windows-gnu\gradle-fileevents.dll
0x00007ffaf6c40000 - 0x00007ffaf6c4a000 	C:\Program Files\Java\jdk-21\bin\management.dll
0x00007ffaf6c30000 - 0x00007ffaf6c3b000 	C:\Program Files\Java\jdk-21\bin\management_ext.dll
0x00007ffb37e10000 - 0x00007ffb37e18000 	C:\WINDOWS\System32\PSAPI.DLL
0x00007ffb33680000 - 0x00007ffb336b2000 	C:\WINDOWS\SYSTEM32\IPHLPAPI.DLL
0x00007ffb37ee0000 - 0x00007ffb37eea000 	C:\WINDOWS\System32\NSI.dll
0x00007ffb1a630000 - 0x00007ffb1a637000 	C:\Program Files\Java\jdk-21\bin\extnet.dll
0x00007ffb34570000 - 0x00007ffb3458b000 	C:\WINDOWS\SYSTEM32\CRYPTSP.dll
0x00007ffb33b60000 - 0x00007ffb33b99000 	C:\WINDOWS\system32\rsaenh.dll
0x00007ffb34290000 - 0x00007ffb342c3000 	C:\WINDOWS\SYSTEM32\USERENV.dll
0x00007ffb34d60000 - 0x00007ffb34d8a000 	C:\WINDOWS\SYSTEM32\bcrypt.dll
0x00007ffb34590000 - 0x00007ffb3459c000 	C:\WINDOWS\SYSTEM32\CRYPTBASE.dll
0x00007ffb2fce0000 - 0x00007ffb2fcee000 	C:\Program Files\Java\jdk-21\bin\sunmscapi.dll
0x00007ffb35f50000 - 0x00007ffb360c8000 	C:\WINDOWS\System32\CRYPT32.dll
0x00007ffb34790000 - 0x00007ffb347c0000 	C:\WINDOWS\SYSTEM32\ncrypt.dll
0x00007ffb34740000 - 0x00007ffb3477f000 	C:\WINDOWS\SYSTEM32\NTASN1.dll
0x00007ffb21970000 - 0x00007ffb21978000 	C:\WINDOWS\system32\wshunix.dll
0x00007ffb05f40000 - 0x00007ffb05f58000 	C:\WINDOWS\system32\napinsp.dll
0x00007ffb336c0000 - 0x00007ffb337f2000 	C:\WINDOWS\SYSTEM32\DNSAPI.dll
0x00007ffb05f20000 - 0x00007ffb05f33000 	C:\WINDOWS\System32\winrnr.dll
0x00007ffb05e30000 - 0x00007ffb05e52000 	C:\WINDOWS\system32\nlansp_c.dll
0x00007ffb2c240000 - 0x00007ffb2c256000 	C:\WINDOWS\system32\wshbth.dll
0x00007ffb2cab0000 - 0x00007ffb2cabb000 	C:\Windows\System32\rasadhlp.dll
0x00007ffb2ebc0000 - 0x00007ffb2ec46000 	C:\WINDOWS\System32\fwpuclnt.dll

dbghelp: loaded successfully - version: 4.0.5 - missing functions: none
symbol engine: initialized successfully - sym options: 0x614 - pdb path: .;C:\Program Files\Java\jdk-21\bin;C:\WINDOWS\SYSTEM32;C:\WINDOWS\WinSxS\amd64_microsoft.windows.common-controls_6595b64144ccf1df_6.0.26100.8457_none_3e0b2faee331e92d;C:\Program Files\Java\jdk-21\bin\server;C:\Users\MSII\.gradle\native\1def1411415f61bf3af743bc5b6707747c0891f09f0c88961ee8f79bc544acac\windows-amd64;C:\Users\MSII\.gradle\native\0.2.7\x86_64-windows-gnu

VM Arguments:
jvm_args: --add-opens=java.base/java.lang=ALL-UNNAMED --add-opens=java.base/java.lang.invoke=ALL-UNNAMED --add-opens=java.base/java.util=ALL-UNNAMED --add-opens=java.prefs/java.util.prefs=ALL-UNNAMED --add-exports=jdk.compiler/com.sun.tools.javac.api=ALL-UNNAMED --add-exports=jdk.compiler/com.sun.tools.javac.util=ALL-UNNAMED --add-opens=java.base/java.util=ALL-UNNAMED --add-opens=java.prefs/java.util.prefs=ALL-UNNAMED --add-opens=java.base/java.nio.charset=ALL-UNNAMED --add-opens=java.base/java.net=ALL-UNNAMED --add-opens=java.base/java.util.concurrent.atomic=ALL-UNNAMED --add-opens=java.xml/javax.xml.namespace=ALL-UNNAMED -XX:MaxMetaspaceSize=4G -XX:ReservedCodeCacheSize=512m -XX:+HeapDumpOnOutOfMemoryError -Xmx8G -Dfile.encoding=UTF-8 -Duser.country=US -Duser.language=en -Duser.variant -javaagent:C:\Users\MSII\.gradle\wrapper\dists\gradle-8.14-all\c2qonpi39x1mddn7hk5gh9iqj\gradle-8.14\lib\agents\gradle-instrumentation-agent-8.14.jar 
java_command: org.gradle.launcher.daemon.bootstrap.GradleDaemon 8.14
java_class_path (initial): C:\Users\MSII\.gradle\wrapper\dists\gradle-8.14-all\c2qonpi39x1mddn7hk5gh9iqj\gradle-8.14\lib\gradle-daemon-main-8.14.jar
Launcher Type: SUN_STANDARD

[Global flags]
     intx CICompilerCount                          = 4                                         {product} {ergonomic}
     uint ConcGCThreads                            = 3                                         {product} {ergonomic}
     uint G1ConcRefinementThreads                  = 10                                        {product} {ergonomic}
   size_t G1HeapRegionSize                         = 4194304                                   {product} {ergonomic}
    uintx GCDrainStackTargetSize                   = 64                                        {product} {ergonomic}
     bool HeapDumpOnOutOfMemoryError               = true                                   {manageable} {command line}
   size_t InitialHeapSize                          = 264241152                                 {product} {ergonomic}
   size_t MarkStackSize                            = 4194304                                   {product} {ergonomic}
   size_t MaxHeapSize                              = 8589934592                                {product} {command line}
   size_t MaxMetaspaceSize                         = 4294967296                                {product} {command line}
   size_t MaxNewSize                               = 5150605312                                {product} {ergonomic}
   size_t MinHeapDeltaBytes                        = 4194304                                   {product} {ergonomic}
   size_t MinHeapSize                              = 8388608                                   {product} {ergonomic}
    uintx NonNMethodCodeHeapSize                   = 5839372                                {pd product} {ergonomic}
    uintx NonProfiledCodeHeapSize                  = 265515770                              {pd product} {ergonomic}
    uintx ProfiledCodeHeapSize                     = 265515770                              {pd product} {ergonomic}
    uintx ReservedCodeCacheSize                    = 536870912                              {pd product} {command line}
     bool SegmentedCodeCache                       = true                                      {product} {ergonomic}
   size_t SoftMaxHeapSize                          = 8589934592                             {manageable} {ergonomic}
     bool UseCompressedOops                        = true                           {product lp64_product} {ergonomic}
     bool UseG1GC                                  = true                                      {product} {ergonomic}
     bool UseLargePagesIndividualAllocation        = false                                  {pd product} {ergonomic}

Logging:
Log output configuration:
 #0: stdout all=warning uptime,level,tags foldmultilines=false
 #1: stderr all=off uptime,level,tags foldmultilines=false

Environment Variables:
PATH=C:\Users\MSII\AppData\Local\Programs\Microsoft VS Code;C:\Program Files\Common Files\Oracle\Java\javapath;C:\Program Files (x86)\Common Files\Oracle\Java\java8path;C:\Program Files (x86)\Common Files\Oracle\Java\javapath;C:\Windows\system32;C:\Windows;C:\Windows\System32\Wbem;C:\Windows\System32\WindowsPowerShell\v1.0\;C:\Windows\System32\OpenSSH\;C:\Program Files (x86)\NVIDIA Corporation\PhysX\Common;C:\Program Files\NVIDIA Corporation\NVIDIA NvDLISR;C:\WINDOWS\system32;C:\WINDOWS;C:\WINDOWS\System32\Wbem;C:\WINDOWS\System32\WindowsPowerShell\v1.0\;C:\WINDOWS\System32\OpenSSH\;C:\Program Files\dotnet\;C:\Program Files (x86)\Windows Kits\10\Windows Performance Toolkit\;C:\Program Files\Git\cmd;C:\Program Files\Go\bin;C:\Program Files\nodejs\;C:\Program Files\Docker\Docker\resources\bin;C:\Program Files\k6\;C:\Users\MSII\scoop\shims;C:\Users\MSII\AppData\Local\Programs\Python\Python312\Scripts\;C:\Users\MSII\AppData\Local\Programs\Python\Python312\;C:\Users\MSII\AppData\Local\Programs\Python\Launcher\;C:\Users\MSII\AppData\Local\Microsoft\WindowsApps;C:\Users\MSII\AppData\Local\Programs\Microsoft VS Code\bin;C:\dev\flutter\bin;C:\Users\MSII\go\bin;C:\Users\MSII\AppData\Roaming\npm;C:\Users\MSII\AppData\Local\Pub\Cache\bin;
USERNAME=MSII
OS=Windows_NT
PROCESSOR_IDENTIFIER=Intel64 Family 6 Model 154 Stepping 3, GenuineIntel
TMP=C:\Users\MSII\AppData\Local\Temp
TEMP=C:\Users\MSII\AppData\Local\Temp




Periodic native trim disabled

---------------  S Y S T E M  ---------------

OS:
 Windows 11 , 64 bit Build 26100 (10.0.26100.8328)
OS uptime: 0 days 15:06 hours
Hyper-V role detected

CPU: total 12 (initial active 12) (6 cores per cpu, 2 threads per core) family 6 model 154 stepping 3 microcode 0x424, cx8, cmov, fxsr, ht, mmx, 3dnowpref, sse, sse2, sse3, ssse3, sse4.1, sse4.2, popcnt, lzcnt, tsc, tscinvbit, avx, avx2, aes, erms, clmul, bmi1, bmi2, adx, sha, fma, vzeroupper, clflush, clflushopt, clwb, hv, serialize, rdtscp, rdpid, fsrm, f16c, cet_ibt, cet_ss
Processor Information for all 12 processors :
  Max Mhz: 2000, Current Mhz: 2000, Mhz Limit: 2000

Memory: 4k page, system-wide physical 16087M (672M free)
TotalPageFile size 34933M (AvailPageFile size 0M)
current process WorkingSet (physical memory assigned to process): 395M, peak: 395M
current process commit charge ("private bytes"): 440M, peak: 440M

vm_info: Java HotSpot(TM) 64-Bit Server VM (21.0.1+12-LTS-29) for windows-amd64 JRE (21.0.1+12-LTS-29), built on 2023-10-05T13:27:09Z by "mach5one" with MS VC++ 17.1 (VS2022)

END.
